Archive member included to satisfy reference by file (symbol)

C:\Users\tilo\workspace_arduino\ArduinoCoreFiles\328P_16MHz\libArduinoCoreFiles.a(HardwareSerial.o)
                              ./src/main.o (_ZN14HardwareSerial5beginEmh)
C:\Users\tilo\workspace_arduino\ArduinoCoreFiles\328P_16MHz\libArduinoCoreFiles.a(HardwareSerial0.o)
                              ./src/Test.o (Serial)
C:\Users\tilo\workspace_arduino\ArduinoCoreFiles\328P_16MHz\libArduinoCoreFiles.a(Print.o)
                              C:\Users\tilo\workspace_arduino\ArduinoCoreFiles\328P_16MHz\libArduinoCoreFiles.a(HardwareSerial.o) (_ZN5Print5writeEPKhj)
C:\Users\tilo\workspace_arduino\ArduinoCoreFiles\328P_16MHz\libArduinoCoreFiles.a(WString.o)
                              ./src/main.o (_ZplRK15StringSumHelperPKc)
C:\Users\tilo\workspace_arduino\ArduinoCoreFiles\328P_16MHz\libArduinoCoreFiles.a(abi.o)
                              C:\Users\tilo\workspace_arduino\ArduinoCoreFiles\328P_16MHz\libArduinoCoreFiles.a(HardwareSerial0.o) (__cxa_pure_virtual)
C:\Users\tilo\workspace_arduino\ArduinoCoreFiles\328P_16MHz\libArduinoCoreFiles.a(main.o)
                              c:/program files (x86)/arduino/hardware/tools/avr/bin/../lib/gcc/avr/4.9.2/../../../../avr/lib/avr5/crtatmega328p.o (main)
C:\Users\tilo\workspace_arduino\ArduinoCoreFiles\328P_16MHz\libArduinoCoreFiles.a(wiring.o)
                              C:\Users\tilo\workspace_arduino\ArduinoCoreFiles\328P_16MHz\libArduinoCoreFiles.a(main.o) (init)
C:\Users\tilo\workspace_arduino\ArduinoCoreFiles\328P_16MHz\libArduinoCoreFiles.a(hooks.o)
                              C:\Users\tilo\workspace_arduino\ArduinoCoreFiles\328P_16MHz\libArduinoCoreFiles.a(wiring.o) (yield)
c:/program files (x86)/arduino/hardware/tools/avr/bin/../lib/gcc/avr/4.9.2/avr5\libgcc.a(_udivmodsi4.o)
                              C:\Users\tilo\workspace_arduino\ArduinoCoreFiles\328P_16MHz\libArduinoCoreFiles.a(HardwareSerial.o) (__udivmodsi4)
c:/program files (x86)/arduino/hardware/tools/avr/bin/../lib/gcc/avr/4.9.2/avr5\libgcc.a(_exit.o)
                              c:/program files (x86)/arduino/hardware/tools/avr/bin/../lib/gcc/avr/4.9.2/../../../../avr/lib/avr5/crtatmega328p.o (exit)
c:/program files (x86)/arduino/hardware/tools/avr/bin/../lib/gcc/avr/4.9.2/avr5\libgcc.a(_copy_data.o)
                              ./src/Test.o (__do_copy_data)
c:/program files (x86)/arduino/hardware/tools/avr/bin/../lib/gcc/avr/4.9.2/avr5\libgcc.a(_clear_bss.o)
                              C:\Users\tilo\workspace_arduino\ArduinoCoreFiles\328P_16MHz\libArduinoCoreFiles.a(HardwareSerial0.o) (__do_clear_bss)
c:/program files (x86)/arduino/hardware/tools/avr/bin/../lib/gcc/avr/4.9.2/avr5\libgcc.a(_ctors.o)
                              C:\Users\tilo\workspace_arduino\ArduinoCoreFiles\328P_16MHz\libArduinoCoreFiles.a(HardwareSerial0.o) (__do_global_ctors)
c:/program files (x86)/arduino/hardware/tools/avr/bin/../lib/gcc/avr/4.9.2/avr5\libgcc.a(_tablejump2.o)
                              c:/program files (x86)/arduino/hardware/tools/avr/bin/../lib/gcc/avr/4.9.2/avr5\libgcc.a(_ctors.o) (__tablejump2__)
c:/program files (x86)/arduino/hardware/tools/avr/bin/../lib/gcc/avr/4.9.2/../../../../avr/lib/avr5\libm.a(addsf3.o)
                              C:\Users\tilo\workspace_arduino\ArduinoCoreFiles\328P_16MHz\libArduinoCoreFiles.a(Print.o) (__subsf3)
c:/program files (x86)/arduino/hardware/tools/avr/bin/../lib/gcc/avr/4.9.2/../../../../avr/lib/avr5\libm.a(addsf3x.o)
                              c:/program files (x86)/arduino/hardware/tools/avr/bin/../lib/gcc/avr/4.9.2/../../../../avr/lib/avr5\libm.a(addsf3.o) (__addsf3x)
c:/program files (x86)/arduino/hardware/tools/avr/bin/../lib/gcc/avr/4.9.2/../../../../avr/lib/avr5\libm.a(cmpsf2.o)
                              C:\Users\tilo\workspace_arduino\ArduinoCoreFiles\328P_16MHz\libArduinoCoreFiles.a(Print.o) (__ltsf2)
c:/program files (x86)/arduino/hardware/tools/avr/bin/../lib/gcc/avr/4.9.2/../../../../avr/lib/avr5\libm.a(divsf3.o)
                              C:\Users\tilo\workspace_arduino\ArduinoCoreFiles\328P_16MHz\libArduinoCoreFiles.a(Print.o) (__divsf3)
c:/program files (x86)/arduino/hardware/tools/avr/bin/../lib/gcc/avr/4.9.2/../../../../avr/lib/avr5\libm.a(divsf3x.o)
                              c:/program files (x86)/arduino/hardware/tools/avr/bin/../lib/gcc/avr/4.9.2/../../../../avr/lib/avr5\libm.a(divsf3.o) (__divsf3x)
c:/program files (x86)/arduino/hardware/tools/avr/bin/../lib/gcc/avr/4.9.2/../../../../avr/lib/avr5\libm.a(fixunssfsi.o)
                              C:\Users\tilo\workspace_arduino\ArduinoCoreFiles\328P_16MHz\libArduinoCoreFiles.a(Print.o) (__fixunssfsi)
c:/program files (x86)/arduino/hardware/tools/avr/bin/../lib/gcc/avr/4.9.2/../../../../avr/lib/avr5\libm.a(floatsisf.o)
                              C:\Users\tilo\workspace_arduino\ArduinoCoreFiles\328P_16MHz\libArduinoCoreFiles.a(Print.o) (__floatunsisf)
[...]
Memory Configuration

Name             Origin             Length             Attributes
text             0x00000000         0x00020000         xr
data             0x00800060         0x0000ffa0         rw !x
eeprom           0x00810000         0x00010000         rw !x
fuse             0x00820000         0x00000400         rw !x
lock             0x00830000         0x00000400         rw !x
signature        0x00840000         0x00000400         rw !x
*default*        0x00000000         0xffffffff

Linker script and memory map

Address of section .data set to 0x800100
LOAD c:/program files (x86)/arduino/hardware/tools/avr/bin/../lib/gcc/avr/4.9.2/../../../../avr/lib/avr5/crtatmega328p.o
LOAD ./src/Test.o
LOAD ./src/main.o
LOAD C:\Users\tilo\workspace_arduino\ArduinoCoreFiles\328P_16MHz\libArduinoCoreFiles.a
LOAD c:/program files (x86)/arduino/hardware/tools/avr/bin/../lib/gcc/avr/4.9.2/avr5\libgcc.a
LOAD c:/program files (x86)/arduino/hardware/tools/avr/bin/../lib/gcc/avr/4.9.2/../../../../avr/lib/avr5\libm.a
START GROUP
LOAD c:/program files (x86)/arduino/hardware/tools/avr/bin/../lib/gcc/avr/4.9.2/avr5\libgcc.a
LOAD c:/program files (x86)/arduino/hardware/tools/avr/bin/../lib/gcc/avr/4.9.2/../../../../avr/lib/avr5\libm.a
LOAD c:/program files (x86)/arduino/hardware/tools/avr/bin/../lib/gcc/avr/4.9.2/../../../../avr/lib/avr5\libc.a
LOAD c:/program files (x86)/arduino/hardware/tools/avr/bin/../lib/gcc/avr/4.9.2/../../../../avr/lib/avr5\libatmega328p.a
END GROUP

.hash
 *(.hash)

.dynsym
 *(.dynsym)

.dynstr
 *(.dynstr)

.gnu.version
 *(.gnu.version)

.gnu.version_d
 *(.gnu.version_d)

.gnu.version_r
 *(.gnu.version_r)

.rel.init
 *(.rel.init)

.rela.init
 *(.rela.init)

.rel.text
 *(.rel.text)
 *(.rel.text.*)
 *(.rel.gnu.linkonce.t*)

.rela.text
 *(.rela.text)
 *(.rela.text.*)
 *(.rela.gnu.linkonce.t*)

.rel.fini
 *(.rel.fini)

.rela.fini
 *(.rela.fini)

.rel.rodata
 *(.rel.rodata)
 *(.rel.rodata.*)
 *(.rel.gnu.linkonce.r*)

.rela.rodata
 *(.rela.rodata)
 *(.rela.rodata.*)
 *(.rela.gnu.linkonce.r*)

.rel.data
 *(.rel.data)
 *(.rel.data.*)
 *(.rel.gnu.linkonce.d*)

.rela.data
 *(.rela.data)
 *(.rela.data.*)
 *(.rela.gnu.linkonce.d*)

.rel.ctors
 *(.rel.ctors)

.rela.ctors
 *(.rela.ctors)

.rel.dtors
 *(.rel.dtors)

.rela.dtors
 *(.rela.dtors)

.rel.got
 *(.rel.got)

.rela.got
 *(.rela.got)

.rel.bss
 *(.rel.bss)

.rela.bss
 *(.rela.bss)

.rel.plt
 *(.rel.plt)

.rela.plt
 *(.rela.plt)

.text           0x00000000      0xe56
 *(.vectors)
 .vectors       0x00000000       0x68 c:/program files (x86)/arduino/hardware/tools/avr/bin/../lib/gcc/avr/4.9.2/../../../../avr/lib/avr5/crtatmega328p.o
                0x00000000                __vector_default
                0x00000000                __vectors
 *(.vectors)
 *(.progmem.gcc*)
                0x00000068                . = ALIGN (0x2)
                0x00000068                __trampolines_start = .
 *(.trampolines)
 .trampolines   0x00000068        0x0 linker stubs
 *(.trampolines*)
                0x00000068                __trampolines_end = .
 *(.progmem*)
                0x00000068                . = ALIGN (0x2)
 *(.jumptables)
 *(.jumptables*)
 *(.lowtext)
 *(.lowtext*)
                0x00000068                __ctors_start = .
 *(.ctors)
 .ctors         0x00000068        0x2 C:\Users\tilo\workspace_arduino\ArduinoCoreFiles\328P_16MHz\libArduinoCoreFiles.a(HardwareSerial0.o)
                0x0000006a                __ctors_end = .
                0x0000006a                __dtors_start = .
 *(.dtors)
                0x0000006a                __dtors_end = .
 SORT(*)(.ctors)
 SORT(*)(.dtors)
 *(.init0)
 .init0         0x0000006a        0x0 c:/program files (x86)/arduino/hardware/tools/avr/bin/../lib/gcc/avr/4.9.2/../../../../avr/lib/avr5/crtatmega328p.o
                0x0000006a                __init
 *(.init0)
 *(.init1)
 *(.init1)
 *(.init2)
 .init2         0x0000006a        0xc c:/program files (x86)/arduino/hardware/tools/avr/bin/../lib/gcc/avr/4.9.2/../../../../avr/lib/avr5/crtatmega328p.o
 *(.init2)
 *(.init3)
 *(.init3)
 *(.init4)
 .init4         0x00000076       0x16 c:/program files (x86)/arduino/hardware/tools/avr/bin/../lib/gcc/avr/4.9.2/avr5\libgcc.a(_copy_data.o)
                0x00000076                __do_copy_data
 .init4         0x0000008c       0x10 c:/program files (x86)/arduino/hardware/tools/avr/bin/../lib/gcc/avr/4.9.2/avr5\libgcc.a(_clear_bss.o)
                0x0000008c                __do_clear_bss
 *(.init4)
 *(.init5)
 *(.init5)
 *(.init6)
 .init6         0x0000009c       0x14 c:/program files (x86)/arduino/hardware/tools/avr/bin/../lib/gcc/avr/4.9.2/avr5\libgcc.a(_ctors.o)
                0x0000009c                __do_global_ctors
 *(.init6)
 *(.init7)
 *(.init7)
 *(.init8)
 *(.init8)
 *(.init9)
 .init9         0x000000b0        0x4 c:/program files (x86)/arduino/hardware/tools/avr/bin/../lib/gcc/avr/4.9.2/../../../../avr/lib/avr5/crtatmega328p.o
 *(.init9)
 *(.text)
 .text          0x000000b4        0x2 c:/program files (x86)/arduino/hardware/tools/avr/bin/../lib/gcc/avr/4.9.2/../../../../avr/lib/avr5/crtatmega328p.o
                0x000000b4                __vector_22
                0x000000b4                __vector_1
                0x000000b4                __vector_24
                0x000000b4                __vector_12
                0x000000b4                __bad_interrupt
                0x000000b4                __vector_6
                0x000000b4                __vector_3
                0x000000b4                __vector_23
                0x000000b4                __vector_25
                0x000000b4                __vector_11
                0x000000b4                __vector_13
                0x000000b4                __vector_17
                0x000000b4                __vector_7
                0x000000b4                __vector_5
                0x000000b4                __vector_4
                0x000000b4                __vector_9
                0x000000b4                __vector_2
                0x000000b4                __vector_21
                0x000000b4                __vector_15
                0x000000b4                __vector_8
                0x000000b4                __vector_14
                0x000000b4                __vector_10
                0x000000b4                __vector_20
                0x000000b6                . = ALIGN (0x2)
 *(.text.*)
 .text.setup    0x000000b6       0x10 ./src/main.o
                0x000000b6                setup
 .text.loop     0x000000c6       0x76 ./src/main.o
                0x000000c6                loop
 .text._ZN14HardwareSerial17_tx_udr_empty_irqEv
                0x0000013c       0x60 C:\Users\tilo\workspace_arduino\ArduinoCoreFiles\328P_16MHz\libArduinoCoreFiles.a(HardwareSerial.o)
                0x0000013c                _ZN14HardwareSerial17_tx_udr_empty_irqEv
 .text._ZN14HardwareSerial5beginEmh
                0x0000019c       0xc4 C:\Users\tilo\workspace_arduino\ArduinoCoreFiles\328P_16MHz\libArduinoCoreFiles.a(HardwareSerial.o)
                0x0000019c                _ZN14HardwareSerial5beginEmh
 .text._ZN14HardwareSerial9availableEv
                0x00000260       0x18 C:\Users\tilo\workspace_arduino\ArduinoCoreFiles\328P_16MHz\libArduinoCoreFiles.a(HardwareSerial.o)
                0x00000260                _ZN14HardwareSerial9availableEv
 .text._ZN14HardwareSerial4peekEv
                0x00000278       0x20 C:\Users\tilo\workspace_arduino\ArduinoCoreFiles\328P_16MHz\libArduinoCoreFiles.a(HardwareSerial.o)
                0x00000278                _ZN14HardwareSerial4peekEv
 .text._ZN14HardwareSerial4readEv
                0x00000298       0x3c C:\Users\tilo\workspace_arduino\ArduinoCoreFiles\328P_16MHz\libArduinoCoreFiles.a(HardwareSerial.o)
                0x00000298                _ZN14HardwareSerial4readEv
 .text._ZN14HardwareSerial5flushEv
                0x000002d4       0x44 C:\Users\tilo\workspace_arduino\ArduinoCoreFiles\328P_16MHz\libArduinoCoreFiles.a(HardwareSerial.o)
                0x000002d4                _ZN14HardwareSerial5flushEv
 .text._ZN14HardwareSerial5writeEh
                0x00000318       0x7c C:\Users\tilo\workspace_arduino\ArduinoCoreFiles\328P_16MHz\libArduinoCoreFiles.a(HardwareSerial.o)
                0x00000318                _ZN14HardwareSerial5writeEh
 .text._Z14serialEventRunv
                0x00000394       0x1c C:\Users\tilo\workspace_arduino\ArduinoCoreFiles\328P_16MHz\libArduinoCoreFiles.a(HardwareSerial.o)
                0x00000394                _Z14serialEventRunv
 .text.__vector_18
                0x000003b0       0x6c C:\Users\tilo\workspace_arduino\ArduinoCoreFiles\328P_16MHz\libArduinoCoreFiles.a(HardwareSerial0.o)
                0x000003b0                __vector_18
 .text._GLOBAL__I___vector_18
                0x0000041c       0x86 C:\Users\tilo\workspace_arduino\ArduinoCoreFiles\328P_16MHz\libArduinoCoreFiles.a(HardwareSerial0.o)
 .text._Z17Serial0_availablev
                0x000004a2       0x12 C:\Users\tilo\workspace_arduino\ArduinoCoreFiles\328P_16MHz\libArduinoCoreFiles.a(HardwareSerial0.o)
                0x000004a2                _Z17Serial0_availablev
 .text.__vector_19
                0x000004b4       0x4a C:\Users\tilo\workspace_arduino\ArduinoCoreFiles\328P_16MHz\libArduinoCoreFiles.a(HardwareSerial0.o)
                0x000004b4                __vector_19
 .text._ZN5Print5writeEPKhj
                0x000004fe       0x54 C:\Users\tilo\workspace_arduino\ArduinoCoreFiles\328P_16MHz\libArduinoCoreFiles.a(Print.o)
                0x000004fe                _ZN5Print5writeEPKhj
 .text._ZN5Print5printERK6String
                0x00000552       0x24 C:\Users\tilo\workspace_arduino\ArduinoCoreFiles\328P_16MHz\libArduinoCoreFiles.a(Print.o)
                0x00000552                _ZN5Print5printERK6String
 .text._ZN5Print5writeEPKc
                0x00000576       0x38 C:\Users\tilo\workspace_arduino\ArduinoCoreFiles\328P_16MHz\libArduinoCoreFiles.a(Print.o)
                0x00000576                _ZN5Print5writeEPKc
 .text._ZN5Print7printlnEv
                0x000005ae        0x6 C:\Users\tilo\workspace_arduino\ArduinoCoreFiles\328P_16MHz\libArduinoCoreFiles.a(Print.o)
                0x000005ae                _ZN5Print7printlnEv
 .text._ZN5Print7printlnERK6String
                0x000005b4       0x24 C:\Users\tilo\workspace_arduino\ArduinoCoreFiles\328P_16MHz\libArduinoCoreFiles.a(Print.o)
                0x000005b4                _ZN5Print7printlnERK6String
 .text._ZN6String12changeBufferEj
                0x000005d8       0x32 C:\Users\tilo\workspace_arduino\ArduinoCoreFiles\328P_16MHz\libArduinoCoreFiles.a(WString.o)
                0x000005d8                _ZN6String12changeBufferEj
 .text._ZN6String7reserveEj
                0x0000060a       0x36 C:\Users\tilo\workspace_arduino\ArduinoCoreFiles\328P_16MHz\libArduinoCoreFiles.a(WString.o)
                0x0000060a                _ZN6String7reserveEj
 .text._ZN6String6concatEPKcj
                0x00000640       0x56 C:\Users\tilo\workspace_arduino\ArduinoCoreFiles\328P_16MHz\libArduinoCoreFiles.a(WString.o)
                0x00000640                _ZN6String6concatEPKcj
 .text._ZN6String10invalidateEv
                0x00000696       0x22 C:\Users\tilo\workspace_arduino\ArduinoCoreFiles\328P_16MHz\libArduinoCoreFiles.a(WString.o)
                0x00000696                _ZN6String10invalidateEv
 .text._ZplRK15StringSumHelperPKc
                0x000006b8       0x34 C:\Users\tilo\workspace_arduino\ArduinoCoreFiles\328P_16MHz\libArduinoCoreFiles.a(WString.o)
                0x000006b8                _ZplRK15StringSumHelperPKc
 .text._ZN6String4copyEPKcj
                0x000006ec       0x3c C:\Users\tilo\workspace_arduino\ArduinoCoreFiles\328P_16MHz\libArduinoCoreFiles.a(WString.o)
                0x000006ec                _ZN6String4copyEPKcj
 .text._ZN6StringC1EPKc
                0x00000728       0x30 C:\Users\tilo\workspace_arduino\ArduinoCoreFiles\328P_16MHz\libArduinoCoreFiles.a(WString.o)
                0x00000728                _ZN6StringC1EPKc
 .text._ZN6StringaSERKS_
                0x00000758       0x2a C:\Users\tilo\workspace_arduino\ArduinoCoreFiles\328P_16MHz\libArduinoCoreFiles.a(WString.o)
                0x00000758                _ZN6StringaSERKS_
 .text._ZN6StringC1ERKS_
                0x00000782       0x10 C:\Users\tilo\workspace_arduino\ArduinoCoreFiles\328P_16MHz\libArduinoCoreFiles.a(WString.o)
                0x00000782                _ZN6StringC1ERKS_
 .text._ZN6StringC2ERKS_
                0x00000792       0x10 C:\Users\tilo\workspace_arduino\ArduinoCoreFiles\328P_16MHz\libArduinoCoreFiles.a(WString.o)
                0x00000792                _ZN6StringC2ERKS_
 .text._ZN6StringD1Ev
                0x000007a2        0x8 C:\Users\tilo\workspace_arduino\ArduinoCoreFiles\328P_16MHz\libArduinoCoreFiles.a(WString.o)
                0x000007a2                _ZN6StringD1Ev
 .text._ZN6StringD2Ev
                0x000007aa        0x8 C:\Users\tilo\workspace_arduino\ArduinoCoreFiles\328P_16MHz\libArduinoCoreFiles.a(WString.o)
                0x000007aa                _ZN6StringD2Ev
 .text.initVariant
                0x000007b2        0x2 C:\Users\tilo\workspace_arduino\ArduinoCoreFiles\328P_16MHz\libArduinoCoreFiles.a(main.o)
                0x000007b2                initVariant
 .text.main     0x000007b4       0x18 C:\Users\tilo\workspace_arduino\ArduinoCoreFiles\328P_16MHz\libArduinoCoreFiles.a(main.o)
                0x000007b4                main
 .text.__vector_16
                0x000007cc       0x90 C:\Users\tilo\workspace_arduino\ArduinoCoreFiles\328P_16MHz\libArduinoCoreFiles.a(wiring.o)
                0x000007cc                __vector_16
 .text.micros   0x0000085c       0x4c C:\Users\tilo\workspace_arduino\ArduinoCoreFiles\328P_16MHz\libArduinoCoreFiles.a(wiring.o)
                0x0000085c                micros
 .text.init     0x000008a8       0x76 C:\Users\tilo\workspace_arduino\ArduinoCoreFiles\328P_16MHz\libArduinoCoreFiles.a(wiring.o)
                0x000008a8                init
 .text.delay    0x0000091e       0x74 C:\Users\tilo\workspace_arduino\ArduinoCoreFiles\328P_16MHz\libArduinoCoreFiles.a(wiring.o)
                0x0000091e                delay
 .text.__empty  0x00000992        0x2 C:\Users\tilo\workspace_arduino\ArduinoCoreFiles\328P_16MHz\libArduinoCoreFiles.a(hooks.o)
                0x00000992                yield
 .text.libgcc.div
                0x00000994       0x44 c:/program files (x86)/arduino/hardware/tools/avr/bin/../lib/gcc/avr/4.9.2/avr5\libgcc.a(_udivmodsi4.o)
                0x00000994                __udivmodsi4
 .text.libgcc   0x000009d8        0xc c:/program files (x86)/arduino/hardware/tools/avr/bin/../lib/gcc/avr/4.9.2/avr5\libgcc.a(_tablejump2.o)
                0x000009d8                __tablejump2__
 .text.avr-libc
                0x000009e4      0x25a c:/program files (x86)/arduino/hardware/tools/avr/bin/../lib/gcc/avr/4.9.2/../../../../avr/lib/avr5\libc.a(malloc.o)
                0x000009e4                malloc
                0x00000b0e                free
 .text.avr-libc
                0x00000c3e      0x186 c:/program files (x86)/arduino/hardware/tools/avr/bin/../lib/gcc/avr/4.9.2/../../../../avr/lib/avr5\libc.a(realloc.o)
                0x00000c3e                realloc
 .text.avr-libc
                0x00000dc4       0x12 c:/program files (x86)/arduino/hardware/tools/avr/bin/../lib/gcc/avr/4.9.2/../../../../avr/lib/avr5\libc.a(memcpy.o)
                0x00000dc4                memcpy
 .text.avr-libc
                0x00000dd6        0xe c:/program files (x86)/arduino/hardware/tools/avr/bin/../lib/gcc/avr/4.9.2/../../../../avr/lib/avr5\libc.a(strcpy.o)
                0x00000dd6                strcpy
 .text.libgcc.prologue
                0x00000de4       0x38 c:/program files (x86)/arduino/hardware/tools/avr/bin/../lib/gcc/avr/4.9.2/avr5\libgcc.a(_prologue.o)
                0x00000de4                __prologue_saves__
 .text.libgcc.prologue
                0x00000e1c       0x36 c:/program files (x86)/arduino/hardware/tools/avr/bin/../lib/gcc/avr/4.9.2/avr5\libgcc.a(_epilogue.o)
                0x00000e1c                __epilogue_restores__
                0x00000e52                . = ALIGN (0x2)
 *(.fini9)
 .fini9         0x00000e52        0x0 c:/program files (x86)/arduino/hardware/tools/avr/bin/../lib/gcc/avr/4.9.2/avr5\libgcc.a(_exit.o)
                0x00000e52                _exit
                0x00000e52                exit
 *(.fini9)
 *(.fini8)
 *(.fini8)
 *(.fini7)
 *(.fini7)
 *(.fini6)
 *(.fini6)
 *(.fini5)
 *(.fini5)
 *(.fini4)
 *(.fini4)
 *(.fini3)
 *(.fini3)
 *(.fini2)
 *(.fini2)
 *(.fini1)
 *(.fini1)
 *(.fini0)
 .fini0         0x00000e52        0x4 c:/program files (x86)/arduino/hardware/tools/avr/bin/../lib/gcc/avr/4.9.2/avr5\libgcc.a(_exit.o)
 *(.fini0)
                0x00000e56                _etext = .

.data           0x00800100       0x34 load address 0x00000e56
                0x00800100                PROVIDE (__data_start, .)
 *(.data)
 .data          0x00800100        0x0 c:/program files (x86)/arduino/hardware/tools/avr/bin/../lib/gcc/avr/4.9.2/../../../../avr/lib/avr5/crtatmega328p.o
 .data          0x00800100        0x4 ./src/Test.o
 .data          0x00800104        0x0 ./src/main.o
 .data          0x00800104        0x0 C:\Users\tilo\workspace_arduino\ArduinoCoreFiles\328P_16MHz\libArduinoCoreFiles.a(HardwareSerial.o)
 .data          0x00800104        0x0 C:\Users\tilo\workspace_arduino\ArduinoCoreFiles\328P_16MHz\libArduinoCoreFiles.a(HardwareSerial0.o)
 .data          0x00800104       0x11 C:\Users\tilo\workspace_arduino\ArduinoCoreFiles\328P_16MHz\libArduinoCoreFiles.a(Print.o)
 .data          0x00800115        0x1 C:\Users\tilo\workspace_arduino\ArduinoCoreFiles\328P_16MHz\libArduinoCoreFiles.a(WString.o)
 .data          0x00800116        0x0 C:\Users\tilo\workspace_arduino\ArduinoCoreFiles\328P_16MHz\libArduinoCoreFiles.a(abi.o)
 .data          0x00800116        0x0 C:\Users\tilo\workspace_arduino\ArduinoCoreFiles\328P_16MHz\libArduinoCoreFiles.a(main.o)
 .data          0x00800116        0x0 C:\Users\tilo\workspace_arduino\ArduinoCoreFiles\328P_16MHz\libArduinoCoreFiles.a(wiring.o)
 .data          0x00800116        0x0 C:\Users\tilo\workspace_arduino\ArduinoCoreFiles\328P_16MHz\libArduinoCoreFiles.a(hooks.o)
 .data          0x00800116        0x0 c:/program files (x86)/arduino/hardware/tools/avr/bin/../lib/gcc/avr/4.9.2/avr5\libgcc.a(_udivmodsi4.o)
 .data          0x00800116        0x0 c:/program files (x86)/arduino/hardware/tools/avr/bin/../lib/gcc/avr/4.9.2/avr5\libgcc.a(_exit.o)
 .data          0x00800116        0x0 c:/program files (x86)/arduino/hardware/tools/avr/bin/../lib/gcc/avr/4.9.2/avr5\libgcc.a(_copy_data.o)
 .data          0x00800116        0x0 c:/program files (x86)/arduino/hardware/tools/avr/bin/../lib/gcc/avr/4.9.2/avr5\libgcc.a(_clear_bss.o)
 .data          0x00800116        0x0 c:/program files (x86)/arduino/hardware/tools/avr/bin/../lib/gcc/avr/4.9.2/avr5\libgcc.a(_ctors.o)
 .data          0x00800116        0x0 c:/program files (x86)/arduino/hardware/tools/avr/bin/../lib/gcc/avr/4.9.2/avr5\libgcc.a(_tablejump2.o)
 .data          0x00800116        0x0 c:/program files (x86)/arduino/hardware/tools/avr/bin/../lib/gcc/avr/4.9.2/../../../../avr/lib/avr5\libm.a(addsf3.o)
 .data          0x00800116        0x0 c:/program files (x86)/arduino/hardware/tools/avr/bin/../lib/gcc/avr/4.9.2/../../../../avr/lib/avr5\libm.a(addsf3x.o)
 .data          0x00800116        0x0 c:/program files (x86)/arduino/hardware/tools/avr/bin/../lib/gcc/avr/4.9.2/../../../../avr/lib/avr5\libm.a(cmpsf2.o)
 .data          0x00800116        0x0 c:/program files (x86)/arduino/hardware/tools/avr/bin/../lib/gcc/avr/4.9.2/../../../../avr/lib/avr5\libm.a(divsf3.o)
 .data          0x00800116        0x0 c:/program files (x86)/arduino/hardware/tools/avr/bin/../lib/gcc/avr/4.9.2/../../../../avr/lib/avr5\libm.a(divsf3x.o)
 .data          0x00800116        0x0 c:/program files (x86)/arduino/hardware/tools/avr/bin/../lib/gcc/avr/4.9.2/../../../../avr/lib/avr5\libm.a(fixunssfsi.o)
 .data          0x00800116        0x0 c:/program files (x86)/arduino/hardware/tools/avr/bin/../lib/gcc/avr/4.9.2/../../../../avr/lib/avr5\libm.a(floatsisf.o)
 .data          0x00800116        0x0 c:/program files (x86)/arduino/hardware/tools/avr/bin/../lib/gcc/avr/4.9.2/../../../../avr/lib/avr5\libm.a(fp_cmp.o)
 .data          0x00800116        0x0 c:/program files (x86)/arduino/hardware/tools/avr/bin/../lib/gcc/avr/4.9.2/../../../../avr/lib/avr5\libm.a(fp_inf.o)
 .data          0x00800116        0x0 c:/program files (x86)/arduino/hardware/tools/avr/bin/../lib/gcc/avr/4.9.2/../../../../avr/lib/avr5\libm.a(fp_nan.o)
 .data          0x00800116        0x0 c:/program files (x86)/arduino/hardware/tools/avr/bin/../lib/gcc/avr/4.9.2/../../../../avr/lib/avr5\libm.a(fp_pscA.o)
 .data          0x00800116        0x0 c:/program files (x86)/arduino/hardware/tools/avr/bin/../lib/gcc/avr/4.9.2/../../../../avr/lib/avr5\libm.a(fp_pscB.o)
 .data          0x00800116        0x0 c:/program files (x86)/arduino/hardware/tools/avr/bin/../lib/gcc/avr/4.9.2/../../../../avr/lib/avr5\libm.a(fp_round.o)
 .data          0x00800116        0x0 c:/program files (x86)/arduino/hardware/tools/avr/bin/../lib/gcc/avr/4.9.2/../../../../avr/lib/avr5\libm.a(fp_split3.o)
 .data          0x00800116        0x0 c:/program files (x86)/arduino/hardware/tools/avr/bin/../lib/gcc/avr/4.9.2/../../../../avr/lib/avr5\libm.a(fp_zero.o)
 .data          0x00800116        0x0 c:/program files (x86)/arduino/hardware/tools/avr/bin/../lib/gcc/avr/4.9.2/../../../../avr/lib/avr5\libm.a(gesf2.o)
 .data          0x00800116        0x0 c:/program files (x86)/arduino/hardware/tools/avr/bin/../lib/gcc/avr/4.9.2/../../../../avr/lib/avr5\libm.a(mulsf3.o)
 .data          0x00800116        0x0 c:/program files (x86)/arduino/hardware/tools/avr/bin/../lib/gcc/avr/4.9.2/../../../../avr/lib/avr5\libm.a(mulsf3x.o)
 .data          0x00800116        0x0 c:/program files (x86)/arduino/hardware/tools/avr/bin/../lib/gcc/avr/4.9.2/../../../../avr/lib/avr5\libm.a(unordsf2.o)
 .data          0x00800116        0x0 c:/program files (x86)/arduino/hardware/tools/avr/bin/../lib/gcc/avr/4.9.2/../../../../avr/lib/avr5\libc.a(dtostrf.o)
 .data          0x00800116        0x6 c:/program files (x86)/arduino/hardware/tools/avr/bin/../lib/gcc/avr/4.9.2/../../../../avr/lib/avr5\libc.a(malloc.o)
                0x00800116                __malloc_heap_end
                0x00800118                __malloc_heap_start
                0x0080011a                __malloc_margin
 .data          0x0080011c        0x0 c:/program files (x86)/arduino/hardware/tools/avr/bin/../lib/gcc/avr/4.9.2/../../../../avr/lib/avr5\libc.a(realloc.o)
 .data          0x0080011c        0x0 c:/program files (x86)/arduino/hardware/tools/avr/bin/../lib/gcc/avr/4.9.2/../../../../avr/lib/avr5\libc.a(abort.o)
 .data          0x0080011c        0x0 c:/program files (x86)/arduino/hardware/tools/avr/bin/../lib/gcc/avr/4.9.2/../../../../avr/lib/avr5\libc.a(atof.o)
 .data          0x0080011c        0x0 c:/program files (x86)/arduino/hardware/tools/avr/bin/../lib/gcc/avr/4.9.2/../../../../avr/lib/avr5\libc.a(atol.o)
 .data          0x0080011c        0x0 c:/program files (x86)/arduino/hardware/tools/avr/bin/../lib/gcc/avr/4.9.2/../../../../avr/lib/avr5\libc.a(isspace.o)
 .data          0x0080011c        0x0 c:/program files (x86)/arduino/hardware/tools/avr/bin/../lib/gcc/avr/4.9.2/../../../../avr/lib/avr5\libc.a(tolower.o)
 .data          0x0080011c        0x0 c:/program files (x86)/arduino/hardware/tools/avr/bin/../lib/gcc/avr/4.9.2/../../../../avr/lib/avr5\libc.a(toupper.o)
 .data          0x0080011c        0x0 c:/program files (x86)/arduino/hardware/tools/avr/bin/../lib/gcc/avr/4.9.2/../../../../avr/lib/avr5\libc.a(strcpy_P.o)
 .data          0x0080011c        0x0 c:/program files (x86)/arduino/hardware/tools/avr/bin/../lib/gcc/avr/4.9.2/../../../../avr/lib/avr5\libc.a(memcpy.o)
 .data          0x0080011c        0x0 c:/program files (x86)/arduino/hardware/tools/avr/bin/../lib/gcc/avr/4.9.2/../../../../avr/lib/avr5\libc.a(memmove.o)
 .data          0x0080011c        0x0 c:/program files (x86)/arduino/hardware/tools/avr/bin/../lib/gcc/avr/4.9.2/../../../../avr/lib/avr5\libc.a(strchr.o)
 .data          0x0080011c        0x0 c:/program files (x86)/arduino/hardware/tools/avr/bin/../lib/gcc/avr/4.9.2/../../../../avr/lib/avr5\libc.a(strcmp.o)
 .data          0x0080011c        0x0 c:/program files (x86)/arduino/hardware/tools/avr/bin/../lib/gcc/avr/4.9.2/../../../../avr/lib/avr5\libc.a(strcpy.o)
 .data          0x0080011c        0x0 c:/program files (x86)/arduino/hardware/tools/avr/bin/../lib/gcc/avr/4.9.2/../../../../avr/lib/avr5\libc.a(strncmp.o)
 .data          0x0080011c        0x0 c:/program files (x86)/arduino/hardware/tools/avr/bin/../lib/gcc/avr/4.9.2/../../../../avr/lib/avr5\libc.a(strncpy.o)
 .data          0x0080011c        0x0 c:/program files (x86)/arduino/hardware/tools/avr/bin/../lib/gcc/avr/4.9.2/../../../../avr/lib/avr5\libc.a(strrchr.o)
 .data          0x0080011c        0x0 c:/program files (x86)/arduino/hardware/tools/avr/bin/../lib/gcc/avr/4.9.2/../../../../avr/lib/avr5\libc.a(strstr.o)
 .data          0x0080011c        0x0 c:/program files (x86)/arduino/hardware/tools/avr/bin/../lib/gcc/avr/4.9.2/../../../../avr/lib/avr5\libc.a(itoa.o)
 .data          0x0080011c        0x0 c:/program files (x86)/arduino/hardware/tools/avr/bin/../lib/gcc/avr/4.9.2/../../../../avr/lib/avr5\libc.a(itoa_ncheck.o)
 .data          0x0080011c        0x0 c:/program files (x86)/arduino/hardware/tools/avr/bin/../lib/gcc/avr/4.9.2/../../../../avr/lib/avr5\libc.a(ltoa.o)
 .data          0x0080011c        0x0 c:/program files (x86)/arduino/hardware/tools/avr/bin/../lib/gcc/avr/4.9.2/../../../../avr/lib/avr5\libc.a(ltoa_ncheck.o)
 .data          0x0080011c        0x0 c:/program files (x86)/arduino/hardware/tools/avr/bin/../lib/gcc/avr/4.9.2/../../../../avr/lib/avr5\libc.a(mulsi10.o)
 .data          0x0080011c        0x0 c:/program files (x86)/arduino/hardware/tools/avr/bin/../lib/gcc/avr/4.9.2/../../../../avr/lib/avr5\libc.a(ultoa.o)
 .data          0x0080011c        0x0 c:/program files (x86)/arduino/hardware/tools/avr/bin/../lib/gcc/avr/4.9.2/../../../../avr/lib/avr5\libc.a(ultoa_ncheck.o)
 .data          0x0080011c        0x0 c:/program files (x86)/arduino/hardware/tools/avr/bin/../lib/gcc/avr/4.9.2/../../../../avr/lib/avr5\libc.a(utoa.o)
 .data          0x0080011c        0x0 c:/program files (x86)/arduino/hardware/tools/avr/bin/../lib/gcc/avr/4.9.2/../../../../avr/lib/avr5\libc.a(utoa_ncheck.o)
 .data          0x0080011c        0x0 c:/program files (x86)/arduino/hardware/tools/avr/bin/../lib/gcc/avr/4.9.2/../../../../avr/lib/avr5\libc.a(dtoa_prf.o)
 .data          0x0080011c        0x0 c:/program files (x86)/arduino/hardware/tools/avr/bin/../lib/gcc/avr/4.9.2/../../../../avr/lib/avr5\libc.a(strtod.o)
 .data          0x0080011c        0x0 c:/program files (x86)/arduino/hardware/tools/avr/bin/../lib/gcc/avr/4.9.2/../../../../avr/lib/avr5\libc.a(ftoa_engine.o)
 .data          0x0080011c        0x0 c:/program files (x86)/arduino/hardware/tools/avr/bin/../lib/gcc/avr/4.9.2/../../../../avr/lib/avr5\libc.a(cty_isfalse.o)
 .data          0x0080011c        0x0 c:/program files (x86)/arduino/hardware/tools/avr/bin/../lib/gcc/avr/4.9.2/../../../../avr/lib/avr5\libc.a(strncasecmp_P.o)
 .data          0x0080011c        0x0 c:/program files (x86)/arduino/hardware/tools/avr/bin/../lib/gcc/avr/4.9.2/../../../../avr/lib/avr5\libc.a(strrev.o)
 .data          0x0080011c        0x0 c:/program files (x86)/arduino/hardware/tools/avr/bin/../lib/gcc/avr/4.9.2/../../../../avr/lib/avr5\libc.a(errno.o)
 .data          0x0080011c        0x0 c:/program files (x86)/arduino/hardware/tools/avr/bin/../lib/gcc/avr/4.9.2/avr5\libgcc.a(_muluhisi3.o)
 .data          0x0080011c        0x0 c:/program files (x86)/arduino/hardware/tools/avr/bin/../lib/gcc/avr/4.9.2/avr5\libgcc.a(_prologue.o)
 .data          0x0080011c        0x0 c:/program files (x86)/arduino/hardware/tools/avr/bin/../lib/gcc/avr/4.9.2/avr5\libgcc.a(_epilogue.o)
 .data          0x0080011c        0x0 c:/program files (x86)/arduino/hardware/tools/avr/bin/../lib/gcc/avr/4.9.2/avr5\libgcc.a(_umulhisi3.o)
 *(.data*)
 *(.rodata)
 *(.rodata*)
 .rodata.str1.1
                0x0080011c        0x8 ./src/main.o
 .rodata._ZTV14HardwareSerial
                0x00800124       0x10 C:\Users\tilo\workspace_arduino\ArduinoCoreFiles\328P_16MHz\libArduinoCoreFiles.a(HardwareSerial.o)
                0x00800124                _ZTV14HardwareSerial
 *(.gnu.linkonce.d*)
                0x00800134                . = ALIGN (0x2)
                0x00800134                _edata = .
                0x00800134                PROVIDE (__data_end, .)

.bss            0x00800134       0xaa
                0x00800134                PROVIDE (__bss_start, .)
 *(.bss)
 *(.bss*)
 .bss.Serial    0x00800134       0x9d C:\Users\tilo\workspace_arduino\ArduinoCoreFiles\328P_16MHz\libArduinoCoreFiles.a(HardwareSerial0.o)
                0x00800134                Serial
 .bss.timer0_overflow_count
                0x008001d1        0x4 C:\Users\tilo\workspace_arduino\ArduinoCoreFiles\328P_16MHz\libArduinoCoreFiles.a(wiring.o)
                0x008001d1                timer0_overflow_count
 .bss.timer0_millis
                0x008001d5        0x4 C:\Users\tilo\workspace_arduino\ArduinoCoreFiles\328P_16MHz\libArduinoCoreFiles.a(wiring.o)
                0x008001d5                timer0_millis
 .bss.timer0_fract
                0x008001d9        0x1 C:\Users\tilo\workspace_arduino\ArduinoCoreFiles\328P_16MHz\libArduinoCoreFiles.a(wiring.o)
 *(COMMON)
 COMMON         0x008001da        0x4 c:/program files (x86)/arduino/hardware/tools/avr/bin/../lib/gcc/avr/4.9.2/../../../../avr/lib/avr5\libc.a(malloc.o)
                0x008001da                __brkval
                0x008001dc                __flp
                0x008001de                PROVIDE (__bss_end, .)
                0x00000e56                __data_load_start = LOADADDR (.data)
                0x00000e8a                __data_load_end = (__data_load_start + SIZEOF (.data))

.noinit         0x008001de        0x0
                0x008001de                PROVIDE (__noinit_start, .)
 *(.noinit*)
                0x008001de                PROVIDE (__noinit_end, .)
                0x008001de                _end = .
                0x008001de                PROVIDE (__heap_start, .)

.eeprom         0x00810000        0x0
 *(.eeprom*)
                0x00810000                __eeprom_end = .

.fuse
 *(.fuse)
 *(.lfuse)
 *(.hfuse)
 *(.efuse)

.lock
 *(.lock*)

.signature
 *(.signature*)

.stab           0x00000000     0x3108
 *(.stab)
 .stab          0x00000000      0x960 C:\Users\tilo\workspace_arduino\ArduinoCoreFiles\328P_16MHz\libArduinoCoreFiles.a(HardwareSerial.o)
                                0xa38 (size before relaxing)
 .stab          0x00000960      0x708 C:\Users\tilo\workspace_arduino\ArduinoCoreFiles\328P_16MHz\libArduinoCoreFiles.a(HardwareSerial0.o)
                                0x714 (size before relaxing)
 .stab          0x00001068      0x6c0 C:\Users\tilo\workspace_arduino\ArduinoCoreFiles\328P_16MHz\libArduinoCoreFiles.a(Print.o)
                               0x1098 (size before relaxing)
 .stab          0x00001728      0x8ac C:\Users\tilo\workspace_arduino\ArduinoCoreFiles\328P_16MHz\libArduinoCoreFiles.a(WString.o)
                               0x27cc (size before relaxing)
 .stab          0x00001fd4      0x1bc C:\Users\tilo\workspace_arduino\ArduinoCoreFiles\328P_16MHz\libArduinoCoreFiles.a(abi.o)
                                0x21c (size before relaxing)
 .stab          0x00002190      0x60c C:\Users\tilo\workspace_arduino\ArduinoCoreFiles\328P_16MHz\libArduinoCoreFiles.a(main.o)
                                0x660 (size before relaxing)
 .stab          0x0000279c      0x870 C:\Users\tilo\workspace_arduino\ArduinoCoreFiles\328P_16MHz\libArduinoCoreFiles.a(wiring.o)
                                0x954 (size before relaxing)
 .stab          0x0000300c       0xfc C:\Users\tilo\workspace_arduino\ArduinoCoreFiles\328P_16MHz\libArduinoCoreFiles.a(hooks.o)
                                0x108 (size before relaxing)

.stabstr        0x00000000     0x36b2
 *(.stabstr)
 .stabstr       0x00000000     0x36b2 C:\Users\tilo\workspace_arduino\ArduinoCoreFiles\328P_16MHz\libArduinoCoreFiles.a(HardwareSerial.o)

.stab.excl
 *(.stab.excl)

.stab.exclstr
 *(.stab.exclstr)

.stab.index
 *(.stab.index)

.stab.indexstr
 *(.stab.indexstr)

.comment        0x00000000       0x11
 *(.comment)
 .comment       0x00000000       0x11 ./src/main.o
                                 0x12 (size before relaxing)
 .comment       0x00000011       0x12 c:/program files (x86)/arduino/hardware/tools/avr/bin/../lib/gcc/avr/4.9.2/../../../../avr/lib/avr5\libc.a(dtostrf.o)
 .comment       0x00000011       0x12 c:/program files (x86)/arduino/hardware/tools/avr/bin/../lib/gcc/avr/4.9.2/../../../../avr/lib/avr5\libc.a(malloc.o)
 .comment       0x00000011       0x12 c:/program files (x86)/arduino/hardware/tools/avr/bin/../lib/gcc/avr/4.9.2/../../../../avr/lib/avr5\libc.a(realloc.o)
 .comment       0x00000011       0x12 c:/program files (x86)/arduino/hardware/tools/avr/bin/../lib/gcc/avr/4.9.2/../../../../avr/lib/avr5\libc.a(dtoa_prf.o)
 .comment       0x00000011       0x12 c:/program files (x86)/arduino/hardware/tools/avr/bin/../lib/gcc/avr/4.9.2/../../../../avr/lib/avr5\libc.a(strtod.o)
 .comment       0x00000011       0x12 c:/program files (x86)/arduino/hardware/tools/avr/bin/../lib/gcc/avr/4.9.2/../../../../avr/lib/avr5\libc.a(errno.o)

.note.gnu.avr.deviceinfo
                0x00000000       0x40
 .note.gnu.avr.deviceinfo
                0x00000000       0x40 c:/program files (x86)/arduino/hardware/tools/avr/bin/../lib/gcc/avr/4.9.2/../../../../avr/lib/avr5/crtatmega328p.o

.note.gnu.build-id
 *(.note.gnu.build-id)

.debug
 *(.debug)

.line
 *(.line)

.debug_srcinfo
 *(.debug_srcinfo)

.debug_sfnames
 *(.debug_sfnames)

.debug_aranges
 *(.debug_aranges)

.debug_pubnames
 *(.debug_pubnames)

.debug_info     0x00000000      0x5f4
 *(.debug_info .gnu.linkonce.wi.*)
 .debug_info    0x00000000      0x5f4 c:/program files (x86)/arduino/hardware/tools/avr/bin/../lib/gcc/avr/4.9.2/../../../../avr/lib/avr5/crtatmega328p.o

.debug_abbrev   0x00000000      0x5a2
 *(.debug_abbrev)
 .debug_abbrev  0x00000000      0x5a2 c:/program files (x86)/arduino/hardware/tools/avr/bin/../lib/gcc/avr/4.9.2/../../../../avr/lib/avr5/crtatmega328p.o

.debug_line     0x00000000       0x1a
 *(.debug_line .debug_line.* .debug_line_end)
 .debug_line    0x00000000       0x1a c:/program files (x86)/arduino/hardware/tools/avr/bin/../lib/gcc/avr/4.9.2/../../../../avr/lib/avr5/crtatmega328p.o

.debug_frame
 *(.debug_frame)

.debug_str      0x00000000      0x208
 *(.debug_str)
 .debug_str     0x00000000      0x208 c:/program files (x86)/arduino/hardware/tools/avr/bin/../lib/gcc/avr/4.9.2/../../../../avr/lib/avr5/crtatmega328p.o

.debug_loc
 *(.debug_loc)

.debug_macinfo
 *(.debug_macinfo)

.debug_weaknames
 *(.debug_weaknames)

.debug_funcnames
 *(.debug_funcnames)

.debug_typenames
 *(.debug_typenames)

.debug_varnames
 *(.debug_varnames)

.debug_pubtypes
 *(.debug_pubtypes)

.debug_ranges
 *(.debug_ranges)

.debug_macro
 *(.debug_macro)
OUTPUT(ArduinoDefaultProject.elf elf32-avr)
LOAD linker stubs

Cross Reference Table

Symbol                                            File
Serial                                            C:\Users\tilo\workspace_arduino\ArduinoCoreFiles\328P_16MHz\libArduinoCoreFiles.a(HardwareSerial0.o)
                                                  ./src/main.o
                                                  ./src/Test.o
_Z11serialEventv                                  C:\Users\tilo\workspace_arduino\ArduinoCoreFiles\328P_16MHz\libArduinoCoreFiles.a(HardwareSerial.o)
_Z14serialEventRunv                               C:\Users\tilo\workspace_arduino\ArduinoCoreFiles\328P_16MHz\libArduinoCoreFiles.a(HardwareSerial.o)
                                                  C:\Users\tilo\workspace_arduino\ArduinoCoreFiles\328P_16MHz\libArduinoCoreFiles.a(main.o)
_Z17Serial0_availablev                            C:\Users\tilo\workspace_arduino\ArduinoCoreFiles\328P_16MHz\libArduinoCoreFiles.a(HardwareSerial0.o)
                                                  C:\Users\tilo\workspace_arduino\ArduinoCoreFiles\328P_16MHz\libArduinoCoreFiles.a(HardwareSerial.o)
_Z8setupUSBv                                      C:\Users\tilo\workspace_arduino\ArduinoCoreFiles\328P_16MHz\libArduinoCoreFiles.a(main.o)
_ZN14HardwareSerial17_tx_udr_empty_irqEv          C:\Users\tilo\workspace_arduino\ArduinoCoreFiles\328P_16MHz\libArduinoCoreFiles.a(HardwareSerial.o)
                                                  C:\Users\tilo\workspace_arduino\ArduinoCoreFiles\328P_16MHz\libArduinoCoreFiles.a(HardwareSerial0.o)
_ZN14HardwareSerial17availableForWriteEv          C:\Users\tilo\workspace_arduino\ArduinoCoreFiles\328P_16MHz\libArduinoCoreFiles.a(HardwareSerial.o)
_ZN14HardwareSerial3endEv                         C:\Users\tilo\workspace_arduino\ArduinoCoreFiles\328P_16MHz\libArduinoCoreFiles.a(HardwareSerial.o)
_ZN14HardwareSerial4peekEv                        C:\Users\tilo\workspace_arduino\ArduinoCoreFiles\328P_16MHz\libArduinoCoreFiles.a(HardwareSerial.o)
_ZN14HardwareSerial4readEv                        C:\Users\tilo\workspace_arduino\ArduinoCoreFiles\328P_16MHz\libArduinoCoreFiles.a(HardwareSerial.o)
_ZN14HardwareSerial5beginEmh                      C:\Users\tilo\workspace_arduino\ArduinoCoreFiles\328P_16MHz\libArduinoCoreFiles.a(HardwareSerial.o)
                                                  ./src/main.o
_ZN14HardwareSerial5flushEv                       C:\Users\tilo\workspace_arduino\ArduinoCoreFiles\328P_16MHz\libArduinoCoreFiles.a(HardwareSerial.o)
_ZN14HardwareSerial5writeEh                       C:\Users\tilo\workspace_arduino\ArduinoCoreFiles\328P_16MHz\libArduinoCoreFiles.a(HardwareSerial.o)
_ZN14HardwareSerial9availableEv                   C:\Users\tilo\workspace_arduino\ArduinoCoreFiles\328P_16MHz\libArduinoCoreFiles.a(HardwareSerial.o)
                                                  C:\Users\tilo\workspace_arduino\ArduinoCoreFiles\328P_16MHz\libArduinoCoreFiles.a(HardwareSerial0.o)
_ZN4Test3FooEv                                    ./src/Test.o
_ZN4TestC1Ev                                      ./src/Test.o
_ZN4TestC2Ev                                      ./src/Test.o
_ZN5Print10printFloatEdh                          C:\Users\tilo\workspace_arduino\ArduinoCoreFiles\328P_16MHz\libArduinoCoreFiles.a(Print.o)
_ZN5Print11printNumberEmh                         C:\Users\tilo\workspace_arduino\ArduinoCoreFiles\328P_16MHz\libArduinoCoreFiles.a(Print.o)
_ZN5Print5printEPK19__FlashStringHelper           C:\Users\tilo\workspace_arduino\ArduinoCoreFiles\328P_16MHz\libArduinoCoreFiles.a(Print.o)
_ZN5Print5printEPKc                               C:\Users\tilo\workspace_arduino\ArduinoCoreFiles\328P_16MHz\libArduinoCoreFiles.a(Print.o)
_ZN5Print5printERK6String                         C:\Users\tilo\workspace_arduino\ArduinoCoreFiles\328P_16MHz\libArduinoCoreFiles.a(Print.o)
_ZN5Print5printERK9Printable                      C:\Users\tilo\workspace_arduino\ArduinoCoreFiles\328P_16MHz\libArduinoCoreFiles.a(Print.o)
_ZN5Print5printEc                                 C:\Users\tilo\workspace_arduino\ArduinoCoreFiles\328P_16MHz\libArduinoCoreFiles.a(Print.o)
_ZN5Print5printEdi                                C:\Users\tilo\workspace_arduino\ArduinoCoreFiles\328P_16MHz\libArduinoCoreFiles.a(Print.o)
_ZN5Print5printEhi                                C:\Users\tilo\workspace_arduino\ArduinoCoreFiles\328P_16MHz\libArduinoCoreFiles.a(Print.o)
_ZN5Print5printEii                                C:\Users\tilo\workspace_arduino\ArduinoCoreFiles\328P_16MHz\libArduinoCoreFiles.a(Print.o)
_ZN5Print5printEji                                C:\Users\tilo\workspace_arduino\ArduinoCoreFiles\328P_16MHz\libArduinoCoreFiles.a(Print.o)
_ZN5Print5printEli                                C:\Users\tilo\workspace_arduino\ArduinoCoreFiles\328P_16MHz\libArduinoCoreFiles.a(Print.o)
_ZN5Print5printEmi                                C:\Users\tilo\workspace_arduino\ArduinoCoreFiles\328P_16MHz\libArduinoCoreFiles.a(Print.o)
_ZN5Print5writeEPKc                               C:\Users\tilo\workspace_arduino\ArduinoCoreFiles\328P_16MHz\libArduinoCoreFiles.a(Print.o)
_ZN5Print5writeEPKhj                              C:\Users\tilo\workspace_arduino\ArduinoCoreFiles\328P_16MHz\libArduinoCoreFiles.a(Print.o)
                                                  C:\Users\tilo\workspace_arduino\ArduinoCoreFiles\328P_16MHz\libArduinoCoreFiles.a(HardwareSerial0.o)
                                                  C:\Users\tilo\workspace_arduino\ArduinoCoreFiles\328P_16MHz\libArduinoCoreFiles.a(HardwareSerial.o)
_ZN5Print7printlnEPK19__FlashStringHelper         C:\Users\tilo\workspace_arduino\ArduinoCoreFiles\328P_16MHz\libArduinoCoreFiles.a(Print.o)
_ZN5Print7printlnEPKc                             C:\Users\tilo\workspace_arduino\ArduinoCoreFiles\328P_16MHz\libArduinoCoreFiles.a(Print.o)
                                                  ./src/Test.o
_ZN5Print7printlnERK6String                       C:\Users\tilo\workspace_arduino\ArduinoCoreFiles\328P_16MHz\libArduinoCoreFiles.a(Print.o)
                                                  ./src/main.o
_ZN5Print7printlnERK9Printable                    C:\Users\tilo\workspace_arduino\ArduinoCoreFiles\328P_16MHz\libArduinoCoreFiles.a(Print.o)
_ZN5Print7printlnEc                               C:\Users\tilo\workspace_arduino\ArduinoCoreFiles\328P_16MHz\libArduinoCoreFiles.a(Print.o)
_ZN5Print7printlnEdi                              C:\Users\tilo\workspace_arduino\ArduinoCoreFiles\328P_16MHz\libArduinoCoreFiles.a(Print.o)
_ZN5Print7printlnEhi                              C:\Users\tilo\workspace_arduino\ArduinoCoreFiles\328P_16MHz\libArduinoCoreFiles.a(Print.o)
_ZN5Print7printlnEii                              C:\Users\tilo\workspace_arduino\ArduinoCoreFiles\328P_16MHz\libArduinoCoreFiles.a(Print.o)
_ZN5Print7printlnEji                              C:\Users\tilo\workspace_arduino\ArduinoCoreFiles\328P_16MHz\libArduinoCoreFiles.a(Print.o)
_ZN5Print7printlnEli                              C:\Users\tilo\workspace_arduino\ArduinoCoreFiles\328P_16MHz\libArduinoCoreFiles.a(Print.o)
_ZN5Print7printlnEmi                              C:\Users\tilo\workspace_arduino\ArduinoCoreFiles\328P_16MHz\libArduinoCoreFiles.a(Print.o)
_ZN5Print7printlnEv                               C:\Users\tilo\workspace_arduino\ArduinoCoreFiles\328P_16MHz\libArduinoCoreFiles.a(Print.o)
_ZN6String10invalidateEv                          C:\Users\tilo\workspace_arduino\ArduinoCoreFiles\328P_16MHz\libArduinoCoreFiles.a(WString.o)
_ZN6String11toLowerCaseEv                         C:\Users\tilo\workspace_arduino\ArduinoCoreFiles\328P_16MHz\libArduinoCoreFiles.a(WString.o)
_ZN6String11toUpperCaseEv                         C:\Users\tilo\workspace_arduino\ArduinoCoreFiles\328P_16MHz\libArduinoCoreFiles.a(WString.o)
_ZN6String12changeBufferEj                        C:\Users\tilo\workspace_arduino\ArduinoCoreFiles\328P_16MHz\libArduinoCoreFiles.a(WString.o)
_ZN6String4copyEPK19__FlashStringHelperj          C:\Users\tilo\workspace_arduino\ArduinoCoreFiles\328P_16MHz\libArduinoCoreFiles.a(WString.o)
_ZN6String4copyEPKcj                              C:\Users\tilo\workspace_arduino\ArduinoCoreFiles\328P_16MHz\libArduinoCoreFiles.a(WString.o)
_ZN6String4trimEv                                 C:\Users\tilo\workspace_arduino\ArduinoCoreFiles\328P_16MHz\libArduinoCoreFiles.a(WString.o)
_ZN6String6concatEPK19__FlashStringHelper         C:\Users\tilo\workspace_arduino\ArduinoCoreFiles\328P_16MHz\libArduinoCoreFiles.a(WString.o)
_ZN6String6concatEPKc                             C:\Users\tilo\workspace_arduino\ArduinoCoreFiles\328P_16MHz\libArduinoCoreFiles.a(WString.o)
_ZN6String6concatEPKcj                            C:\Users\tilo\workspace_arduino\ArduinoCoreFiles\328P_16MHz\libArduinoCoreFiles.a(WString.o)
_ZN6String6concatERKS_                            C:\Users\tilo\workspace_arduino\ArduinoCoreFiles\328P_16MHz\libArduinoCoreFiles.a(WString.o)
_ZN6String6concatEc                               C:\Users\tilo\workspace_arduino\ArduinoCoreFiles\328P_16MHz\libArduinoCoreFiles.a(WString.o)
_ZN6String6concatEd                               C:\Users\tilo\workspace_arduino\ArduinoCoreFiles\328P_16MHz\libArduinoCoreFiles.a(WString.o)
_ZN6String6concatEf                               C:\Users\tilo\workspace_arduino\ArduinoCoreFiles\328P_16MHz\libArduinoCoreFiles.a(WString.o)
_ZN6String6concatEh                               C:\Users\tilo\workspace_arduino\ArduinoCoreFiles\328P_16MHz\libArduinoCoreFiles.a(WString.o)
_ZN6String6concatEi                               C:\Users\tilo\workspace_arduino\ArduinoCoreFiles\328P_16MHz\libArduinoCoreFiles.a(WString.o)
_ZN6String6concatEj                               C:\Users\tilo\workspace_arduino\ArduinoCoreFiles\328P_16MHz\libArduinoCoreFiles.a(WString.o)
_ZN6String6concatEl                               C:\Users\tilo\workspace_arduino\ArduinoCoreFiles\328P_16MHz\libArduinoCoreFiles.a(WString.o)
_ZN6String6concatEm                               C:\Users\tilo\workspace_arduino\ArduinoCoreFiles\328P_16MHz\libArduinoCoreFiles.a(WString.o)
_ZN6String6removeEj                               C:\Users\tilo\workspace_arduino\ArduinoCoreFiles\328P_16MHz\libArduinoCoreFiles.a(WString.o)
_ZN6String6removeEjj                              C:\Users\tilo\workspace_arduino\ArduinoCoreFiles\328P_16MHz\libArduinoCoreFiles.a(WString.o)
_ZN6String7replaceERKS_S1_                        C:\Users\tilo\workspace_arduino\ArduinoCoreFiles\328P_16MHz\libArduinoCoreFiles.a(WString.o)
_ZN6String7replaceEcc                             C:\Users\tilo\workspace_arduino\ArduinoCoreFiles\328P_16MHz\libArduinoCoreFiles.a(WString.o)
_ZN6String7reserveEj                              C:\Users\tilo\workspace_arduino\ArduinoCoreFiles\328P_16MHz\libArduinoCoreFiles.a(WString.o)
_ZN6String9setCharAtEjc                           C:\Users\tilo\workspace_arduino\ArduinoCoreFiles\328P_16MHz\libArduinoCoreFiles.a(WString.o)
_ZN6StringC1EPK19__FlashStringHelper              C:\Users\tilo\workspace_arduino\ArduinoCoreFiles\328P_16MHz\libArduinoCoreFiles.a(WString.o)
_ZN6StringC1EPKc                                  C:\Users\tilo\workspace_arduino\ArduinoCoreFiles\328P_16MHz\libArduinoCoreFiles.a(WString.o)
                                                  ./src/main.o
_ZN6StringC1ERKS_                                 C:\Users\tilo\workspace_arduino\ArduinoCoreFiles\328P_16MHz\libArduinoCoreFiles.a(WString.o)
                                                  ./src/main.o
_ZN6StringC1Ec                                    C:\Users\tilo\workspace_arduino\ArduinoCoreFiles\328P_16MHz\libArduinoCoreFiles.a(WString.o)
_ZN6StringC1Edh                                   C:\Users\tilo\workspace_arduino\ArduinoCoreFiles\328P_16MHz\libArduinoCoreFiles.a(WString.o)
_ZN6StringC1Efh                                   C:\Users\tilo\workspace_arduino\ArduinoCoreFiles\328P_16MHz\libArduinoCoreFiles.a(WString.o)
_ZN6StringC1Ehh                                   C:\Users\tilo\workspace_arduino\ArduinoCoreFiles\328P_16MHz\libArduinoCoreFiles.a(WString.o)
_ZN6StringC1Eih                                   C:\Users\tilo\workspace_arduino\ArduinoCoreFiles\328P_16MHz\libArduinoCoreFiles.a(WString.o)
_ZN6StringC1Ejh                                   C:\Users\tilo\workspace_arduino\ArduinoCoreFiles\328P_16MHz\libArduinoCoreFiles.a(WString.o)
_ZN6StringC1Elh                                   C:\Users\tilo\workspace_arduino\ArduinoCoreFiles\328P_16MHz\libArduinoCoreFiles.a(WString.o)
_ZN6StringC1Emh                                   C:\Users\tilo\workspace_arduino\ArduinoCoreFiles\328P_16MHz\libArduinoCoreFiles.a(WString.o)
_ZN6StringC2EPK19__FlashStringHelper              C:\Users\tilo\workspace_arduino\ArduinoCoreFiles\328P_16MHz\libArduinoCoreFiles.a(WString.o)
_ZN6StringC2EPKc                                  C:\Users\tilo\workspace_arduino\ArduinoCoreFiles\328P_16MHz\libArduinoCoreFiles.a(WString.o)
_ZN6StringC2ERKS_                                 C:\Users\tilo\workspace_arduino\ArduinoCoreFiles\328P_16MHz\libArduinoCoreFiles.a(WString.o)
                                                  ./src/main.o
_ZN6StringC2Ec                                    C:\Users\tilo\workspace_arduino\ArduinoCoreFiles\328P_16MHz\libArduinoCoreFiles.a(WString.o)
_ZN6StringC2Edh                                   C:\Users\tilo\workspace_arduino\ArduinoCoreFiles\328P_16MHz\libArduinoCoreFiles.a(WString.o)
_ZN6StringC2Efh                                   C:\Users\tilo\workspace_arduino\ArduinoCoreFiles\328P_16MHz\libArduinoCoreFiles.a(WString.o)
_ZN6StringC2Ehh                                   C:\Users\tilo\workspace_arduino\ArduinoCoreFiles\328P_16MHz\libArduinoCoreFiles.a(WString.o)
_ZN6StringC2Eih                                   C:\Users\tilo\workspace_arduino\ArduinoCoreFiles\328P_16MHz\libArduinoCoreFiles.a(WString.o)
_ZN6StringC2Ejh                                   C:\Users\tilo\workspace_arduino\ArduinoCoreFiles\328P_16MHz\libArduinoCoreFiles.a(WString.o)
_ZN6StringC2Elh                                   C:\Users\tilo\workspace_arduino\ArduinoCoreFiles\328P_16MHz\libArduinoCoreFiles.a(WString.o)
_ZN6StringC2Emh                                   C:\Users\tilo\workspace_arduino\ArduinoCoreFiles\328P_16MHz\libArduinoCoreFiles.a(WString.o)
_ZN6StringD1Ev                                    C:\Users\tilo\workspace_arduino\ArduinoCoreFiles\328P_16MHz\libArduinoCoreFiles.a(WString.o)
                                                  ./src/main.o
_ZN6StringD2Ev                                    C:\Users\tilo\workspace_arduino\ArduinoCoreFiles\328P_16MHz\libArduinoCoreFiles.a(WString.o)
                                                  ./src/main.o
_ZN6StringaSEPK19__FlashStringHelper              C:\Users\tilo\workspace_arduino\ArduinoCoreFiles\328P_16MHz\libArduinoCoreFiles.a(WString.o)
_ZN6StringaSEPKc                                  C:\Users\tilo\workspace_arduino\ArduinoCoreFiles\328P_16MHz\libArduinoCoreFiles.a(WString.o)
_ZN6StringaSERKS_                                 C:\Users\tilo\workspace_arduino\ArduinoCoreFiles\328P_16MHz\libArduinoCoreFiles.a(WString.o)
_ZN6StringixEj                                    C:\Users\tilo\workspace_arduino\ArduinoCoreFiles\328P_16MHz\libArduinoCoreFiles.a(WString.o)
_ZNK6String10startsWithERKS_                      C:\Users\tilo\workspace_arduino\ArduinoCoreFiles\328P_16MHz\libArduinoCoreFiles.a(WString.o)
_ZNK6String10startsWithERKS_j                     C:\Users\tilo\workspace_arduino\ArduinoCoreFiles\328P_16MHz\libArduinoCoreFiles.a(WString.o)
_ZNK6String11lastIndexOfERKS_                     C:\Users\tilo\workspace_arduino\ArduinoCoreFiles\328P_16MHz\libArduinoCoreFiles.a(WString.o)
_ZNK6String11lastIndexOfERKS_j                    C:\Users\tilo\workspace_arduino\ArduinoCoreFiles\328P_16MHz\libArduinoCoreFiles.a(WString.o)
_ZNK6String11lastIndexOfEc                        C:\Users\tilo\workspace_arduino\ArduinoCoreFiles\328P_16MHz\libArduinoCoreFiles.a(WString.o)
_ZNK6String11lastIndexOfEcj                       C:\Users\tilo\workspace_arduino\ArduinoCoreFiles\328P_16MHz\libArduinoCoreFiles.a(WString.o)
_ZNK6String16equalsIgnoreCaseERKS_                C:\Users\tilo\workspace_arduino\ArduinoCoreFiles\328P_16MHz\libArduinoCoreFiles.a(WString.o)
_ZNK6String5toIntEv                               C:\Users\tilo\workspace_arduino\ArduinoCoreFiles\328P_16MHz\libArduinoCoreFiles.a(WString.o)
_ZNK6String6charAtEj                              C:\Users\tilo\workspace_arduino\ArduinoCoreFiles\328P_16MHz\libArduinoCoreFiles.a(WString.o)
_ZNK6String6equalsEPKc                            C:\Users\tilo\workspace_arduino\ArduinoCoreFiles\328P_16MHz\libArduinoCoreFiles.a(WString.o)
_ZNK6String6equalsERKS_                           C:\Users\tilo\workspace_arduino\ArduinoCoreFiles\328P_16MHz\libArduinoCoreFiles.a(WString.o)
_ZNK6String7indexOfERKS_                          C:\Users\tilo\workspace_arduino\ArduinoCoreFiles\328P_16MHz\libArduinoCoreFiles.a(WString.o)
_ZNK6String7indexOfERKS_j                         C:\Users\tilo\workspace_arduino\ArduinoCoreFiles\328P_16MHz\libArduinoCoreFiles.a(WString.o)
_ZNK6String7indexOfEc                             C:\Users\tilo\workspace_arduino\ArduinoCoreFiles\328P_16MHz\libArduinoCoreFiles.a(WString.o)
_ZNK6String7indexOfEcj                            C:\Users\tilo\workspace_arduino\ArduinoCoreFiles\328P_16MHz\libArduinoCoreFiles.a(WString.o)
_ZNK6String7toFloatEv                             C:\Users\tilo\workspace_arduino\ArduinoCoreFiles\328P_16MHz\libArduinoCoreFiles.a(WString.o)
_ZNK6String8endsWithERKS_                         C:\Users\tilo\workspace_arduino\ArduinoCoreFiles\328P_16MHz\libArduinoCoreFiles.a(WString.o)
_ZNK6String8getBytesEPhjj                         C:\Users\tilo\workspace_arduino\ArduinoCoreFiles\328P_16MHz\libArduinoCoreFiles.a(WString.o)
_ZNK6String8toDoubleEv                            C:\Users\tilo\workspace_arduino\ArduinoCoreFiles\328P_16MHz\libArduinoCoreFiles.a(WString.o)
_ZNK6String9compareToERKS_                        C:\Users\tilo\workspace_arduino\ArduinoCoreFiles\328P_16MHz\libArduinoCoreFiles.a(WString.o)
_ZNK6String9substringEjj                          C:\Users\tilo\workspace_arduino\ArduinoCoreFiles\328P_16MHz\libArduinoCoreFiles.a(WString.o)
_ZNK6StringgeERKS_                                C:\Users\tilo\workspace_arduino\ArduinoCoreFiles\328P_16MHz\libArduinoCoreFiles.a(WString.o)
_ZNK6StringgtERKS_                                C:\Users\tilo\workspace_arduino\ArduinoCoreFiles\328P_16MHz\libArduinoCoreFiles.a(WString.o)
_ZNK6StringixEj                                   C:\Users\tilo\workspace_arduino\ArduinoCoreFiles\328P_16MHz\libArduinoCoreFiles.a(WString.o)
_ZNK6StringleERKS_                                C:\Users\tilo\workspace_arduino\ArduinoCoreFiles\328P_16MHz\libArduinoCoreFiles.a(WString.o)
_ZNK6StringltERKS_                                C:\Users\tilo\workspace_arduino\ArduinoCoreFiles\328P_16MHz\libArduinoCoreFiles.a(WString.o)
_ZTV14HardwareSerial                              C:\Users\tilo\workspace_arduino\ArduinoCoreFiles\328P_16MHz\libArduinoCoreFiles.a(HardwareSerial.o)
                                                  C:\Users\tilo\workspace_arduino\ArduinoCoreFiles\328P_16MHz\libArduinoCoreFiles.a(HardwareSerial0.o)
_ZTV5Print                                        C:\Users\tilo\workspace_arduino\ArduinoCoreFiles\328P_16MHz\libArduinoCoreFiles.a(Print.o)
_ZTV6Stream                                       C:\Users\tilo\workspace_arduino\ArduinoCoreFiles\328P_16MHz\libArduinoCoreFiles.a(HardwareSerial0.o)
_ZplRK15StringSumHelperPK19__FlashStringHelper    C:\Users\tilo\workspace_arduino\ArduinoCoreFiles\328P_16MHz\libArduinoCoreFiles.a(WString.o)
_ZplRK15StringSumHelperPKc                        C:\Users\tilo\workspace_arduino\ArduinoCoreFiles\328P_16MHz\libArduinoCoreFiles.a(WString.o)
                                                  ./src/main.o
_ZplRK15StringSumHelperRK6String                  C:\Users\tilo\workspace_arduino\ArduinoCoreFiles\328P_16MHz\libArduinoCoreFiles.a(WString.o)
_ZplRK15StringSumHelperc                          C:\Users\tilo\workspace_arduino\ArduinoCoreFiles\328P_16MHz\libArduinoCoreFiles.a(WString.o)
_ZplRK15StringSumHelperd                          C:\Users\tilo\workspace_arduino\ArduinoCoreFiles\328P_16MHz\libArduinoCoreFiles.a(WString.o)
_ZplRK15StringSumHelperf                          C:\Users\tilo\workspace_arduino\ArduinoCoreFiles\328P_16MHz\libArduinoCoreFiles.a(WString.o)
_ZplRK15StringSumHelperh                          C:\Users\tilo\workspace_arduino\ArduinoCoreFiles\328P_16MHz\libArduinoCoreFiles.a(WString.o)
_ZplRK15StringSumHelperi                          C:\Users\tilo\workspace_arduino\ArduinoCoreFiles\328P_16MHz\libArduinoCoreFiles.a(WString.o)
_ZplRK15StringSumHelperj                          C:\Users\tilo\workspace_arduino\ArduinoCoreFiles\328P_16MHz\libArduinoCoreFiles.a(WString.o)
_ZplRK15StringSumHelperl                          C:\Users\tilo\workspace_arduino\ArduinoCoreFiles\328P_16MHz\libArduinoCoreFiles.a(WString.o)
_ZplRK15StringSumHelperm                          C:\Users\tilo\workspace_arduino\ArduinoCoreFiles\328P_16MHz\libArduinoCoreFiles.a(WString.o)
__FUSE_REGION_LENGTH__                            c:/program files (x86)/arduino/hardware/tools/avr/bin/../lib/gcc/avr/4.9.2/../../../../avr/lib/avr5/crtatmega328p.o
__addsf3                                          c:/program files (x86)/arduino/hardware/tools/avr/bin/../lib/gcc/avr/4.9.2/../../../../avr/lib/avr5\libm.a(addsf3.o)
                                                  C:\Users\tilo\workspace_arduino\ArduinoCoreFiles\328P_16MHz\libArduinoCoreFiles.a(Print.o)
__addsf3x                                         c:/program files (x86)/arduino/hardware/tools/avr/bin/../lib/gcc/avr/4.9.2/../../../../avr/lib/avr5\libm.a(addsf3x.o)
                                                  c:/program files (x86)/arduino/hardware/tools/avr/bin/../lib/gcc/avr/4.9.2/../../../../avr/lib/avr5\libm.a(addsf3.o)
__bad_interrupt                                   c:/program files (x86)/arduino/hardware/tools/avr/bin/../lib/gcc/avr/4.9.2/../../../../avr/lib/avr5/crtatmega328p.o
__brkval                                          c:/program files (x86)/arduino/hardware/tools/avr/bin/../lib/gcc/avr/4.9.2/../../../../avr/lib/avr5\libc.a(malloc.o)
                                                  c:/program files (x86)/arduino/hardware/tools/avr/bin/../lib/gcc/avr/4.9.2/../../../../avr/lib/avr5\libc.a(realloc.o)
__bss_end                                         c:/program files (x86)/arduino/hardware/tools/avr/bin/../lib/gcc/avr/4.9.2/avr5\libgcc.a(_clear_bss.o)
__bss_start                                       c:/program files (x86)/arduino/hardware/tools/avr/bin/../lib/gcc/avr/4.9.2/avr5\libgcc.a(_clear_bss.o)
__cmpsf2                                          c:/program files (x86)/arduino/hardware/tools/avr/bin/../lib/gcc/avr/4.9.2/../../../../avr/lib/avr5\libm.a(cmpsf2.o)
__ctors_end                                       c:/program files (x86)/arduino/hardware/tools/avr/bin/../lib/gcc/avr/4.9.2/avr5\libgcc.a(_ctors.o)
__ctors_start                                     c:/program files (x86)/arduino/hardware/tools/avr/bin/../lib/gcc/avr/4.9.2/avr5\libgcc.a(_ctors.o)
__ctype_isfalse                                   c:/program files (x86)/arduino/hardware/tools/avr/bin/../lib/gcc/avr/4.9.2/../../../../avr/lib/avr5\libc.a(cty_isfalse.o)
                                                  c:/program files (x86)/arduino/hardware/tools/avr/bin/../lib/gcc/avr/4.9.2/../../../../avr/lib/avr5\libc.a(isspace.o)
__ctype_istrue                                    c:/program files (x86)/arduino/hardware/tools/avr/bin/../lib/gcc/avr/4.9.2/../../../../avr/lib/avr5\libc.a(cty_isfalse.o)
__cxa_deleted_virtual                             C:\Users\tilo\workspace_arduino\ArduinoCoreFiles\328P_16MHz\libArduinoCoreFiles.a(abi.o)
__cxa_pure_virtual                                C:\Users\tilo\workspace_arduino\ArduinoCoreFiles\328P_16MHz\libArduinoCoreFiles.a(abi.o)
                                                  C:\Users\tilo\workspace_arduino\ArduinoCoreFiles\328P_16MHz\libArduinoCoreFiles.a(Print.o)
                                                  C:\Users\tilo\workspace_arduino\ArduinoCoreFiles\328P_16MHz\libArduinoCoreFiles.a(HardwareSerial0.o)
__data_end                                        c:/program files (x86)/arduino/hardware/tools/avr/bin/../lib/gcc/avr/4.9.2/avr5\libgcc.a(_copy_data.o)
__data_load_start                                 c:/program files (x86)/arduino/hardware/tools/avr/bin/../lib/gcc/avr/4.9.2/avr5\libgcc.a(_copy_data.o)
__data_start                                      c:/program files (x86)/arduino/hardware/tools/avr/bin/../lib/gcc/avr/4.9.2/avr5\libgcc.a(_copy_data.o)
__divsf3                                          c:/program files (x86)/arduino/hardware/tools/avr/bin/../lib/gcc/avr/4.9.2/../../../../avr/lib/avr5\libm.a(divsf3.o)
                                                  C:\Users\tilo\workspace_arduino\ArduinoCoreFiles\328P_16MHz\libArduinoCoreFiles.a(Print.o)
__divsf3_pse                                      c:/program files (x86)/arduino/hardware/tools/avr/bin/../lib/gcc/avr/4.9.2/../../../../avr/lib/avr5\libm.a(divsf3x.o)
__divsf3x                                         c:/program files (x86)/arduino/hardware/tools/avr/bin/../lib/gcc/avr/4.9.2/../../../../avr/lib/avr5\libm.a(divsf3x.o)
                                                  c:/program files (x86)/arduino/hardware/tools/avr/bin/../lib/gcc/avr/4.9.2/../../../../avr/lib/avr5\libm.a(divsf3.o)
__do_clear_bss                                    c:/program files (x86)/arduino/hardware/tools/avr/bin/../lib/gcc/avr/4.9.2/avr5\libgcc.a(_clear_bss.o)
                                                  c:/program files (x86)/arduino/hardware/tools/avr/bin/../lib/gcc/avr/4.9.2/../../../../avr/lib/avr5\libc.a(errno.o)
                                                  c:/program files (x86)/arduino/hardware/tools/avr/bin/../lib/gcc/avr/4.9.2/../../../../avr/lib/avr5\libc.a(malloc.o)
                                                  C:\Users\tilo\workspace_arduino\ArduinoCoreFiles\328P_16MHz\libArduinoCoreFiles.a(wiring.o)
                                                  C:\Users\tilo\workspace_arduino\ArduinoCoreFiles\328P_16MHz\libArduinoCoreFiles.a(WString.o)
                                                  C:\Users\tilo\workspace_arduino\ArduinoCoreFiles\328P_16MHz\libArduinoCoreFiles.a(HardwareSerial0.o)
__do_copy_data                                    c:/program files (x86)/arduino/hardware/tools/avr/bin/../lib/gcc/avr/4.9.2/avr5\libgcc.a(_copy_data.o)
                                                  c:/program files (x86)/arduino/hardware/tools/avr/bin/../lib/gcc/avr/4.9.2/../../../../avr/lib/avr5\libc.a(malloc.o)
                                                  C:\Users\tilo\workspace_arduino\ArduinoCoreFiles\328P_16MHz\libArduinoCoreFiles.a(WString.o)
                                                  C:\Users\tilo\workspace_arduino\ArduinoCoreFiles\328P_16MHz\libArduinoCoreFiles.a(Print.o)
                                                  C:\Users\tilo\workspace_arduino\ArduinoCoreFiles\328P_16MHz\libArduinoCoreFiles.a(HardwareSerial0.o)
                                                  C:\Users\tilo\workspace_arduino\ArduinoCoreFiles\328P_16MHz\libArduinoCoreFiles.a(HardwareSerial.o)
                                                  ./src/main.o
                                                  ./src/Test.o
__do_global_ctors                                 c:/program files (x86)/arduino/hardware/tools/avr/bin/../lib/gcc/avr/4.9.2/avr5\libgcc.a(_ctors.o)
                                                  C:\Users\tilo\workspace_arduino\ArduinoCoreFiles\328P_16MHz\libArduinoCoreFiles.a(HardwareSerial0.o)
__epilogue_restores__                             c:/program files (x86)/arduino/hardware/tools/avr/bin/../lib/gcc/avr/4.9.2/avr5\libgcc.a(_epilogue.o)
                                                  c:/program files (x86)/arduino/hardware/tools/avr/bin/../lib/gcc/avr/4.9.2/../../../../avr/lib/avr5\libc.a(strtod.o)
                                                  c:/program files (x86)/arduino/hardware/tools/avr/bin/../lib/gcc/avr/4.9.2/../../../../avr/lib/avr5\libc.a(realloc.o)
__eqsf2                                           c:/program files (x86)/arduino/hardware/tools/avr/bin/../lib/gcc/avr/4.9.2/../../../../avr/lib/avr5\libm.a(cmpsf2.o)
                                                  c:/program files (x86)/arduino/hardware/tools/avr/bin/../lib/gcc/avr/4.9.2/../../../../avr/lib/avr5\libc.a(strtod.o)
__fixunssfsi                                      c:/program files (x86)/arduino/hardware/tools/avr/bin/../lib/gcc/avr/4.9.2/../../../../avr/lib/avr5\libm.a(fixunssfsi.o)
                                                  C:\Users\tilo\workspace_arduino\ArduinoCoreFiles\328P_16MHz\libArduinoCoreFiles.a(Print.o)
__floatsisf                                       c:/program files (x86)/arduino/hardware/tools/avr/bin/../lib/gcc/avr/4.9.2/../../../../avr/lib/avr5\libm.a(floatsisf.o)
__floatunsisf                                     c:/program files (x86)/arduino/hardware/tools/avr/bin/../lib/gcc/avr/4.9.2/../../../../avr/lib/avr5\libm.a(floatsisf.o)
                                                  c:/program files (x86)/arduino/hardware/tools/avr/bin/../lib/gcc/avr/4.9.2/../../../../avr/lib/avr5\libc.a(strtod.o)
                                                  C:\Users\tilo\workspace_arduino\ArduinoCoreFiles\328P_16MHz\libArduinoCoreFiles.a(Print.o)
__flp                                             c:/program files (x86)/arduino/hardware/tools/avr/bin/../lib/gcc/avr/4.9.2/../../../../avr/lib/avr5\libc.a(malloc.o)
                                                  c:/program files (x86)/arduino/hardware/tools/avr/bin/../lib/gcc/avr/4.9.2/../../../../avr/lib/avr5\libc.a(realloc.o)
__fp_cmp                                          c:/program files (x86)/arduino/hardware/tools/avr/bin/../lib/gcc/avr/4.9.2/../../../../avr/lib/avr5\libm.a(fp_cmp.o)
                                                  c:/program files (x86)/arduino/hardware/tools/avr/bin/../lib/gcc/avr/4.9.2/../../../../avr/lib/avr5\libm.a(unordsf2.o)
                                                  c:/program files (x86)/arduino/hardware/tools/avr/bin/../lib/gcc/avr/4.9.2/../../../../avr/lib/avr5\libm.a(gesf2.o)
                                                  c:/program files (x86)/arduino/hardware/tools/avr/bin/../lib/gcc/avr/4.9.2/../../../../avr/lib/avr5\libm.a(cmpsf2.o)
__fp_inf                                          c:/program files (x86)/arduino/hardware/tools/avr/bin/../lib/gcc/avr/4.9.2/../../../../avr/lib/avr5\libm.a(fp_inf.o)
                                                  c:/program files (x86)/arduino/hardware/tools/avr/bin/../lib/gcc/avr/4.9.2/../../../../avr/lib/avr5\libm.a(mulsf3x.o)
                                                  c:/program files (x86)/arduino/hardware/tools/avr/bin/../lib/gcc/avr/4.9.2/../../../../avr/lib/avr5\libm.a(divsf3x.o)
                                                  c:/program files (x86)/arduino/hardware/tools/avr/bin/../lib/gcc/avr/4.9.2/../../../../avr/lib/avr5\libm.a(addsf3x.o)
__fp_nan                                          c:/program files (x86)/arduino/hardware/tools/avr/bin/../lib/gcc/avr/4.9.2/../../../../avr/lib/avr5\libm.a(fp_nan.o)
                                                  c:/program files (x86)/arduino/hardware/tools/avr/bin/../lib/gcc/avr/4.9.2/../../../../avr/lib/avr5\libm.a(mulsf3x.o)
                                                  c:/program files (x86)/arduino/hardware/tools/avr/bin/../lib/gcc/avr/4.9.2/../../../../avr/lib/avr5\libm.a(divsf3x.o)
                                                  c:/program files (x86)/arduino/hardware/tools/avr/bin/../lib/gcc/avr/4.9.2/../../../../avr/lib/avr5\libm.a(addsf3x.o)
__fp_pscA                                         c:/program files (x86)/arduino/hardware/tools/avr/bin/../lib/gcc/avr/4.9.2/../../../../avr/lib/avr5\libm.a(fp_pscA.o)
                                                  c:/program files (x86)/arduino/hardware/tools/avr/bin/../lib/gcc/avr/4.9.2/../../../../avr/lib/avr5\libm.a(mulsf3x.o)
                                                  c:/program files (x86)/arduino/hardware/tools/avr/bin/../lib/gcc/avr/4.9.2/../../../../avr/lib/avr5\libm.a(divsf3x.o)
                                                  c:/program files (x86)/arduino/hardware/tools/avr/bin/../lib/gcc/avr/4.9.2/../../../../avr/lib/avr5\libm.a(addsf3x.o)
__fp_pscB                                         c:/program files (x86)/arduino/hardware/tools/avr/bin/../lib/gcc/avr/4.9.2/../../../../avr/lib/avr5\libm.a(fp_pscB.o)
                                                  c:/program files (x86)/arduino/hardware/tools/avr/bin/../lib/gcc/avr/4.9.2/../../../../avr/lib/avr5\libm.a(mulsf3x.o)
                                                  c:/program files (x86)/arduino/hardware/tools/avr/bin/../lib/gcc/avr/4.9.2/../../../../avr/lib/avr5\libm.a(divsf3x.o)
                                                  c:/program files (x86)/arduino/hardware/tools/avr/bin/../lib/gcc/avr/4.9.2/../../../../avr/lib/avr5\libm.a(addsf3x.o)
__fp_round                                        c:/program files (x86)/arduino/hardware/tools/avr/bin/../lib/gcc/avr/4.9.2/../../../../avr/lib/avr5\libm.a(fp_round.o)
                                                  c:/program files (x86)/arduino/hardware/tools/avr/bin/../lib/gcc/avr/4.9.2/../../../../avr/lib/avr5\libm.a(mulsf3.o)
                                                  c:/program files (x86)/arduino/hardware/tools/avr/bin/../lib/gcc/avr/4.9.2/../../../../avr/lib/avr5\libm.a(divsf3.o)
                                                  c:/program files (x86)/arduino/hardware/tools/avr/bin/../lib/gcc/avr/4.9.2/../../../../avr/lib/avr5\libm.a(addsf3.o)
__fp_split3                                       c:/program files (x86)/arduino/hardware/tools/avr/bin/../lib/gcc/avr/4.9.2/../../../../avr/lib/avr5\libm.a(fp_split3.o)
                                                  c:/program files (x86)/arduino/hardware/tools/avr/bin/../lib/gcc/avr/4.9.2/../../../../avr/lib/avr5\libm.a(mulsf3x.o)
                                                  c:/program files (x86)/arduino/hardware/tools/avr/bin/../lib/gcc/avr/4.9.2/../../../../avr/lib/avr5\libm.a(divsf3x.o)
                                                  c:/program files (x86)/arduino/hardware/tools/avr/bin/../lib/gcc/avr/4.9.2/../../../../avr/lib/avr5\libm.a(addsf3x.o)
__fp_splitA                                       c:/program files (x86)/arduino/hardware/tools/avr/bin/../lib/gcc/avr/4.9.2/../../../../avr/lib/avr5\libm.a(fp_split3.o)
                                                  c:/program files (x86)/arduino/hardware/tools/avr/bin/../lib/gcc/avr/4.9.2/../../../../avr/lib/avr5\libm.a(fixunssfsi.o)
__fp_szero                                        c:/program files (x86)/arduino/hardware/tools/avr/bin/../lib/gcc/avr/4.9.2/../../../../avr/lib/avr5\libm.a(fp_zero.o)
                                                  c:/program files (x86)/arduino/hardware/tools/avr/bin/../lib/gcc/avr/4.9.2/../../../../avr/lib/avr5\libm.a(mulsf3x.o)
                                                  c:/program files (x86)/arduino/hardware/tools/avr/bin/../lib/gcc/avr/4.9.2/../../../../avr/lib/avr5\libm.a(divsf3x.o)
__fp_zero                                         c:/program files (x86)/arduino/hardware/tools/avr/bin/../lib/gcc/avr/4.9.2/../../../../avr/lib/avr5\libm.a(fp_zero.o)
                                                  c:/program files (x86)/arduino/hardware/tools/avr/bin/../lib/gcc/avr/4.9.2/../../../../avr/lib/avr5\libm.a(fixunssfsi.o)
                                                  c:/program files (x86)/arduino/hardware/tools/avr/bin/../lib/gcc/avr/4.9.2/../../../../avr/lib/avr5\libm.a(addsf3x.o)
__ftoa_engine                                     c:/program files (x86)/arduino/hardware/tools/avr/bin/../lib/gcc/avr/4.9.2/../../../../avr/lib/avr5\libc.a(ftoa_engine.o)
                                                  c:/program files (x86)/arduino/hardware/tools/avr/bin/../lib/gcc/avr/4.9.2/../../../../avr/lib/avr5\libc.a(dtoa_prf.o)
__gesf2                                           c:/program files (x86)/arduino/hardware/tools/avr/bin/../lib/gcc/avr/4.9.2/../../../../avr/lib/avr5\libm.a(gesf2.o)
__gtsf2                                           c:/program files (x86)/arduino/hardware/tools/avr/bin/../lib/gcc/avr/4.9.2/../../../../avr/lib/avr5\libm.a(gesf2.o)
                                                  C:\Users\tilo\workspace_arduino\ArduinoCoreFiles\328P_16MHz\libArduinoCoreFiles.a(Print.o)
__heap_end                                        c:/program files (x86)/arduino/hardware/tools/avr/bin/../lib/gcc/avr/4.9.2/../../../../avr/lib/avr5/crtatmega328p.o
                                                  c:/program files (x86)/arduino/hardware/tools/avr/bin/../lib/gcc/avr/4.9.2/../../../../avr/lib/avr5\libc.a(malloc.o)
__heap_start                                      c:/program files (x86)/arduino/hardware/tools/avr/bin/../lib/gcc/avr/4.9.2/../../../../avr/lib/avr5\libc.a(malloc.o)
__init                                            c:/program files (x86)/arduino/hardware/tools/avr/bin/../lib/gcc/avr/4.9.2/../../../../avr/lib/avr5/crtatmega328p.o
__itoa                                            c:/program files (x86)/arduino/hardware/tools/avr/bin/../lib/gcc/avr/4.9.2/../../../../avr/lib/avr5\libc.a(itoa.o)
__itoa_ncheck                                     c:/program files (x86)/arduino/hardware/tools/avr/bin/../lib/gcc/avr/4.9.2/../../../../avr/lib/avr5\libc.a(itoa_ncheck.o)
                                                  c:/program files (x86)/arduino/hardware/tools/avr/bin/../lib/gcc/avr/4.9.2/../../../../avr/lib/avr5\libc.a(itoa.o)
__lesf2                                           c:/program files (x86)/arduino/hardware/tools/avr/bin/../lib/gcc/avr/4.9.2/../../../../avr/lib/avr5\libm.a(cmpsf2.o)
                                                  C:\Users\tilo\workspace_arduino\ArduinoCoreFiles\328P_16MHz\libArduinoCoreFiles.a(Print.o)
__ltoa                                            c:/program files (x86)/arduino/hardware/tools/avr/bin/../lib/gcc/avr/4.9.2/../../../../avr/lib/avr5\libc.a(ltoa.o)
__ltoa_ncheck                                     c:/program files (x86)/arduino/hardware/tools/avr/bin/../lib/gcc/avr/4.9.2/../../../../avr/lib/avr5\libc.a(ltoa_ncheck.o)
                                                  c:/program files (x86)/arduino/hardware/tools/avr/bin/../lib/gcc/avr/4.9.2/../../../../avr/lib/avr5\libc.a(ltoa.o)
__ltsf2                                           c:/program files (x86)/arduino/hardware/tools/avr/bin/../lib/gcc/avr/4.9.2/../../../../avr/lib/avr5\libm.a(cmpsf2.o)
                                                  C:\Users\tilo\workspace_arduino\ArduinoCoreFiles\328P_16MHz\libArduinoCoreFiles.a(Print.o)
__malloc_heap_end                                 c:/program files (x86)/arduino/hardware/tools/avr/bin/../lib/gcc/avr/4.9.2/../../../../avr/lib/avr5\libc.a(malloc.o)
                                                  c:/program files (x86)/arduino/hardware/tools/avr/bin/../lib/gcc/avr/4.9.2/../../../../avr/lib/avr5\libc.a(realloc.o)
__malloc_heap_start                               c:/program files (x86)/arduino/hardware/tools/avr/bin/../lib/gcc/avr/4.9.2/../../../../avr/lib/avr5\libc.a(malloc.o)
__malloc_margin                                   c:/program files (x86)/arduino/hardware/tools/avr/bin/../lib/gcc/avr/4.9.2/../../../../avr/lib/avr5\libc.a(malloc.o)
                                                  c:/program files (x86)/arduino/hardware/tools/avr/bin/../lib/gcc/avr/4.9.2/../../../../avr/lib/avr5\libc.a(realloc.o)
__mulsf3                                          c:/program files (x86)/arduino/hardware/tools/avr/bin/../lib/gcc/avr/4.9.2/../../../../avr/lib/avr5\libm.a(mulsf3.o)
                                                  c:/program files (x86)/arduino/hardware/tools/avr/bin/../lib/gcc/avr/4.9.2/../../../../avr/lib/avr5\libc.a(strtod.o)
                                                  C:\Users\tilo\workspace_arduino\ArduinoCoreFiles\328P_16MHz\libArduinoCoreFiles.a(Print.o)
__mulsf3_pse                                      c:/program files (x86)/arduino/hardware/tools/avr/bin/../lib/gcc/avr/4.9.2/../../../../avr/lib/avr5\libm.a(mulsf3x.o)
__mulsf3x                                         c:/program files (x86)/arduino/hardware/tools/avr/bin/../lib/gcc/avr/4.9.2/../../../../avr/lib/avr5\libm.a(mulsf3x.o)
                                                  c:/program files (x86)/arduino/hardware/tools/avr/bin/../lib/gcc/avr/4.9.2/../../../../avr/lib/avr5\libm.a(mulsf3.o)
__mulsi_const_10                                  c:/program files (x86)/arduino/hardware/tools/avr/bin/../lib/gcc/avr/4.9.2/../../../../avr/lib/avr5\libc.a(mulsi10.o)
                                                  c:/program files (x86)/arduino/hardware/tools/avr/bin/../lib/gcc/avr/4.9.2/../../../../avr/lib/avr5\libc.a(atol.o)
__muluhisi3                                       c:/program files (x86)/arduino/hardware/tools/avr/bin/../lib/gcc/avr/4.9.2/avr5\libgcc.a(_muluhisi3.o)
                                                  c:/program files (x86)/arduino/hardware/tools/avr/bin/../lib/gcc/avr/4.9.2/../../../../avr/lib/avr5\libc.a(strtod.o)
__nesf2                                           c:/program files (x86)/arduino/hardware/tools/avr/bin/../lib/gcc/avr/4.9.2/../../../../avr/lib/avr5\libm.a(cmpsf2.o)
                                                  c:/program files (x86)/arduino/hardware/tools/avr/bin/../lib/gcc/avr/4.9.2/../../../../avr/lib/avr5\libc.a(strtod.o)
__prologue_saves__                                c:/program files (x86)/arduino/hardware/tools/avr/bin/../lib/gcc/avr/4.9.2/avr5\libgcc.a(_prologue.o)
                                                  c:/program files (x86)/arduino/hardware/tools/avr/bin/../lib/gcc/avr/4.9.2/../../../../avr/lib/avr5\libc.a(strtod.o)
                                                  c:/program files (x86)/arduino/hardware/tools/avr/bin/../lib/gcc/avr/4.9.2/../../../../avr/lib/avr5\libc.a(realloc.o)
__stack                                           c:/program files (x86)/arduino/hardware/tools/avr/bin/../lib/gcc/avr/4.9.2/../../../../avr/lib/avr5/crtatmega328p.o
__subsf3                                          c:/program files (x86)/arduino/hardware/tools/avr/bin/../lib/gcc/avr/4.9.2/../../../../avr/lib/avr5\libm.a(addsf3.o)
                                                  C:\Users\tilo\workspace_arduino\ArduinoCoreFiles\328P_16MHz\libArduinoCoreFiles.a(Print.o)
__tablejump2__                                    c:/program files (x86)/arduino/hardware/tools/avr/bin/../lib/gcc/avr/4.9.2/avr5\libgcc.a(_tablejump2.o)
                                                  c:/program files (x86)/arduino/hardware/tools/avr/bin/../lib/gcc/avr/4.9.2/avr5\libgcc.a(_ctors.o)
__udivmodsi4                                      c:/program files (x86)/arduino/hardware/tools/avr/bin/../lib/gcc/avr/4.9.2/avr5\libgcc.a(_udivmodsi4.o)
                                                  C:\Users\tilo\workspace_arduino\ArduinoCoreFiles\328P_16MHz\libArduinoCoreFiles.a(Print.o)
                                                  C:\Users\tilo\workspace_arduino\ArduinoCoreFiles\328P_16MHz\libArduinoCoreFiles.a(HardwareSerial.o)
__ultoa                                           c:/program files (x86)/arduino/hardware/tools/avr/bin/../lib/gcc/avr/4.9.2/../../../../avr/lib/avr5\libc.a(ultoa.o)
__ultoa_common                                    c:/program files (x86)/arduino/hardware/tools/avr/bin/../lib/gcc/avr/4.9.2/../../../../avr/lib/avr5\libc.a(ultoa_ncheck.o)
                                                  c:/program files (x86)/arduino/hardware/tools/avr/bin/../lib/gcc/avr/4.9.2/../../../../avr/lib/avr5\libc.a(ltoa_ncheck.o)
__ultoa_ncheck                                    c:/program files (x86)/arduino/hardware/tools/avr/bin/../lib/gcc/avr/4.9.2/../../../../avr/lib/avr5\libc.a(ultoa_ncheck.o)
                                                  c:/program files (x86)/arduino/hardware/tools/avr/bin/../lib/gcc/avr/4.9.2/../../../../avr/lib/avr5\libc.a(ultoa.o)
__umulhisi3                                       c:/program files (x86)/arduino/hardware/tools/avr/bin/../lib/gcc/avr/4.9.2/avr5\libgcc.a(_umulhisi3.o)
                                                  c:/program files (x86)/arduino/hardware/tools/avr/bin/../lib/gcc/avr/4.9.2/avr5\libgcc.a(_muluhisi3.o)
__unordsf2                                        c:/program files (x86)/arduino/hardware/tools/avr/bin/../lib/gcc/avr/4.9.2/../../../../avr/lib/avr5\libm.a(unordsf2.o)
                                                  C:\Users\tilo\workspace_arduino\ArduinoCoreFiles\328P_16MHz\libArduinoCoreFiles.a(Print.o)
__utoa                                            c:/program files (x86)/arduino/hardware/tools/avr/bin/../lib/gcc/avr/4.9.2/../../../../avr/lib/avr5\libc.a(utoa.o)
__utoa_common                                     c:/program files (x86)/arduino/hardware/tools/avr/bin/../lib/gcc/avr/4.9.2/../../../../avr/lib/avr5\libc.a(utoa_ncheck.o)
                                                  c:/program files (x86)/arduino/hardware/tools/avr/bin/../lib/gcc/avr/4.9.2/../../../../avr/lib/avr5\libc.a(itoa_ncheck.o)
__utoa_ncheck                                     c:/program files (x86)/arduino/hardware/tools/avr/bin/../lib/gcc/avr/4.9.2/../../../../avr/lib/avr5\libc.a(utoa_ncheck.o)
                                                  c:/program files (x86)/arduino/hardware/tools/avr/bin/../lib/gcc/avr/4.9.2/../../../../avr/lib/avr5\libc.a(utoa.o)
__vector_1                                        c:/program files (x86)/arduino/hardware/tools/avr/bin/../lib/gcc/avr/4.9.2/../../../../avr/lib/avr5/crtatmega328p.o
__vector_10                                       c:/program files (x86)/arduino/hardware/tools/avr/bin/../lib/gcc/avr/4.9.2/../../../../avr/lib/avr5/crtatmega328p.o
__vector_11                                       c:/program files (x86)/arduino/hardware/tools/avr/bin/../lib/gcc/avr/4.9.2/../../../../avr/lib/avr5/crtatmega328p.o
__vector_12                                       c:/program files (x86)/arduino/hardware/tools/avr/bin/../lib/gcc/avr/4.9.2/../../../../avr/lib/avr5/crtatmega328p.o
__vector_13                                       c:/program files (x86)/arduino/hardware/tools/avr/bin/../lib/gcc/avr/4.9.2/../../../../avr/lib/avr5/crtatmega328p.o
__vector_14                                       c:/program files (x86)/arduino/hardware/tools/avr/bin/../lib/gcc/avr/4.9.2/../../../../avr/lib/avr5/crtatmega328p.o
__vector_15                                       c:/program files (x86)/arduino/hardware/tools/avr/bin/../lib/gcc/avr/4.9.2/../../../../avr/lib/avr5/crtatmega328p.o
__vector_16                                       C:\Users\tilo\workspace_arduino\ArduinoCoreFiles\328P_16MHz\libArduinoCoreFiles.a(wiring.o)
                                                  c:/program files (x86)/arduino/hardware/tools/avr/bin/../lib/gcc/avr/4.9.2/../../../../avr/lib/avr5/crtatmega328p.o
__vector_17                                       c:/program files (x86)/arduino/hardware/tools/avr/bin/../lib/gcc/avr/4.9.2/../../../../avr/lib/avr5/crtatmega328p.o
__vector_18                                       C:\Users\tilo\workspace_arduino\ArduinoCoreFiles\328P_16MHz\libArduinoCoreFiles.a(HardwareSerial0.o)
                                                  c:/program files (x86)/arduino/hardware/tools/avr/bin/../lib/gcc/avr/4.9.2/../../../../avr/lib/avr5/crtatmega328p.o
__vector_19                                       C:\Users\tilo\workspace_arduino\ArduinoCoreFiles\328P_16MHz\libArduinoCoreFiles.a(HardwareSerial0.o)
                                                  c:/program files (x86)/arduino/hardware/tools/avr/bin/../lib/gcc/avr/4.9.2/../../../../avr/lib/avr5/crtatmega328p.o
__vector_2                                        c:/program files (x86)/arduino/hardware/tools/avr/bin/../lib/gcc/avr/4.9.2/../../../../avr/lib/avr5/crtatmega328p.o
__vector_20                                       c:/program files (x86)/arduino/hardware/tools/avr/bin/../lib/gcc/avr/4.9.2/../../../../avr/lib/avr5/crtatmega328p.o
__vector_21                                       c:/program files (x86)/arduino/hardware/tools/avr/bin/../lib/gcc/avr/4.9.2/../../../../avr/lib/avr5/crtatmega328p.o
__vector_22                                       c:/program files (x86)/arduino/hardware/tools/avr/bin/../lib/gcc/avr/4.9.2/../../../../avr/lib/avr5/crtatmega328p.o
__vector_23                                       c:/program files (x86)/arduino/hardware/tools/avr/bin/../lib/gcc/avr/4.9.2/../../../../avr/lib/avr5/crtatmega328p.o
__vector_24                                       c:/program files (x86)/arduino/hardware/tools/avr/bin/../lib/gcc/avr/4.9.2/../../../../avr/lib/avr5/crtatmega328p.o
__vector_25                                       c:/program files (x86)/arduino/hardware/tools/avr/bin/../lib/gcc/avr/4.9.2/../../../../avr/lib/avr5/crtatmega328p.o
__vector_3                                        c:/program files (x86)/arduino/hardware/tools/avr/bin/../lib/gcc/avr/4.9.2/../../../../avr/lib/avr5/crtatmega328p.o
__vector_4                                        c:/program files (x86)/arduino/hardware/tools/avr/bin/../lib/gcc/avr/4.9.2/../../../../avr/lib/avr5/crtatmega328p.o
__vector_5                                        c:/program files (x86)/arduino/hardware/tools/avr/bin/../lib/gcc/avr/4.9.2/../../../../avr/lib/avr5/crtatmega328p.o
__vector_6                                        c:/program files (x86)/arduino/hardware/tools/avr/bin/../lib/gcc/avr/4.9.2/../../../../avr/lib/avr5/crtatmega328p.o
__vector_7                                        c:/program files (x86)/arduino/hardware/tools/avr/bin/../lib/gcc/avr/4.9.2/../../../../avr/lib/avr5/crtatmega328p.o
__vector_8                                        c:/program files (x86)/arduino/hardware/tools/avr/bin/../lib/gcc/avr/4.9.2/../../../../avr/lib/avr5/crtatmega328p.o
__vector_9                                        c:/program files (x86)/arduino/hardware/tools/avr/bin/../lib/gcc/avr/4.9.2/../../../../avr/lib/avr5/crtatmega328p.o
__vector_default                                  c:/program files (x86)/arduino/hardware/tools/avr/bin/../lib/gcc/avr/4.9.2/../../../../avr/lib/avr5/crtatmega328p.o
__vectors                                         c:/program files (x86)/arduino/hardware/tools/avr/bin/../lib/gcc/avr/4.9.2/../../../../avr/lib/avr5/crtatmega328p.o
_exit                                             c:/program files (x86)/arduino/hardware/tools/avr/bin/../lib/gcc/avr/4.9.2/avr5\libgcc.a(_exit.o)
                                                  c:/program files (x86)/arduino/hardware/tools/avr/bin/../lib/gcc/avr/4.9.2/../../../../avr/lib/avr5\libc.a(abort.o)
abort                                             c:/program files (x86)/arduino/hardware/tools/avr/bin/../lib/gcc/avr/4.9.2/../../../../avr/lib/avr5\libc.a(abort.o)
                                                  C:\Users\tilo\workspace_arduino\ArduinoCoreFiles\328P_16MHz\libArduinoCoreFiles.a(abi.o)
atexit                                            C:\Users\tilo\workspace_arduino\ArduinoCoreFiles\328P_16MHz\libArduinoCoreFiles.a(main.o)
atof                                              c:/program files (x86)/arduino/hardware/tools/avr/bin/../lib/gcc/avr/4.9.2/../../../../avr/lib/avr5\libc.a(atof.o)
                                                  C:\Users\tilo\workspace_arduino\ArduinoCoreFiles\328P_16MHz\libArduinoCoreFiles.a(WString.o)
atol                                              c:/program files (x86)/arduino/hardware/tools/avr/bin/../lib/gcc/avr/4.9.2/../../../../avr/lib/avr5\libc.a(atol.o)
                                                  C:\Users\tilo\workspace_arduino\ArduinoCoreFiles\328P_16MHz\libArduinoCoreFiles.a(WString.o)
delay                                             C:\Users\tilo\workspace_arduino\ArduinoCoreFiles\328P_16MHz\libArduinoCoreFiles.a(wiring.o)
                                                  ./src/main.o
delayMicroseconds                                 C:\Users\tilo\workspace_arduino\ArduinoCoreFiles\328P_16MHz\libArduinoCoreFiles.a(wiring.o)
dtoa_prf                                          c:/program files (x86)/arduino/hardware/tools/avr/bin/../lib/gcc/avr/4.9.2/../../../../avr/lib/avr5\libc.a(dtoa_prf.o)
                                                  c:/program files (x86)/arduino/hardware/tools/avr/bin/../lib/gcc/avr/4.9.2/../../../../avr/lib/avr5\libc.a(dtostrf.o)
dtostrf                                           c:/program files (x86)/arduino/hardware/tools/avr/bin/../lib/gcc/avr/4.9.2/../../../../avr/lib/avr5\libc.a(dtostrf.o)
                                                  C:\Users\tilo\workspace_arduino\ArduinoCoreFiles\328P_16MHz\libArduinoCoreFiles.a(WString.o)
errno                                             c:/program files (x86)/arduino/hardware/tools/avr/bin/../lib/gcc/avr/4.9.2/../../../../avr/lib/avr5\libc.a(errno.o)
                                                  c:/program files (x86)/arduino/hardware/tools/avr/bin/../lib/gcc/avr/4.9.2/../../../../avr/lib/avr5\libc.a(strtod.o)
exit                                              c:/program files (x86)/arduino/hardware/tools/avr/bin/../lib/gcc/avr/4.9.2/avr5\libgcc.a(_exit.o)
                                                  c:/program files (x86)/arduino/hardware/tools/avr/bin/../lib/gcc/avr/4.9.2/../../../../avr/lib/avr5/crtatmega328p.o
free                                              c:/program files (x86)/arduino/hardware/tools/avr/bin/../lib/gcc/avr/4.9.2/../../../../avr/lib/avr5\libc.a(malloc.o)
                                                  c:/program files (x86)/arduino/hardware/tools/avr/bin/../lib/gcc/avr/4.9.2/../../../../avr/lib/avr5\libc.a(realloc.o)
                                                  C:\Users\tilo\workspace_arduino\ArduinoCoreFiles\328P_16MHz\libArduinoCoreFiles.a(WString.o)
init                                              C:\Users\tilo\workspace_arduino\ArduinoCoreFiles\328P_16MHz\libArduinoCoreFiles.a(wiring.o)
                                                  C:\Users\tilo\workspace_arduino\ArduinoCoreFiles\328P_16MHz\libArduinoCoreFiles.a(main.o)
initVariant                                       C:\Users\tilo\workspace_arduino\ArduinoCoreFiles\328P_16MHz\libArduinoCoreFiles.a(main.o)
isspace                                           c:/program files (x86)/arduino/hardware/tools/avr/bin/../lib/gcc/avr/4.9.2/../../../../avr/lib/avr5\libc.a(isspace.o)
                                                  c:/program files (x86)/arduino/hardware/tools/avr/bin/../lib/gcc/avr/4.9.2/../../../../avr/lib/avr5\libc.a(strtod.o)
                                                  C:\Users\tilo\workspace_arduino\ArduinoCoreFiles\328P_16MHz\libArduinoCoreFiles.a(WString.o)
itoa                                              c:/program files (x86)/arduino/hardware/tools/avr/bin/../lib/gcc/avr/4.9.2/../../../../avr/lib/avr5\libc.a(itoa.o)
                                                  C:\Users\tilo\workspace_arduino\ArduinoCoreFiles\328P_16MHz\libArduinoCoreFiles.a(WString.o)
loop                                              ./src/main.o
                                                  C:\Users\tilo\workspace_arduino\ArduinoCoreFiles\328P_16MHz\libArduinoCoreFiles.a(main.o)
ltoa                                              c:/program files (x86)/arduino/hardware/tools/avr/bin/../lib/gcc/avr/4.9.2/../../../../avr/lib/avr5\libc.a(ltoa.o)
                                                  C:\Users\tilo\workspace_arduino\ArduinoCoreFiles\328P_16MHz\libArduinoCoreFiles.a(WString.o)
main                                              C:\Users\tilo\workspace_arduino\ArduinoCoreFiles\328P_16MHz\libArduinoCoreFiles.a(main.o)
                                                  c:/program files (x86)/arduino/hardware/tools/avr/bin/../lib/gcc/avr/4.9.2/../../../../avr/lib/avr5/crtatmega328p.o
malloc                                            c:/program files (x86)/arduino/hardware/tools/avr/bin/../lib/gcc/avr/4.9.2/../../../../avr/lib/avr5\libc.a(malloc.o)
                                                  c:/program files (x86)/arduino/hardware/tools/avr/bin/../lib/gcc/avr/4.9.2/../../../../avr/lib/avr5\libc.a(realloc.o)
memcpy                                            c:/program files (x86)/arduino/hardware/tools/avr/bin/../lib/gcc/avr/4.9.2/../../../../avr/lib/avr5\libc.a(memcpy.o)
                                                  c:/program files (x86)/arduino/hardware/tools/avr/bin/../lib/gcc/avr/4.9.2/../../../../avr/lib/avr5\libc.a(memmove.o)
                                                  c:/program files (x86)/arduino/hardware/tools/avr/bin/../lib/gcc/avr/4.9.2/../../../../avr/lib/avr5\libc.a(realloc.o)
                                                  C:\Users\tilo\workspace_arduino\ArduinoCoreFiles\328P_16MHz\libArduinoCoreFiles.a(WString.o)
memmove                                           c:/program files (x86)/arduino/hardware/tools/avr/bin/../lib/gcc/avr/4.9.2/../../../../avr/lib/avr5\libc.a(memmove.o)
                                                  C:\Users\tilo\workspace_arduino\ArduinoCoreFiles\328P_16MHz\libArduinoCoreFiles.a(WString.o)
micros                                            C:\Users\tilo\workspace_arduino\ArduinoCoreFiles\328P_16MHz\libArduinoCoreFiles.a(wiring.o)
millis                                            C:\Users\tilo\workspace_arduino\ArduinoCoreFiles\328P_16MHz\libArduinoCoreFiles.a(wiring.o)
realloc                                           c:/program files (x86)/arduino/hardware/tools/avr/bin/../lib/gcc/avr/4.9.2/../../../../avr/lib/avr5\libc.a(realloc.o)
                                                  C:\Users\tilo\workspace_arduino\ArduinoCoreFiles\328P_16MHz\libArduinoCoreFiles.a(WString.o)
setup                                             ./src/main.o