Archive member included to satisfy reference by file (symbol)

C:\Users\tilo\workspace_arduino\ArduinoCoreFiles\328P_16MHz\libArduinoCoreFiles.a(HardwareSerial.o)
                              ./src/main.o (_ZN14HardwareSerial5beginEmh)
C:\Users\tilo\workspace_arduino\ArduinoCoreFiles\328P_16MHz\libArduinoCoreFiles.a(HardwareSerial0.o)
                              ./src/main.o (Serial)
C:\Users\tilo\workspace_arduino\ArduinoCoreFiles\328P_16MHz\libArduinoCoreFiles.a(IPAddress.o)
                              ./lib/Net/Net.o (_ZTV9IPAddress)
C:\Users\tilo\workspace_arduino\ArduinoCoreFiles\328P_16MHz\libArduinoCoreFiles.a(Print.o)
                              C:\Users\tilo\workspace_arduino\ArduinoCoreFiles\328P_16MHz\libArduinoCoreFiles.a(HardwareSerial.o) (_ZN5Print5writeEPKhj)
C:\Users\tilo\workspace_arduino\ArduinoCoreFiles\328P_16MHz\libArduinoCoreFiles.a(WMath.o)
                              ./arduinolib/NetEEPROM/src/NetEEPROM.o (_Z10randomSeedm)
C:\Users\tilo\workspace_arduino\ArduinoCoreFiles\328P_16MHz\libArduinoCoreFiles.a(WString.o)
                              ./src/main.o (_ZN6StringD2Ev)
C:\Users\tilo\workspace_arduino\ArduinoCoreFiles\328P_16MHz\libArduinoCoreFiles.a(abi.o)
                              C:\Users\tilo\workspace_arduino\ArduinoCoreFiles\328P_16MHz\libArduinoCoreFiles.a(Print.o) (__cxa_pure_virtual)
C:\Users\tilo\workspace_arduino\ArduinoCoreFiles\328P_16MHz\libArduinoCoreFiles.a(hooks.o)
                              ./arduinolib/Ethernet/src/utility/socket.o (yield)
C:\Users\tilo\workspace_arduino\ArduinoCoreFiles\328P_16MHz\libArduinoCoreFiles.a(main.o)
                              c:/program files (x86)/arduino/hardware/tools/avr/bin/../lib/gcc/avr/4.9.2/../../../../avr/lib/avr5/crtatmega328p.o (main)
C:\Users\tilo\workspace_arduino\ArduinoCoreFiles\328P_16MHz\libArduinoCoreFiles.a(new.o)
                              ./src/main.o (_Znwj)
C:\Users\tilo\workspace_arduino\ArduinoCoreFiles\328P_16MHz\libArduinoCoreFiles.a(wiring.o)
                              ./arduinolib/Ethernet/src/Dhcp.o (millis)
C:\Users\tilo\workspace_arduino\ArduinoCoreFiles\328P_16MHz\libArduinoCoreFiles.a(wiring_analog.o)
                              ./arduinolib/NetEEPROM/src/NetEEPROM.o (analogRead)
C:\Users\tilo\workspace_arduino\ArduinoCoreFiles\328P_16MHz\libArduinoCoreFiles.a(wiring_digital.o)
                              ./lib/IRIGB/IRIGB.o (pinMode)
C:\Users\tilo\workspace_arduino\ArduinoCoreFiles\328P_16MHz\libArduinoCoreFiles.a(wiring_pulse.o)
                              ./lib/IRIGB/IRIGB.o (pulseInLong)
c:/program files (x86)/arduino/hardware/tools/avr/bin/../lib/gcc/avr/4.9.2/avr5\libgcc.a(_mulsi3.o)
                              C:\Users\tilo\workspace_arduino\ArduinoCoreFiles\328P_16MHz\libArduinoCoreFiles.a(WMath.o) (__mulsi3)
c:/program files (x86)/arduino/hardware/tools/avr/bin/../lib/gcc/avr/4.9.2/avr5\libgcc.a(_udivmodhi4.o)
                              ./lib/IRIGB/IRIGB.o (__udivmodhi4)
c:/program files (x86)/arduino/hardware/tools/avr/bin/../lib/gcc/avr/4.9.2/avr5\libgcc.a(_udivmodsi4.o)
                              ./arduinolib/Ethernet/src/Dhcp.o (__udivmodsi4)
c:/program files (x86)/arduino/hardware/tools/avr/bin/../lib/gcc/avr/4.9.2/avr5\libgcc.a(_divmodsi4.o)
                              C:\Users\tilo\workspace_arduino\ArduinoCoreFiles\328P_16MHz\libArduinoCoreFiles.a(WMath.o) (__divmodsi4)
c:/program files (x86)/arduino/hardware/tools/avr/bin/../lib/gcc/avr/4.9.2/avr5\libgcc.a(_negsi2.o)
                              c:/program files (x86)/arduino/hardware/tools/avr/bin/../lib/gcc/avr/4.9.2/avr5\libgcc.a(_divmodsi4.o) (__negsi2)
c:/program files (x86)/arduino/hardware/tools/avr/bin/../lib/gcc/avr/4.9.2/avr5\libgcc.a(_exit.o)
                              c:/program files (x86)/arduino/hardware/tools/avr/bin/../lib/gcc/avr/4.9.2/../../../../avr/lib/avr5/crtatmega328p.o (exit)
c:/program files (x86)/arduino/hardware/tools/avr/bin/../lib/gcc/avr/4.9.2/avr5\libgcc.a(_copy_data.o)
                              ./src/main.o (__do_copy_data)
c:/program files (x86)/arduino/hardware/tools/avr/bin/../lib/gcc/avr/4.9.2/avr5\libgcc.a(_clear_bss.o)
                              ./src/main.o (__do_clear_bss)
c:/program files (x86)/arduino/hardware/tools/avr/bin/../lib/gcc/avr/4.9.2/avr5\libgcc.a(_ctors.o)
                              ./src/main.o (__do_global_ctors)
c:/program files (x86)/arduino/hardware/tools/avr/bin/../lib/gcc/avr/4.9.2/avr5\libgcc.a(_bswapsi2.o)
                              ./arduinolib/Ethernet/src/Dhcp.o (__bswapsi2)
c:/program files (x86)/arduino/hardware/tools/avr/bin/../lib/gcc/avr/4.9.2/avr5\libgcc.a(_muluhisi3.o)
                              c:/program files (x86)/arduino/hardware/tools/avr/bin/../lib/gcc/avr/4.9.2/avr5\libgcc.a(_mulsi3.o) (__muluhisi3)
c:/program files (x86)/arduino/hardware/tools/avr/bin/../lib/gcc/avr/4.9.2/avr5\libgcc.a(_tablejump2.o)
[...]
Memory Configuration

Name             Origin             Length             Attributes
text             0x00000000         0x00020000         xr
data             0x00800060         0x0000ffa0         rw !x
eeprom           0x00810000         0x00010000         rw !x
fuse             0x00820000         0x00000400         rw !x
lock             0x00830000         0x00000400         rw !x
signature        0x00840000         0x00000400         rw !x
*default*        0x00000000         0xffffffff

Linker script and memory map

Address of section .data set to 0x800100
LOAD c:/program files (x86)/arduino/hardware/tools/avr/bin/../lib/gcc/avr/4.9.2/../../../../avr/lib/avr5/crtatmega328p.o
LOAD ./src/main.o
LOAD ./lib/Net/Net.o
LOAD ./lib/IRIGB/IRIGB.o
LOAD ./arduinolib/SPI/src/SPI.o
LOAD ./arduinolib/NetEEPROM/src/NetEEPROM.o
LOAD ./arduinolib/Ethernet/src/utility/socket.o
LOAD ./arduinolib/Ethernet/src/utility/w5100.o
LOAD ./arduinolib/Ethernet/src/Dhcp.o
LOAD ./arduinolib/Ethernet/src/Dns.o
LOAD ./arduinolib/Ethernet/src/Ethernet.o
LOAD ./arduinolib/Ethernet/src/EthernetClient.o
LOAD ./arduinolib/Ethernet/src/EthernetServer.o
LOAD ./arduinolib/Ethernet/src/EthernetUdp.o
LOAD C:\Users\tilo\workspace_arduino\ArduinoCoreFiles\328P_16MHz\libArduinoCoreFiles.a
LOAD c:/program files (x86)/arduino/hardware/tools/avr/bin/../lib/gcc/avr/4.9.2/avr5\libgcc.a
LOAD c:/program files (x86)/arduino/hardware/tools/avr/bin/../lib/gcc/avr/4.9.2/../../../../avr/lib/avr5\libm.a
START GROUP
LOAD c:/program files (x86)/arduino/hardware/tools/avr/bin/../lib/gcc/avr/4.9.2/avr5\libgcc.a
LOAD c:/program files (x86)/arduino/hardware/tools/avr/bin/../lib/gcc/avr/4.9.2/../../../../avr/lib/avr5\libm.a
LOAD c:/program files (x86)/arduino/hardware/tools/avr/bin/../lib/gcc/avr/4.9.2/../../../../avr/lib/avr5\libc.a
LOAD c:/program files (x86)/arduino/hardware/tools/avr/bin/../lib/gcc/avr/4.9.2/../../../../avr/lib/avr5\libatmega328p.a
END GROUP

.hash
 *(.hash)

.dynsym
 *(.dynsym)

.dynstr
 *(.dynstr)

.gnu.version
 *(.gnu.version)

.gnu.version_d
 *(.gnu.version_d)

.gnu.version_r
 *(.gnu.version_r)

.rel.init
 *(.rel.init)

.rela.init
 *(.rela.init)

.rel.text
 *(.rel.text)
 *(.rel.text.*)
 *(.rel.gnu.linkonce.t*)

.rela.text
 *(.rela.text)
 *(.rela.text.*)
 *(.rela.gnu.linkonce.t*)

.rel.fini
 *(.rel.fini)

.rela.fini
 *(.rela.fini)

.rel.rodata
 *(.rel.rodata)
 *(.rel.rodata.*)
 *(.rel.gnu.linkonce.r*)

.rela.rodata
 *(.rela.rodata)
 *(.rela.rodata.*)
 *(.rela.gnu.linkonce.r*)

.rel.data
 *(.rel.data)
 *(.rel.data.*)
 *(.rel.gnu.linkonce.d*)

.rela.data
 *(.rela.data)
 *(.rela.data.*)
 *(.rela.gnu.linkonce.d*)

.rel.ctors
 *(.rel.ctors)

.rela.ctors
 *(.rela.ctors)

.rel.dtors
 *(.rel.dtors)

.rela.dtors
 *(.rela.dtors)

.rel.got
 *(.rel.got)

.rela.got
 *(.rela.got)

.rel.bss
 *(.rel.bss)

.rela.bss
 *(.rela.bss)

.rel.plt
 *(.rel.plt)

.rela.plt
 *(.rela.plt)

.text           0x00000000     0x3782
 *(.vectors)
 .vectors       0x00000000       0x68 c:/program files (x86)/arduino/hardware/tools/avr/bin/../lib/gcc/avr/4.9.2/../../../../avr/lib/avr5/crtatmega328p.o
                0x00000000                __vector_default
                0x00000000                __vectors
 *(.vectors)
 *(.progmem.gcc*)
                0x00000068                . = ALIGN (0x2)
                0x00000068                __trampolines_start = .
 *(.trampolines)
 .trampolines   0x00000068        0x0 linker stubs
 *(.trampolines*)
                0x00000068                __trampolines_end = .
 *(.progmem*)
 .progmem.data.digital_pin_to_timer_PGM
                0x00000068       0x14 C:\Users\tilo\workspace_arduino\ArduinoCoreFiles\328P_16MHz\libArduinoCoreFiles.a(wiring_digital.o)
                0x00000068                digital_pin_to_timer_PGM
 .progmem.data.digital_pin_to_bit_mask_PGM
                0x0000007c       0x14 C:\Users\tilo\workspace_arduino\ArduinoCoreFiles\328P_16MHz\libArduinoCoreFiles.a(wiring_digital.o)
                0x0000007c                digital_pin_to_bit_mask_PGM
 .progmem.data.digital_pin_to_port_PGM
                0x00000090       0x14 C:\Users\tilo\workspace_arduino\ArduinoCoreFiles\328P_16MHz\libArduinoCoreFiles.a(wiring_digital.o)
                0x00000090                digital_pin_to_port_PGM
 .progmem.data.port_to_input_PGM
                0x000000a4        0xa C:\Users\tilo\workspace_arduino\ArduinoCoreFiles\328P_16MHz\libArduinoCoreFiles.a(wiring_digital.o)
                0x000000a4                port_to_input_PGM
 .progmem.data.port_to_output_PGM
                0x000000ae        0xa C:\Users\tilo\workspace_arduino\ArduinoCoreFiles\328P_16MHz\libArduinoCoreFiles.a(wiring_digital.o)
                0x000000ae                port_to_output_PGM
 .progmem.data.port_to_mode_PGM
                0x000000b8        0xa C:\Users\tilo\workspace_arduino\ArduinoCoreFiles\328P_16MHz\libArduinoCoreFiles.a(wiring_digital.o)
                0x000000b8                port_to_mode_PGM
                0x000000c2                . = ALIGN (0x2)
 *(.jumptables)
 *(.jumptables*)
 *(.lowtext)
 *(.lowtext*)
                0x000000c2                __ctors_start = .
 *(.ctors)
 .ctors         0x000000c2        0x2 ./src/main.o
 .ctors         0x000000c4        0x2 ./lib/Net/Net.o
 .ctors         0x000000c6        0x2 ./arduinolib/NetEEPROM/src/NetEEPROM.o
 .ctors         0x000000c8        0x2 ./arduinolib/Ethernet/src/Dhcp.o
 .ctors         0x000000ca        0x2 ./arduinolib/Ethernet/src/Dns.o
 .ctors         0x000000cc        0x2 ./arduinolib/Ethernet/src/Ethernet.o
 .ctors         0x000000ce        0x2 ./arduinolib/Ethernet/src/EthernetClient.o
 .ctors         0x000000d0        0x2 ./arduinolib/Ethernet/src/EthernetServer.o
 .ctors         0x000000d2        0x2 ./arduinolib/Ethernet/src/EthernetUdp.o
 .ctors         0x000000d4        0x2 C:\Users\tilo\workspace_arduino\ArduinoCoreFiles\328P_16MHz\libArduinoCoreFiles.a(HardwareSerial0.o)
 .ctors         0x000000d6        0x2 C:\Users\tilo\workspace_arduino\ArduinoCoreFiles\328P_16MHz\libArduinoCoreFiles.a(IPAddress.o)
                0x000000d8                __ctors_end = .
                0x000000d8                __dtors_start = .
 *(.dtors)
                0x000000d8                __dtors_end = .
 SORT(*)(.ctors)
 SORT(*)(.dtors)
 *(.init0)
 .init0         0x000000d8        0x0 c:/program files (x86)/arduino/hardware/tools/avr/bin/../lib/gcc/avr/4.9.2/../../../../avr/lib/avr5/crtatmega328p.o
                0x000000d8                __init
 *(.init0)
 *(.init1)
 *(.init1)
 *(.init2)
 .init2         0x000000d8        0xc c:/program files (x86)/arduino/hardware/tools/avr/bin/../lib/gcc/avr/4.9.2/../../../../avr/lib/avr5/crtatmega328p.o
 *(.init2)
 *(.init3)
 *(.init3)
 *(.init4)
 .init4         0x000000e4       0x16 c:/program files (x86)/arduino/hardware/tools/avr/bin/../lib/gcc/avr/4.9.2/avr5\libgcc.a(_copy_data.o)
                0x000000e4                __do_copy_data
 .init4         0x000000fa       0x10 c:/program files (x86)/arduino/hardware/tools/avr/bin/../lib/gcc/avr/4.9.2/avr5\libgcc.a(_clear_bss.o)
                0x000000fa                __do_clear_bss
 *(.init4)
 *(.init5)
 *(.init5)
 *(.init6)
 .init6         0x0000010a       0x16 c:/program files (x86)/arduino/hardware/tools/avr/bin/../lib/gcc/avr/4.9.2/avr5\libgcc.a(_ctors.o)
                0x0000010a                __do_global_ctors
 *(.init6)
 *(.init7)
 *(.init7)
 *(.init8)
 *(.init8)
 *(.init9)
 .init9         0x00000120        0x8 c:/program files (x86)/arduino/hardware/tools/avr/bin/../lib/gcc/avr/4.9.2/../../../../avr/lib/avr5/crtatmega328p.o
 *(.init9)
 *(.text)
 .text          0x00000128        0x2 c:/program files (x86)/arduino/hardware/tools/avr/bin/../lib/gcc/avr/4.9.2/../../../../avr/lib/avr5/crtatmega328p.o
                0x00000128                __vector_22
                0x00000128                __vector_1
                0x00000128                __vector_24
                0x00000128                __vector_12
                0x00000128                __bad_interrupt
                0x00000128                __vector_6
                0x00000128                __vector_3
                0x00000128                __vector_23
                0x00000128                __vector_25
                0x00000128                __vector_11
                0x00000128                __vector_13
                0x00000128                __vector_17
                0x00000128                __vector_7
                0x00000128                __vector_5
                0x00000128                __vector_4
                0x00000128                __vector_9
                0x00000128                __vector_2
                0x00000128                __vector_21
                0x00000128                __vector_15
                0x00000128                __vector_8
                0x00000128                __vector_14
                0x00000128                __vector_10
                0x00000128                __vector_20
                0x0000012a                . = ALIGN (0x2)
 *(.text.*)
 .text.setup    0x0000012a       0x60 ./src/main.o
                0x0000012a                setup
 .text.loop     0x0000018a      0x16e ./src/main.o
                0x0000018a                loop
 .text.startup._GLOBAL__sub_I_irig_boden
                0x000002f8       0x16 ./src/main.o
 .text.startup._GLOBAL__sub_I__ZN3NetC2Ev
                0x0000030e       0x16 ./lib/Net/Net.o
 .text._ZN3NetC2Ev
                0x00000324      0x124 ./lib/Net/Net.o
                0x00000324                _ZN3NetC2Ev
                0x00000324                _ZN3NetC1Ev
 .text._ZN3Net4SendEPKc
                0x00000448       0x82 ./lib/Net/Net.o
                0x00000448                _ZN3Net4SendEPKc
 .text._ZN5IRIGB5ResetEv
                0x000004ca       0x12 ./lib/IRIGB/IRIGB.o
                0x000004ca                _ZN5IRIGB5ResetEv
 .text._ZN5IRIGBC2Ei
                0x000004dc       0x56 ./lib/IRIGB/IRIGB.o
                0x000004dc                _ZN5IRIGBC1Ei
                0x000004dc                _ZN5IRIGBC2Ei
 .text._ZN5IRIGB7ReadBitEv
                0x00000532       0x66 ./lib/IRIGB/IRIGB.o
                0x00000532                _ZN5IRIGB7ReadBitEv
 .text._ZN5IRIGB16WaitForReferenceEv
                0x00000598       0x36 ./lib/IRIGB/IRIGB.o
                0x00000598                _ZN5IRIGB16WaitForReferenceEv
 .text._ZN5IRIGB13ReadTimeFrameEv
                0x000005ce      0x450 ./lib/IRIGB/IRIGB.o
                0x000005ce                _ZN5IRIGB13ReadTimeFrameEv
 .text._ZN8SPIClass5beginEv
                0x00000a1e       0x6c ./arduinolib/SPI/src/SPI.o
                0x00000a1e                _ZN8SPIClass5beginEv
 .text._ZN9NetEEPROM10readEEPROMEPhii
                0x00000a8a       0x48 ./arduinolib/NetEEPROM/src/NetEEPROM.o
                0x00000a8a                _ZN9NetEEPROM10readEEPROMEPhii
 .text._ZN9NetEEPROM7readMacEPh
                0x00000ad2       0x10 ./arduinolib/NetEEPROM/src/NetEEPROM.o
                0x00000ad2                _ZN9NetEEPROM7readMacEPh
 .text._ZN9NetEEPROM6readIpEPh
                0x00000ae2       0x10 ./arduinolib/NetEEPROM/src/NetEEPROM.o
                0x00000ae2                _ZN9NetEEPROM6readIpEPh
 .text._ZN9NetEEPROM7readDnsEPh
                0x00000af2       0x10 ./arduinolib/NetEEPROM/src/NetEEPROM.o
                0x00000af2                _ZN9NetEEPROM7readDnsEPh
 .text._ZN9NetEEPROM11readGatewayEPh
                0x00000b02       0x10 ./arduinolib/NetEEPROM/src/NetEEPROM.o
                0x00000b02                _ZN9NetEEPROM11readGatewayEPh
 .text._ZN9NetEEPROM10readSubnetEPh
                0x00000b12       0x10 ./arduinolib/NetEEPROM/src/NetEEPROM.o
                0x00000b12                _ZN9NetEEPROM10readSubnetEPh
 .text.startup._GLOBAL__sub_I__ZN9NetEEPROMC2Ev
                0x00000b22       0x1e ./arduinolib/NetEEPROM/src/NetEEPROM.o
 .text._ZN11SPISettingsC2Emhh
                0x00000b40       0x4a ./arduinolib/Ethernet/src/utility/socket.o
                0x00000b40                _ZN11SPISettingsC1Emhh
                0x00000b40                _ZN11SPISettingsC2Emhh
 .text._ZN8SPIClass16beginTransactionE11SPISettings
                0x00000b8a       0x34 ./arduinolib/Ethernet/src/utility/socket.o
                0x00000b8a                _ZN8SPIClass16beginTransactionE11SPISettings
 .text._ZN8SPIClass14endTransactionEv
                0x00000bbe       0x22 ./arduinolib/Ethernet/src/utility/socket.o
                0x00000bbe                _ZN8SPIClass14endTransactionEv
 .text._ZN10W5100Class11writeSnDIPREhPh
                0x00000be0       0x10 ./arduinolib/Ethernet/src/utility/socket.o
                0x00000be0                _ZN10W5100Class11writeSnDIPREhPh
 .text._ZN10W5100Class6readSnEhj
                0x00000bf0        0xe ./arduinolib/Ethernet/src/utility/socket.o
                0x00000bf0                _ZN10W5100Class6readSnEhj
 .text._ZN10W5100Class8readSnIREh
                0x00000bfe        0x6 ./arduinolib/Ethernet/src/utility/socket.o
                0x00000bfe                _ZN10W5100Class8readSnIREh
 .text._ZN10W5100Class7writeSnEhjh
                0x00000c04       0x12 ./arduinolib/Ethernet/src/utility/socket.o
                0x00000c04                _ZN10W5100Class7writeSnEhjh
 .text._ZN10W5100Class11writeSnPORTEhj
                0x00000c16       0x1e ./arduinolib/Ethernet/src/utility/socket.o
                0x00000c16                _ZN10W5100Class11writeSnPORTEhj
 .text._ZN10W5100Class9writeSnIREhh
                0x00000c34        0x8 ./arduinolib/Ethernet/src/utility/socket.o
                0x00000c34                _ZN10W5100Class9writeSnIREhh
 .text._ZN10W5100Class12writeSnDPORTEhj
                0x00000c3c       0x1e ./arduinolib/Ethernet/src/utility/socket.o
                0x00000c3c                _ZN10W5100Class12writeSnDPORTEhj
 .text._Z12socketStatush
                0x00000c5a       0x48 ./arduinolib/Ethernet/src/utility/socket.o
                0x00000c5a                _Z12socketStatush
 .text._Z5closeh
                0x00000ca2       0x4a ./arduinolib/Ethernet/src/utility/socket.o
                0x00000ca2                _Z5closeh
 .text._Z6sockethhjh
                0x00000cec       0x98 ./arduinolib/Ethernet/src/utility/socket.o
                0x00000cec                _Z6sockethhjh
 .text._Z4recvhPhi
                0x00000d84       0xb2 ./arduinolib/Ethernet/src/utility/socket.o
                0x00000d84                _Z4recvhPhi
 .text._Z13recvAvailableh
                0x00000e36       0x4e ./arduinolib/Ethernet/src/utility/socket.o
                0x00000e36                _Z13recvAvailableh
 .text._Z4peekhPh
                0x00000e84       0x56 ./arduinolib/Ethernet/src/utility/socket.o
                0x00000e84                _Z4peekhPh
 .text._Z10bufferDatahjPKhj
                0x00000eda       0x82 ./arduinolib/Ethernet/src/utility/socket.o
                0x00000eda                _Z10bufferDatahjPKhj
 .text._Z8startUDPhPhj
                0x00000f5c       0x82 ./arduinolib/Ethernet/src/utility/socket.o
                0x00000f5c                _Z8startUDPhPhj
 .text._Z7sendUDPh
                0x00000fde       0x8c ./arduinolib/Ethernet/src/utility/socket.o
                0x00000fde                _Z7sendUDPh
 .text._ZN8SPIClass8transferEh
                0x0000106a        0xe ./arduinolib/Ethernet/src/utility/w5100.o
                0x0000106a                _ZN8SPIClass8transferEh
 .text._ZN10W5100Class5setSSEv
                0x00001078       0x30 ./arduinolib/Ethernet/src/utility/w5100.o
                0x00001078                _ZN10W5100Class5setSSEv
 .text._ZN10W5100Class7resetSSEv
                0x000010a8       0x22 ./arduinolib/Ethernet/src/utility/w5100.o
                0x000010a8                _ZN10W5100Class7resetSSEv
 .text._ZN10W5100Class5writeEjh
                0x000010ca       0x38 ./arduinolib/Ethernet/src/utility/w5100.o
                0x000010ca                _ZN10W5100Class5writeEjh
 .text._ZN10W5100Class4initEv
                0x00001102       0xe6 ./arduinolib/Ethernet/src/utility/w5100.o
                0x00001102                _ZN10W5100Class4initEv
 .text._ZN10W5100Class5writeEjPKhj
                0x000011e8       0x52 ./arduinolib/Ethernet/src/utility/w5100.o
                0x000011e8                _ZN10W5100Class5writeEjPKhj
 .text._ZN10W5100Class4readEj
                0x0000123a       0x34 ./arduinolib/Ethernet/src/utility/w5100.o
                0x0000123a                _ZN10W5100Class4readEj
 .text._ZN10W5100Class12readSnTX_FSREh
                0x0000126e       0x2c ./arduinolib/Ethernet/src/utility/w5100.o
                0x0000126e                _ZN10W5100Class12readSnTX_FSREh
 .text._ZN10W5100Class13getTXFreeSizeEh
                0x0000129a       0x34 ./arduinolib/Ethernet/src/utility/w5100.o
                0x0000129a                _ZN10W5100Class13getTXFreeSizeEh
 .text._ZN10W5100Class12readSnRX_RSREh
                0x000012ce       0x2c ./arduinolib/Ethernet/src/utility/w5100.o
                0x000012ce                _ZN10W5100Class12readSnRX_RSREh
 .text._ZN10W5100Class17getRXReceivedSizeEh
                0x000012fa       0x34 ./arduinolib/Ethernet/src/utility/w5100.o
                0x000012fa                _ZN10W5100Class17getRXReceivedSizeEh
 .text._ZN10W5100Class27send_data_processing_offsetEhjPKhj
                0x0000132e       0xd4 ./arduinolib/Ethernet/src/utility/w5100.o
                0x0000132e                _ZN10W5100Class27send_data_processing_offsetEhjPKhj
 .text._ZN10W5100Class4readEjPhj
                0x00001402       0x54 ./arduinolib/Ethernet/src/utility/w5100.o
                0x00001402                _ZN10W5100Class4readEjPhj
 .text._ZN10W5100Class9read_dataEhjPVhj
                0x00001456       0x88 ./arduinolib/Ethernet/src/utility/w5100.o
                0x00001456                _ZN10W5100Class9read_dataEhjPVhj
 .text._ZN10W5100Class20recv_data_processingEhPhjh
                0x000014de       0x96 ./arduinolib/Ethernet/src/utility/w5100.o
                0x000014de                _ZN10W5100Class20recv_data_processingEhPhjh
 .text._ZN10W5100Class9execCmdSnEh7SockCMD
                0x00001574       0x1c ./arduinolib/Ethernet/src/utility/w5100.o
                0x00001574                _ZN10W5100Class9execCmdSnEh7SockCMD
 .text.startup._GLOBAL__sub_I__ZN9DhcpClass13beginWithDHCPEPhmm
                0x00001590       0x14 ./arduinolib/Ethernet/src/Dhcp.o
 .text._ZN9DNSClient5beginERK9IPAddress
                0x000015a4       0x1a ./arduinolib/Ethernet/src/Dns.o
                0x000015a4                _ZN9DNSClient5beginERK9IPAddress
 .text._ZN9DNSClient9inet_atonEPKcR9IPAddress
                0x000015be       0x6c ./arduinolib/Ethernet/src/Dns.o
                0x000015be                _ZN9DNSClient9inet_atonEPKcR9IPAddress
 .text.startup._GLOBAL__sub_I__ZN9DNSClient5beginERK9IPAddress
                0x0000162a       0x14 ./arduinolib/Ethernet/src/Dns.o
 .text._ZN9DNSClient12BuildRequestEPKc
                0x0000163e      0x158 ./arduinolib/Ethernet/src/Dns.o
                0x0000163e                _ZN9DNSClient12BuildRequestEPKc
 .text._ZN9DNSClient15ProcessResponseEjR9IPAddress
                0x00001796      0x298 ./arduinolib/Ethernet/src/Dns.o
                0x00001796                _ZN9DNSClient15ProcessResponseEjR9IPAddress
 .text._ZN9DNSClient13getHostByNameEPKcR9IPAddress
                0x00001a2e      0x10c ./arduinolib/Ethernet/src/Dns.o
                0x00001a2e                _ZN9DNSClient13getHostByNameEPKcR9IPAddress
 .text._ZN10W5100Class8writeGAREPh
                0x00001b3a        0xc ./arduinolib/Ethernet/src/Ethernet.o
                0x00001b3a                _ZN10W5100Class8writeGAREPh
 .text._ZN10W5100Class9writeSUBREPh
                0x00001b46        0xc ./arduinolib/Ethernet/src/Ethernet.o
                0x00001b46                _ZN10W5100Class9writeSUBREPh
 .text._ZN10W5100Class9writeSIPREPh
                0x00001b52        0xc ./arduinolib/Ethernet/src/Ethernet.o
                0x00001b52                _ZN10W5100Class9writeSIPREPh
 .text._ZN13EthernetClass5beginEPh9IPAddressS1_S1_S1_
                0x00001b5e       0x8a ./arduinolib/Ethernet/src/Ethernet.o
                0x00001b5e                _ZN13EthernetClass5beginEPh9IPAddressS1_S1_S1_
 .text._ZN13EthernetClass11dnsServerIPEv
                0x00001be8       0x20 ./arduinolib/Ethernet/src/Ethernet.o
                0x00001be8                _ZN13EthernetClass11dnsServerIPEv
 .text.startup._GLOBAL__sub_I__ZN13EthernetClass6_stateE
                0x00001c08       0x18 ./arduinolib/Ethernet/src/Ethernet.o
 .text.startup._GLOBAL__sub_I__ZN14EthernetClient8_srcportE
                0x00001c20       0x14 ./arduinolib/Ethernet/src/EthernetClient.o
 .text.startup._GLOBAL__sub_I__ZN14EthernetServerC2Ej
                0x00001c34       0x14 ./arduinolib/Ethernet/src/EthernetServer.o
 .text._ZN11EthernetUDP4readEPcj
                0x00001c48        0xe ./arduinolib/Ethernet/src/EthernetUdp.o
                0x00001c48                _ZN11EthernetUDP4readEPcj
 .text._ZN11EthernetUDP8remoteIPEv
                0x00001c56       0x20 ./arduinolib/Ethernet/src/EthernetUdp.o
                0x00001c56                _ZN11EthernetUDP8remoteIPEv
 .text._ZN11EthernetUDP10remotePortEv
                0x00001c76        0x8 ./arduinolib/Ethernet/src/EthernetUdp.o
                0x00001c76                _ZN11EthernetUDP10remotePortEv
 .text._ZN11EthernetUDP9availableEv
                0x00001c7e        0x8 ./arduinolib/Ethernet/src/EthernetUdp.o
                0x00001c7e                _ZN11EthernetUDP9availableEv
 .text._ZN11EthernetUDP5writeEh
                0x00001c86       0x2c ./arduinolib/Ethernet/src/EthernetUdp.o
                0x00001c86                _ZN11EthernetUDP5writeEh
 .text._ZN11EthernetUDP5flushEv
                0x00001cb2        0x2 ./arduinolib/Ethernet/src/EthernetUdp.o
                0x00001cb2                _ZN11EthernetUDP5flushEv
 .text._ZN11EthernetUDP4stopEv
                0x00001cb4       0x2a ./arduinolib/Ethernet/src/EthernetUdp.o
                0x00001cb4                _ZN11EthernetUDP4stopEv
 .text._ZN11EthernetUDP11beginPacketE9IPAddressj
                0x00001cde        0xe ./arduinolib/Ethernet/src/EthernetUdp.o
                0x00001cde                _ZN11EthernetUDP11beginPacketE9IPAddressj
 .text._ZN11EthernetUDP9endPacketEv
                0x00001cec        0x6 ./arduinolib/Ethernet/src/EthernetUdp.o
                0x00001cec                _ZN11EthernetUDP9endPacketEv
 .text._ZN11EthernetUDP5writeEPKhj
                0x00001cf2       0x26 ./arduinolib/Ethernet/src/EthernetUdp.o
                0x00001cf2                _ZN11EthernetUDP5writeEPKhj
 .text._ZN11EthernetUDP4readEv
                0x00001d18       0x50 ./arduinolib/Ethernet/src/EthernetUdp.o
                0x00001d18                _ZN11EthernetUDP4readEv
 .text._ZN11EthernetUDP4readEPhj
                0x00001d68       0x3e ./arduinolib/Ethernet/src/EthernetUdp.o
                0x00001d68                _ZN11EthernetUDP4readEPhj
 .text._ZN11EthernetUDP4peekEv
                0x00001da6       0x30 ./arduinolib/Ethernet/src/EthernetUdp.o
                0x00001da6                _ZN11EthernetUDP4peekEv
 .text._ZN11EthernetUDP5beginEj
                0x00001dd6       0x5a ./arduinolib/Ethernet/src/EthernetUdp.o
                0x00001dd6                _ZN11EthernetUDP5beginEj
 .text._ZN11EthernetUDP11parsePacketEv
                0x00001e30       0xae ./arduinolib/Ethernet/src/EthernetUdp.o
                0x00001e30                _ZN11EthernetUDP11parsePacketEv
 .text._ZN11EthernetUDP14beginMulticastE9IPAddressj
                0x00001ede      0x11a ./arduinolib/Ethernet/src/EthernetUdp.o
                0x00001ede                _ZN11EthernetUDP14beginMulticastE9IPAddressj
 .text._ZN11EthernetUDPC2Ev
                0x00001ff8       0x32 ./arduinolib/Ethernet/src/EthernetUdp.o
                0x00001ff8                _ZN11EthernetUDPC1Ev
                0x00001ff8                _ZN11EthernetUDPC2Ev
 .text._ZN11EthernetUDP11beginPacketEPKcj
                0x0000202a       0xb0 ./arduinolib/Ethernet/src/EthernetUdp.o
                0x0000202a                _ZN11EthernetUDP11beginPacketEPKcj
 .text.startup._GLOBAL__sub_I__ZN11EthernetUDPC2Ev
                0x000020da       0x14 ./arduinolib/Ethernet/src/EthernetUdp.o
 .text._ZN14HardwareSerial9availableEv
                0x000020ee       0x18 C:\Users\tilo\workspace_arduino\ArduinoCoreFiles\328P_16MHz\libArduinoCoreFiles.a(HardwareSerial.o)
                0x000020ee                _ZN14HardwareSerial9availableEv
 .text._ZN14HardwareSerial4peekEv
                0x00002106       0x1c C:\Users\tilo\workspace_arduino\ArduinoCoreFiles\328P_16MHz\libArduinoCoreFiles.a(HardwareSerial.o)
                0x00002106                _ZN14HardwareSerial4peekEv
 .text._ZN14HardwareSerial4readEv
                0x00002122       0x28 C:\Users\tilo\workspace_arduino\ArduinoCoreFiles\328P_16MHz\libArduinoCoreFiles.a(HardwareSerial.o)
                0x00002122                _ZN14HardwareSerial4readEv
 .text._Z14serialEventRunv
                0x0000214a       0x1a C:\Users\tilo\workspace_arduino\ArduinoCoreFiles\328P_16MHz\libArduinoCoreFiles.a(HardwareSerial.o)
                0x0000214a                _Z14serialEventRunv
 .text._ZN14HardwareSerial17_tx_udr_empty_irqEv
                0x00002164       0x42 C:\Users\tilo\workspace_arduino\ArduinoCoreFiles\328P_16MHz\libArduinoCoreFiles.a(HardwareSerial.o)
                0x00002164                _ZN14HardwareSerial17_tx_udr_empty_irqEv
 .text._ZN14HardwareSerial5flushEv
                0x000021a6       0x42 C:\Users\tilo\workspace_arduino\ArduinoCoreFiles\328P_16MHz\libArduinoCoreFiles.a(HardwareSerial.o)
                0x000021a6                _ZN14HardwareSerial5flushEv
 .text._ZN14HardwareSerial5writeEh
                0x000021e8       0x8c C:\Users\tilo\workspace_arduino\ArduinoCoreFiles\328P_16MHz\libArduinoCoreFiles.a(HardwareSerial.o)
                0x000021e8                _ZN14HardwareSerial5writeEh
 .text._ZN14HardwareSerial5beginEmh
                0x00002274       0xc6 C:\Users\tilo\workspace_arduino\ArduinoCoreFiles\328P_16MHz\libArduinoCoreFiles.a(HardwareSerial.o)
                0x00002274                _ZN14HardwareSerial5beginEmh
 .text.__vector_18
                0x0000233a       0x64 C:\Users\tilo\workspace_arduino\ArduinoCoreFiles\328P_16MHz\libArduinoCoreFiles.a(HardwareSerial0.o)
                0x0000233a                __vector_18
 .text.__vector_19
                0x0000239e       0x4a C:\Users\tilo\workspace_arduino\ArduinoCoreFiles\328P_16MHz\libArduinoCoreFiles.a(HardwareSerial0.o)
                0x0000239e                __vector_19
 .text._Z17Serial0_availablev
                0x000023e8       0x12 C:\Users\tilo\workspace_arduino\ArduinoCoreFiles\328P_16MHz\libArduinoCoreFiles.a(HardwareSerial0.o)
                0x000023e8                _Z17Serial0_availablev
 .text.startup._GLOBAL__sub_I___vector_18
                0x000023fa       0x5a C:\Users\tilo\workspace_arduino\ArduinoCoreFiles\328P_16MHz\libArduinoCoreFiles.a(HardwareSerial0.o)
 .text._ZNK9IPAddress7printToER5Print
                0x00002454       0x7e C:\Users\tilo\workspace_arduino\ArduinoCoreFiles\328P_16MHz\libArduinoCoreFiles.a(IPAddress.o)
                0x00002454                _ZNK9IPAddress7printToER5Print
 .text._ZN9IPAddressC2Ev
                0x000024d2       0x14 C:\Users\tilo\workspace_arduino\ArduinoCoreFiles\328P_16MHz\libArduinoCoreFiles.a(IPAddress.o)
                0x000024d2                _ZN9IPAddressC1Ev
                0x000024d2                _ZN9IPAddressC2Ev
 .text._ZN9IPAddressC2Ehhhh
                0x000024e6       0x18 C:\Users\tilo\workspace_arduino\ArduinoCoreFiles\328P_16MHz\libArduinoCoreFiles.a(IPAddress.o)
                0x000024e6                _ZN9IPAddressC2Ehhhh
                0x000024e6                _ZN9IPAddressC1Ehhhh
 .text._ZN9IPAddressC2EPKh
                0x000024fe       0x20 C:\Users\tilo\workspace_arduino\ArduinoCoreFiles\328P_16MHz\libArduinoCoreFiles.a(IPAddress.o)
                0x000024fe                _ZN9IPAddressC2EPKh
                0x000024fe                _ZN9IPAddressC1EPKh
 .text._ZN9IPAddressaSEPKh
                0x0000251e       0x16 C:\Users\tilo\workspace_arduino\ArduinoCoreFiles\328P_16MHz\libArduinoCoreFiles.a(IPAddress.o)
                0x0000251e                _ZN9IPAddressaSEPKh
 .text.startup._GLOBAL__sub_I__ZN9IPAddressC2Ev
                0x00002534       0x16 C:\Users\tilo\workspace_arduino\ArduinoCoreFiles\328P_16MHz\libArduinoCoreFiles.a(IPAddress.o)
 .text._ZN5Print5writeEPKhj
                0x0000254a       0x56 C:\Users\tilo\workspace_arduino\ArduinoCoreFiles\328P_16MHz\libArduinoCoreFiles.a(Print.o)
                0x0000254a                _ZN5Print5writeEPKhj
 .text._ZN5Print5writeEPKc
                0x000025a0       0x2a C:\Users\tilo\workspace_arduino\ArduinoCoreFiles\328P_16MHz\libArduinoCoreFiles.a(Print.o)
                0x000025a0                _ZN5Print5writeEPKc
 .text._ZN5Print5printERK6String
                0x000025ca       0x1c C:\Users\tilo\workspace_arduino\ArduinoCoreFiles\328P_16MHz\libArduinoCoreFiles.a(Print.o)
                0x000025ca                _ZN5Print5printERK6String
 .text._ZN5Print5printEc
                0x000025e6        0xe C:\Users\tilo\workspace_arduino\ArduinoCoreFiles\328P_16MHz\libArduinoCoreFiles.a(Print.o)
                0x000025e6                _ZN5Print5printEc
 .text._ZN5Print7printlnEv
                0x000025f4        0x6 C:\Users\tilo\workspace_arduino\ArduinoCoreFiles\328P_16MHz\libArduinoCoreFiles.a(Print.o)
                0x000025f4                _ZN5Print7printlnEv
 .text._ZN5Print7printlnERK6String
                0x000025fa       0x20 C:\Users\tilo\workspace_arduino\ArduinoCoreFiles\328P_16MHz\libArduinoCoreFiles.a(Print.o)
                0x000025fa                _ZN5Print7printlnERK6String
 .text._ZN5Print7printlnEPKc
                0x0000261a       0x20 C:\Users\tilo\workspace_arduino\ArduinoCoreFiles\328P_16MHz\libArduinoCoreFiles.a(Print.o)
                0x0000261a                _ZN5Print7printlnEPKc
 .text._ZN5Print11printNumberEmh
                0x0000263a       0x8e C:\Users\tilo\workspace_arduino\ArduinoCoreFiles\328P_16MHz\libArduinoCoreFiles.a(Print.o)
                0x0000263a                _ZN5Print11printNumberEmh
 .text._ZN5Print5printEmi
                0x000026c8       0x18 C:\Users\tilo\workspace_arduino\ArduinoCoreFiles\328P_16MHz\libArduinoCoreFiles.a(Print.o)
                0x000026c8                _ZN5Print5printEmi
 .text._ZN5Print5printEhi
                0x000026e0        0xc C:\Users\tilo\workspace_arduino\ArduinoCoreFiles\328P_16MHz\libArduinoCoreFiles.a(Print.o)
                0x000026e0                _ZN5Print5printEhi
 .text._Z8makeWordhh
                0x000026ec        0xa C:\Users\tilo\workspace_arduino\ArduinoCoreFiles\328P_16MHz\libArduinoCoreFiles.a(WMath.o)
                0x000026ec                _Z8makeWordhh
 .text._ZN6StringD2Ev
                0x000026f6        0x8 C:\Users\tilo\workspace_arduino\ArduinoCoreFiles\328P_16MHz\libArduinoCoreFiles.a(WString.o)
                0x000026f6                _ZN6StringD2Ev
                0x000026f6                _ZN6StringD1Ev
 .text._ZN6String10invalidateEv
                0x000026fe       0x22 C:\Users\tilo\workspace_arduino\ArduinoCoreFiles\328P_16MHz\libArduinoCoreFiles.a(WString.o)
                0x000026fe                _ZN6String10invalidateEv
 .text._ZN6String12changeBufferEj
                0x00002720       0x32 C:\Users\tilo\workspace_arduino\ArduinoCoreFiles\328P_16MHz\libArduinoCoreFiles.a(WString.o)
                0x00002720                _ZN6String12changeBufferEj
 .text._ZN6String7reserveEj
                0x00002752       0x36 C:\Users\tilo\workspace_arduino\ArduinoCoreFiles\328P_16MHz\libArduinoCoreFiles.a(WString.o)
                0x00002752                _ZN6String7reserveEj
 .text._ZN6String4copyEPKcj
                0x00002788       0x3c C:\Users\tilo\workspace_arduino\ArduinoCoreFiles\328P_16MHz\libArduinoCoreFiles.a(WString.o)
                0x00002788                _ZN6String4copyEPKcj
 .text._ZN6StringC2EPKc
                0x000027c4       0x28 C:\Users\tilo\workspace_arduino\ArduinoCoreFiles\328P_16MHz\libArduinoCoreFiles.a(WString.o)
                0x000027c4                _ZN6StringC2EPKc
                0x000027c4                _ZN6StringC1EPKc
 .text._ZN6StringaSERKS_
                0x000027ec       0x2a C:\Users\tilo\workspace_arduino\ArduinoCoreFiles\328P_16MHz\libArduinoCoreFiles.a(WString.o)
                0x000027ec                _ZN6StringaSERKS_
 .text._ZN6StringC2ERKS_
                0x00002816       0x10 C:\Users\tilo\workspace_arduino\ArduinoCoreFiles\328P_16MHz\libArduinoCoreFiles.a(WString.o)
                0x00002816                _ZN6StringC2ERKS_
                0x00002816                _ZN6StringC1ERKS_
 .text._ZN6String6concatEPKcj
                0x00002826       0x58 C:\Users\tilo\workspace_arduino\ArduinoCoreFiles\328P_16MHz\libArduinoCoreFiles.a(WString.o)
                0x00002826                _ZN6String6concatEPKcj
 .text._ZplRK15StringSumHelperRK6String
                0x0000287e       0x22 C:\Users\tilo\workspace_arduino\ArduinoCoreFiles\328P_16MHz\libArduinoCoreFiles.a(WString.o)
                0x0000287e                _ZplRK15StringSumHelperRK6String
 .text._ZplRK15StringSumHelperPKc
                0x000028a0       0x2e C:\Users\tilo\workspace_arduino\ArduinoCoreFiles\328P_16MHz\libArduinoCoreFiles.a(WString.o)
                0x000028a0                _ZplRK15StringSumHelperPKc
 .text._ZNK6String8getBytesEPhjj
                0x000028ce       0x5c C:\Users\tilo\workspace_arduino\ArduinoCoreFiles\328P_16MHz\libArduinoCoreFiles.a(WString.o)
                0x000028ce                _ZNK6String8getBytesEPhjj
 .text.__empty  0x0000292a        0x2 C:\Users\tilo\workspace_arduino\ArduinoCoreFiles\328P_16MHz\libArduinoCoreFiles.a(hooks.o)
                0x0000292a                yield
 .text.initVariant
                0x0000292c        0x2 C:\Users\tilo\workspace_arduino\ArduinoCoreFiles\328P_16MHz\libArduinoCoreFiles.a(main.o)
                0x0000292c                initVariant
 .text.startup.main
                0x0000292e       0x18 C:\Users\tilo\workspace_arduino\ArduinoCoreFiles\328P_16MHz\libArduinoCoreFiles.a(main.o)
                0x0000292e                main
 .text._Znwj    0x00002946        0x2 C:\Users\tilo\workspace_arduino\ArduinoCoreFiles\328P_16MHz\libArduinoCoreFiles.a(new.o)
                0x00002946                _Znwj
 .text.__vector_16
                0x00002948       0x94 C:\Users\tilo\workspace_arduino\ArduinoCoreFiles\328P_16MHz\libArduinoCoreFiles.a(wiring.o)
                0x00002948                __vector_16
 .text.millis   0x000029dc       0x18 C:\Users\tilo\workspace_arduino\ArduinoCoreFiles\328P_16MHz\libArduinoCoreFiles.a(wiring.o)
                0x000029dc                millis
 .text.micros   0x000029f4       0x4a C:\Users\tilo\workspace_arduino\ArduinoCoreFiles\328P_16MHz\libArduinoCoreFiles.a(wiring.o)
                0x000029f4                micros
 .text.delay    0x00002a3e       0x72 C:\Users\tilo\workspace_arduino\ArduinoCoreFiles\328P_16MHz\libArduinoCoreFiles.a(wiring.o)
                0x00002a3e                delay
 .text.init     0x00002ab0       0x76 C:\Users\tilo\workspace_arduino\ArduinoCoreFiles\328P_16MHz\libArduinoCoreFiles.a(wiring.o)
                0x00002ab0                init
 .text.turnOffPWM
                0x00002b26       0x52 C:\Users\tilo\workspace_arduino\ArduinoCoreFiles\328P_16MHz\libArduinoCoreFiles.a(wiring_digital.o)
 .text.pinMode  0x00002b78       0x78 C:\Users\tilo\workspace_arduino\ArduinoCoreFiles\328P_16MHz\libArduinoCoreFiles.a(wiring_digital.o)
                0x00002b78                pinMode
 .text.digitalWrite
                0x00002bf0       0x5e C:\Users\tilo\workspace_arduino\ArduinoCoreFiles\328P_16MHz\libArduinoCoreFiles.a(wiring_digital.o)
                0x00002bf0                digitalWrite
 .text.pulseInLong
                0x00002c4e       0xfe C:\Users\tilo\workspace_arduino\ArduinoCoreFiles\328P_16MHz\libArduinoCoreFiles.a(wiring_pulse.o)
                0x00002c4e                pulseInLong
 .text.libgcc.div
                0x00002d4c       0x28 c:/program files (x86)/arduino/hardware/tools/avr/bin/../lib/gcc/avr/4.9.2/avr5\libgcc.a(_udivmodhi4.o)
                0x00002d4c                __udivmodhi4
 .text.libgcc.div
                0x00002d74       0x44 c:/program files (x86)/arduino/hardware/tools/avr/bin/../lib/gcc/avr/4.9.2/avr5\libgcc.a(_udivmodsi4.o)
                0x00002d74                __udivmodsi4
 .text.libgcc   0x00002db8        0xc c:/program files (x86)/arduino/hardware/tools/avr/bin/../lib/gcc/avr/4.9.2/avr5\libgcc.a(_tablejump2.o)
                0x00002db8                __tablejump2__
 .text.avr-libc
                0x00002dc4      0x25a c:/program files (x86)/arduino/hardware/tools/avr/bin/../lib/gcc/avr/4.9.2/../../../../avr/lib/avr5\libc.a(malloc.o)
                0x00002dc4                malloc
                0x00002eee                free
 .text.avr-libc
                0x0000301e      0x186 c:/program files (x86)/arduino/hardware/tools/avr/bin/../lib/gcc/avr/4.9.2/../../../../avr/lib/avr5\libc.a(realloc.o)
                0x0000301e                realloc
 .text.avr-libc
                0x000031a4       0x12 c:/program files (x86)/arduino/hardware/tools/avr/bin/../lib/gcc/avr/4.9.2/../../../../avr/lib/avr5\libc.a(memcpy.o)
                0x000031a4                memcpy
 .text.avr-libc
                0x000031b6        0xe c:/program files (x86)/arduino/hardware/tools/avr/bin/../lib/gcc/avr/4.9.2/../../../../avr/lib/avr5\libc.a(strcpy.o)
                0x000031b6                strcpy
 .text.avr-libc
                0x000031c4       0x1e c:/program files (x86)/arduino/hardware/tools/avr/bin/../lib/gcc/avr/4.9.2/../../../../avr/lib/avr5\libc.a(strncpy.o)
                0x000031c4                strncpy
 .text.avr-libc
                0x000031e2       0x40 c:/program files (x86)/arduino/hardware/tools/avr/bin/../lib/gcc/avr/4.9.2/../../../../avr/lib/avr5\libc.a(sprintf.o)
                0x000031e2                sprintf
 .text.avr-libc
                0x00003222      0x386 c:/program files (x86)/arduino/hardware/tools/avr/bin/../lib/gcc/avr/4.9.2/../../../../avr/lib/avr5\libc.a(vfprintf_std.o)
                0x00003222                vfprintf
 .text.avr-libc
                0x000035a8       0x16 c:/program files (x86)/arduino/hardware/tools/avr/bin/../lib/gcc/avr/4.9.2/../../../../avr/lib/avr5\libc.a(strnlen_P.o)
                0x000035a8                strnlen_P
 .text.avr-libc
                0x000035be       0x16 c:/program files (x86)/arduino/hardware/tools/avr/bin/../lib/gcc/avr/4.9.2/../../../../avr/lib/avr5\libc.a(strnlen.o)
                0x000035be                strnlen
 .text.avr-libc
                0x000035d4       0x70 c:/program files (x86)/arduino/hardware/tools/avr/bin/../lib/gcc/avr/4.9.2/../../../../avr/lib/avr5\libc.a(fputc.o)
                0x000035d4                fputc
 .text.avr-libc
                0x00003644       0xbc c:/program files (x86)/arduino/hardware/tools/avr/bin/../lib/gcc/avr/4.9.2/../../../../avr/lib/avr5\libc.a(ultoa_invert.o)
                0x00003644                __ultoa_invert
 .text.avr-libc
                0x00003700       0x10 c:/program files (x86)/arduino/hardware/tools/avr/bin/../lib/gcc/avr/4.9.2/../../../../avr/lib/avr5\libatmega328p.a(eerd_byte.o)
                0x00003700                eeprom_read_byte
 .text.libgcc.prologue
                0x00003710       0x38 c:/program files (x86)/arduino/hardware/tools/avr/bin/../lib/gcc/avr/4.9.2/avr5\libgcc.a(_prologue.o)
                0x00003710                __prologue_saves__
 .text.libgcc.prologue
                0x00003748       0x36 c:/program files (x86)/arduino/hardware/tools/avr/bin/../lib/gcc/avr/4.9.2/avr5\libgcc.a(_epilogue.o)
                0x00003748                __epilogue_restores__
                0x0000377e                . = ALIGN (0x2)
 *(.fini9)
 .fini9         0x0000377e        0x0 c:/program files (x86)/arduino/hardware/tools/avr/bin/../lib/gcc/avr/4.9.2/avr5\libgcc.a(_exit.o)
                0x0000377e                _exit
                0x0000377e                exit
 *(.fini9)
 *(.fini8)
 *(.fini8)
 *(.fini7)
 *(.fini7)
 *(.fini6)
 *(.fini6)
 *(.fini5)
 *(.fini5)
 *(.fini4)
 *(.fini4)
 *(.fini3)
 *(.fini3)
 *(.fini2)
 *(.fini2)
 *(.fini1)
 *(.fini1)
 *(.fini0)
 .fini0         0x0000377e        0x4 c:/program files (x86)/arduino/hardware/tools/avr/bin/../lib/gcc/avr/4.9.2/avr5\libgcc.a(_exit.o)
 *(.fini0)
                0x00003782                _etext = .

.data           0x00800100      0x128 load address 0x00003782
                0x00800100                PROVIDE (__data_start, .)
 *(.data)
 .data          0x00800100        0x0 c:/program files (x86)/arduino/hardware/tools/avr/bin/../lib/gcc/avr/4.9.2/../../../../avr/lib/avr5/crtatmega328p.o
 .data          0x00800100        0x0 ./src/main.o
 .data          0x00800100        0x0 ./lib/Net/Net.o
 .data          0x00800100        0x0 ./lib/IRIGB/IRIGB.o
 .data          0x00800100        0x0 ./arduinolib/SPI/src/SPI.o
 .data          0x00800100        0x0 ./arduinolib/NetEEPROM/src/NetEEPROM.o
 .data          0x00800100        0x0 ./arduinolib/Ethernet/src/utility/socket.o
 .data          0x00800100        0x0 ./arduinolib/Ethernet/src/utility/w5100.o
 .data          0x00800100        0x0 ./arduinolib/Ethernet/src/Dhcp.o
 .data          0x00800100        0x0 ./arduinolib/Ethernet/src/Dns.o
 .data          0x00800100        0x0 ./arduinolib/Ethernet/src/Ethernet.o
 .data          0x00800100        0x0 ./arduinolib/Ethernet/src/EthernetClient.o
 .data          0x00800100        0x0 ./arduinolib/Ethernet/src/EthernetServer.o
 .data          0x00800100        0x0 ./arduinolib/Ethernet/src/EthernetUdp.o
 .data          0x00800100        0x0 C:\Users\tilo\workspace_arduino\ArduinoCoreFiles\328P_16MHz\libArduinoCoreFiles.a(HardwareSerial.o)
 .data          0x00800100        0x0 C:\Users\tilo\workspace_arduino\ArduinoCoreFiles\328P_16MHz\libArduinoCoreFiles.a(HardwareSerial0.o)
 .data          0x00800100        0x0 C:\Users\tilo\workspace_arduino\ArduinoCoreFiles\328P_16MHz\libArduinoCoreFiles.a(IPAddress.o)
 .data          0x00800100        0x0 C:\Users\tilo\workspace_arduino\ArduinoCoreFiles\328P_16MHz\libArduinoCoreFiles.a(Print.o)
 .data          0x00800100        0x0 C:\Users\tilo\workspace_arduino\ArduinoCoreFiles\328P_16MHz\libArduinoCoreFiles.a(WMath.o)
 .data          0x00800100        0x0 C:\Users\tilo\workspace_arduino\ArduinoCoreFiles\328P_16MHz\libArduinoCoreFiles.a(WString.o)
 .data          0x00800100        0x0 C:\Users\tilo\workspace_arduino\ArduinoCoreFiles\328P_16MHz\libArduinoCoreFiles.a(abi.o)
 .data          0x00800100        0x0 C:\Users\tilo\workspace_arduino\ArduinoCoreFiles\328P_16MHz\libArduinoCoreFiles.a(hooks.o)
 .data          0x00800100        0x0 C:\Users\tilo\workspace_arduino\ArduinoCoreFiles\328P_16MHz\libArduinoCoreFiles.a(main.o)
 .data          0x00800100        0x0 C:\Users\tilo\workspace_arduino\ArduinoCoreFiles\328P_16MHz\libArduinoCoreFiles.a(new.o)
 .data          0x00800100        0x0 C:\Users\tilo\workspace_arduino\ArduinoCoreFiles\328P_16MHz\libArduinoCoreFiles.a(wiring.o)
 .data          0x00800100        0x0 C:\Users\tilo\workspace_arduino\ArduinoCoreFiles\328P_16MHz\libArduinoCoreFiles.a(wiring_analog.o)
 .data          0x00800100        0x0 C:\Users\tilo\workspace_arduino\ArduinoCoreFiles\328P_16MHz\libArduinoCoreFiles.a(wiring_digital.o)
 .data          0x00800100        0x0 C:\Users\tilo\workspace_arduino\ArduinoCoreFiles\328P_16MHz\libArduinoCoreFiles.a(wiring_pulse.o)
 .data          0x00800100        0x0 c:/program files (x86)/arduino/hardware/tools/avr/bin/../lib/gcc/avr/4.9.2/avr5\libgcc.a(_mulsi3.o)
 .data          0x00800100        0x0 c:/program files (x86)/arduino/hardware/tools/avr/bin/../lib/gcc/avr/4.9.2/avr5\libgcc.a(_udivmodhi4.o)
 .data          0x00800100        0x0 c:/program files (x86)/arduino/hardware/tools/avr/bin/../lib/gcc/avr/4.9.2/avr5\libgcc.a(_udivmodsi4.o)
 .data          0x00800100        0x0 c:/program files (x86)/arduino/hardware/tools/avr/bin/../lib/gcc/avr/4.9.2/avr5\libgcc.a(_divmodsi4.o)
 .data          0x00800100        0x0 c:/program files (x86)/arduino/hardware/tools/avr/bin/../lib/gcc/avr/4.9.2/avr5\libgcc.a(_negsi2.o)
 .data          0x00800100        0x0 c:/program files (x86)/arduino/hardware/tools/avr/bin/../lib/gcc/avr/4.9.2/avr5\libgcc.a(_exit.o)
 .data          0x00800100        0x0 c:/program files (x86)/arduino/hardware/tools/avr/bin/../lib/gcc/avr/4.9.2/avr5\libgcc.a(_copy_data.o)
 .data          0x00800100        0x0 c:/program files (x86)/arduino/hardware/tools/avr/bin/../lib/gcc/avr/4.9.2/avr5\libgcc.a(_clear_bss.o)
 .data          0x00800100        0x0 c:/program files (x86)/arduino/hardware/tools/avr/bin/../lib/gcc/avr/4.9.2/avr5\libgcc.a(_ctors.o)
 .data          0x00800100        0x0 c:/program files (x86)/arduino/hardware/tools/avr/bin/../lib/gcc/avr/4.9.2/avr5\libgcc.a(_bswapsi2.o)
 .data          0x00800100        0x0 c:/program files (x86)/arduino/hardware/tools/avr/bin/../lib/gcc/avr/4.9.2/avr5\libgcc.a(_muluhisi3.o)
 .data          0x00800100        0x0 c:/program files (x86)/arduino/hardware/tools/avr/bin/../lib/gcc/avr/4.9.2/avr5\libgcc.a(_tablejump2.o)
 .data          0x00800100        0x0 c:/program files (x86)/arduino/hardware/tools/avr/bin/../lib/gcc/avr/4.9.2/avr5\libgcc.a(_umulhisi3.o)
 .data          0x00800100        0x0 c:/program files (x86)/arduino/hardware/tools/avr/bin/../lib/gcc/avr/4.9.2/../../../../avr/lib/avr5\libm.a(addsf3.o)
 .data          0x00800100        0x0 c:/program files (x86)/arduino/hardware/tools/avr/bin/../lib/gcc/avr/4.9.2/../../../../avr/lib/avr5\libm.a(addsf3x.o)
 .data          0x00800100        0x0 c:/program files (x86)/arduino/hardware/tools/avr/bin/../lib/gcc/avr/4.9.2/../../../../avr/lib/avr5\libm.a(cmpsf2.o)
 .data          0x00800100        0x0 c:/program files (x86)/arduino/hardware/tools/avr/bin/../lib/gcc/avr/4.9.2/../../../../avr/lib/avr5\libm.a(divsf3.o)
 .data          0x00800100        0x0 c:/program files (x86)/arduino/hardware/tools/avr/bin/../lib/gcc/avr/4.9.2/../../../../avr/lib/avr5\libm.a(divsf3x.o)
 .data          0x00800100        0x0 c:/program files (x86)/arduino/hardware/tools/avr/bin/../lib/gcc/avr/4.9.2/../../../../avr/lib/avr5\libm.a(fixunssfsi.o)
 .data          0x00800100        0x0 c:/program files (x86)/arduino/hardware/tools/avr/bin/../lib/gcc/avr/4.9.2/../../../../avr/lib/avr5\libm.a(floatsisf.o)
 .data          0x00800100        0x0 c:/program files (x86)/arduino/hardware/tools/avr/bin/../lib/gcc/avr/4.9.2/../../../../avr/lib/avr5\libm.a(fp_cmp.o)
 .data          0x00800100        0x0 c:/program files (x86)/arduino/hardware/tools/avr/bin/../lib/gcc/avr/4.9.2/../../../../avr/lib/avr5\libm.a(fp_inf.o)
 .data          0x00800100        0x0 c:/program files (x86)/arduino/hardware/tools/avr/bin/../lib/gcc/avr/4.9.2/../../../../avr/lib/avr5\libm.a(fp_nan.o)
 .data          0x00800100        0x0 c:/program files (x86)/arduino/hardware/tools/avr/bin/../lib/gcc/avr/4.9.2/../../../../avr/lib/avr5\libm.a(fp_pscA.o)
 .data          0x00800100        0x0 c:/program files (x86)/arduino/hardware/tools/avr/bin/../lib/gcc/avr/4.9.2/../../../../avr/lib/avr5\libm.a(fp_pscB.o)
 .data          0x00800100        0x0 c:/program files (x86)/arduino/hardware/tools/avr/bin/../lib/gcc/avr/4.9.2/../../../../avr/lib/avr5\libm.a(fp_round.o)
 .data          0x00800100        0x0 c:/program files (x86)/arduino/hardware/tools/avr/bin/../lib/gcc/avr/4.9.2/../../../../avr/lib/avr5\libm.a(fp_split3.o)
 .data          0x00800100        0x0 c:/program files (x86)/arduino/hardware/tools/avr/bin/../lib/gcc/avr/4.9.2/../../../../avr/lib/avr5\libm.a(fp_zero.o)
 .data          0x00800100        0x0 c:/program files (x86)/arduino/hardware/tools/avr/bin/../lib/gcc/avr/4.9.2/../../../../avr/lib/avr5\libm.a(gesf2.o)
 .data          0x00800100        0x0 c:/program files (x86)/arduino/hardware/tools/avr/bin/../lib/gcc/avr/4.9.2/../../../../avr/lib/avr5\libm.a(mulsf3.o)
 .data          0x00800100        0x0 c:/program files (x86)/arduino/hardware/tools/avr/bin/../lib/gcc/avr/4.9.2/../../../../avr/lib/avr5\libm.a(mulsf3x.o)
 .data          0x00800100        0x0 c:/program files (x86)/arduino/hardware/tools/avr/bin/../lib/gcc/avr/4.9.2/../../../../avr/lib/avr5\libm.a(unordsf2.o)
 .data          0x00800100        0x0 c:/program files (x86)/arduino/hardware/tools/avr/bin/../lib/gcc/avr/4.9.2/../../../../avr/lib/avr5\libc.a(dtostrf.o)
 .data          0x00800100        0x6 c:/program files (x86)/arduino/hardware/tools/avr/bin/../lib/gcc/avr/4.9.2/../../../../avr/lib/avr5\libc.a(malloc.o)
                0x00800100                __malloc_heap_end
                0x00800102                __malloc_heap_start
                0x00800104                __malloc_margin
 .data          0x00800106        0x4 c:/program files (x86)/arduino/hardware/tools/avr/bin/../lib/gcc/avr/4.9.2/../../../../avr/lib/avr5\libc.a(random.o)
 .data          0x0080010a        0x0 c:/program files (x86)/arduino/hardware/tools/avr/bin/../lib/gcc/avr/4.9.2/../../../../avr/lib/avr5\libc.a(realloc.o)
 .data          0x0080010a        0x0 c:/program files (x86)/arduino/hardware/tools/avr/bin/../lib/gcc/avr/4.9.2/../../../../avr/lib/avr5\libc.a(abort.o)
 .data          0x0080010a        0x0 c:/program files (x86)/arduino/hardware/tools/avr/bin/../lib/gcc/avr/4.9.2/../../../../avr/lib/avr5\libc.a(atof.o)
 .data          0x0080010a        0x0 c:/program files (x86)/arduino/hardware/tools/avr/bin/../lib/gcc/avr/4.9.2/../../../../avr/lib/avr5\libc.a(atol.o)
 .data          0x0080010a        0x0 c:/program files (x86)/arduino/hardware/tools/avr/bin/../lib/gcc/avr/4.9.2/../../../../avr/lib/avr5\libc.a(isspace.o)
 .data          0x0080010a        0x0 c:/program files (x86)/arduino/hardware/tools/avr/bin/../lib/gcc/avr/4.9.2/../../../../avr/lib/avr5\libc.a(tolower.o)
 .data          0x0080010a        0x0 c:/program files (x86)/arduino/hardware/tools/avr/bin/../lib/gcc/avr/4.9.2/../../../../avr/lib/avr5\libc.a(toupper.o)
 .data          0x0080010a        0x0 c:/program files (x86)/arduino/hardware/tools/avr/bin/../lib/gcc/avr/4.9.2/../../../../avr/lib/avr5\libc.a(strcpy_P.o)
 .data          0x0080010a        0x0 c:/program files (x86)/arduino/hardware/tools/avr/bin/../lib/gcc/avr/4.9.2/../../../../avr/lib/avr5\libc.a(strlen_P.o)
 .data          0x0080010a        0x0 c:/program files (x86)/arduino/hardware/tools/avr/bin/../lib/gcc/avr/4.9.2/../../../../avr/lib/avr5\libc.a(memcmp.o)
 .data          0x0080010a        0x0 c:/program files (x86)/arduino/hardware/tools/avr/bin/../lib/gcc/avr/4.9.2/../../../../avr/lib/avr5\libc.a(memcpy.o)
 .data          0x0080010a        0x0 c:/program files (x86)/arduino/hardware/tools/avr/bin/../lib/gcc/avr/4.9.2/../../../../avr/lib/avr5\libc.a(memmove.o)
 .data          0x0080010a        0x0 c:/program files (x86)/arduino/hardware/tools/avr/bin/../lib/gcc/avr/4.9.2/../../../../avr/lib/avr5\libc.a(strchr.o)
 .data          0x0080010a        0x0 c:/program files (x86)/arduino/hardware/tools/avr/bin/../lib/gcc/avr/4.9.2/../../../../avr/lib/avr5\libc.a(strcmp.o)
 .data          0x0080010a        0x0 c:/program files (x86)/arduino/hardware/tools/avr/bin/../lib/gcc/avr/4.9.2/../../../../avr/lib/avr5\libc.a(strcpy.o)
 .data          0x0080010a        0x0 c:/program files (x86)/arduino/hardware/tools/avr/bin/../lib/gcc/avr/4.9.2/../../../../avr/lib/avr5\libc.a(strncmp.o)
 .data          0x0080010a        0x0 c:/program files (x86)/arduino/hardware/tools/avr/bin/../lib/gcc/avr/4.9.2/../../../../avr/lib/avr5\libc.a(strncpy.o)
 .data          0x0080010a        0x0 c:/program files (x86)/arduino/hardware/tools/avr/bin/../lib/gcc/avr/4.9.2/../../../../avr/lib/avr5\libc.a(strrchr.o)
 .data          0x0080010a        0x0 c:/program files (x86)/arduino/hardware/tools/avr/bin/../lib/gcc/avr/4.9.2/../../../../avr/lib/avr5\libc.a(strstr.o)
 .data          0x0080010a        0x0 c:/program files (x86)/arduino/hardware/tools/avr/bin/../lib/gcc/avr/4.9.2/../../../../avr/lib/avr5\libc.a(itoa.o)
 .data          0x0080010a        0x0 c:/program files (x86)/arduino/hardware/tools/avr/bin/../lib/gcc/avr/4.9.2/../../../../avr/lib/avr5\libc.a(itoa_ncheck.o)
 .data          0x0080010a        0x0 c:/program files (x86)/arduino/hardware/tools/avr/bin/../lib/gcc/avr/4.9.2/../../../../avr/lib/avr5\libc.a(ltoa.o)
 .data          0x0080010a        0x0 c:/program files (x86)/arduino/hardware/tools/avr/bin/../lib/gcc/avr/4.9.2/../../../../avr/lib/avr5\libc.a(ltoa_ncheck.o)
 .data          0x0080010a        0x0 c:/program files (x86)/arduino/hardware/tools/avr/bin/../lib/gcc/avr/4.9.2/../../../../avr/lib/avr5\libc.a(mulsi10.o)
 .data          0x0080010a        0x0 c:/program files (x86)/arduino/hardware/tools/avr/bin/../lib/gcc/avr/4.9.2/../../../../avr/lib/avr5\libc.a(ultoa.o)
 .data          0x0080010a        0x0 c:/program files (x86)/arduino/hardware/tools/avr/bin/../lib/gcc/avr/4.9.2/../../../../avr/lib/avr5\libc.a(ultoa_ncheck.o)
 .data          0x0080010a        0x0 c:/program files (x86)/arduino/hardware/tools/avr/bin/../lib/gcc/avr/4.9.2/../../../../avr/lib/avr5\libc.a(utoa.o)
 .data          0x0080010a        0x0 c:/program files (x86)/arduino/hardware/tools/avr/bin/../lib/gcc/avr/4.9.2/../../../../avr/lib/avr5\libc.a(utoa_ncheck.o)
 .data          0x0080010a        0x0 c:/program files (x86)/arduino/hardware/tools/avr/bin/../lib/gcc/avr/4.9.2/../../../../avr/lib/avr5\libc.a(sprintf.o)
 .data          0x0080010a        0x0 c:/program files (x86)/arduino/hardware/tools/avr/bin/../lib/gcc/avr/4.9.2/../../../../avr/lib/avr5\libc.a(vfprintf_std.o)
 .data          0x0080010a        0x0 c:/program files (x86)/arduino/hardware/tools/avr/bin/../lib/gcc/avr/4.9.2/../../../../avr/lib/avr5\libc.a(dtoa_prf.o)
 .data          0x0080010a        0x0 c:/program files (x86)/arduino/hardware/tools/avr/bin/../lib/gcc/avr/4.9.2/../../../../avr/lib/avr5\libc.a(strtod.o)
 .data          0x0080010a        0x0 c:/program files (x86)/arduino/hardware/tools/avr/bin/../lib/gcc/avr/4.9.2/../../../../avr/lib/avr5\libc.a(ftoa_engine.o)
 .data          0x0080010a        0x0 c:/program files (x86)/arduino/hardware/tools/avr/bin/../lib/gcc/avr/4.9.2/../../../../avr/lib/avr5\libc.a(cty_isfalse.o)
 .data          0x0080010a        0x0 c:/program files (x86)/arduino/hardware/tools/avr/bin/../lib/gcc/avr/4.9.2/../../../../avr/lib/avr5\libc.a(strncasecmp_P.o)
 .data          0x0080010a        0x0 c:/program files (x86)/arduino/hardware/tools/avr/bin/../lib/gcc/avr/4.9.2/../../../../avr/lib/avr5\libc.a(strnlen_P.o)
 .data          0x0080010a        0x0 c:/program files (x86)/arduino/hardware/tools/avr/bin/../lib/gcc/avr/4.9.2/../../../../avr/lib/avr5\libc.a(strnlen.o)
 .data          0x0080010a        0x0 c:/program files (x86)/arduino/hardware/tools/avr/bin/../lib/gcc/avr/4.9.2/../../../../avr/lib/avr5\libc.a(strrev.o)
 .data          0x0080010a        0x0 c:/program files (x86)/arduino/hardware/tools/avr/bin/../lib/gcc/avr/4.9.2/../../../../avr/lib/avr5\libc.a(fputc.o)
 .data          0x0080010a        0x0 c:/program files (x86)/arduino/hardware/tools/avr/bin/../lib/gcc/avr/4.9.2/../../../../avr/lib/avr5\libc.a(ultoa_invert.o)
 .data          0x0080010a        0x0 c:/program files (x86)/arduino/hardware/tools/avr/bin/../lib/gcc/avr/4.9.2/../../../../avr/lib/avr5\libc.a(errno.o)
 .data          0x0080010a        0x0 c:/program files (x86)/arduino/hardware/tools/avr/bin/../lib/gcc/avr/4.9.2/../../../../avr/lib/avr5\libatmega328p.a(eerd_byte.o)
 .data          0x0080010a        0x0 c:/program files (x86)/arduino/hardware/tools/avr/bin/../lib/gcc/avr/4.9.2/../../../../avr/lib/avr5\libatmega328p.a(eewr_byte.o)
 .data          0x0080010a        0x0 c:/program files (x86)/arduino/hardware/tools/avr/bin/../lib/gcc/avr/4.9.2/avr5\libgcc.a(_mulshisi3.o)
 .data          0x0080010a        0x0 c:/program files (x86)/arduino/hardware/tools/avr/bin/../lib/gcc/avr/4.9.2/avr5\libgcc.a(_prologue.o)
 .data          0x0080010a        0x0 c:/program files (x86)/arduino/hardware/tools/avr/bin/../lib/gcc/avr/4.9.2/avr5\libgcc.a(_epilogue.o)
 *(.data*)
 *(.rodata)
 .rodata        0x0080010a        0xc ./lib/IRIGB/IRIGB.o
 .rodata        0x00800116        0x6 ./arduinolib/Ethernet/src/EthernetUdp.o
 *(.rodata*)
 .rodata.str1.1
                0x0080011c       0x16 ./src/main.o
                                 0x18 (size before relaxing)
 .rodata.str1.1
                0x00800132       0x11 ./lib/Net/Net.o
                                 0x12 (size before relaxing)
 .rodata.str1.1
                0x00800143       0x9a ./lib/IRIGB/IRIGB.o
 .rodata._ZTV11EthernetUDP
                0x008001dd       0x26 ./arduinolib/Ethernet/src/EthernetUdp.o
                0x008001dd                _ZTV11EthernetUDP
 .rodata._ZTV14HardwareSerial
                0x00800203       0x10 C:\Users\tilo\workspace_arduino\ArduinoCoreFiles\328P_16MHz\libArduinoCoreFiles.a(HardwareSerial.o)
                0x00800203                _ZTV14HardwareSerial
 .rodata._ZTV9IPAddress
                0x00800213        0x6 C:\Users\tilo\workspace_arduino\ArduinoCoreFiles\328P_16MHz\libArduinoCoreFiles.a(IPAddress.o)
                0x00800213                _ZTV9IPAddress
 .rodata.str1.1
                0x00800219        0xf C:\Users\tilo\workspace_arduino\ArduinoCoreFiles\328P_16MHz\libArduinoCoreFiles.a(Print.o)
                                 0x11 (size before relaxing)
 *(.gnu.linkonce.d*)
                0x00800228                . = ALIGN (0x2)
                0x00800228                _edata = .
                0x00800228                PROVIDE (__data_end, .)

.bss            0x00800228      0x114
                0x00800228                PROVIDE (__bss_start, .)
 *(.bss)
 *(.bss*)
 .bss.net       0x00800228        0x2 ./src/main.o
                0x00800228                net
 .bss.irig_borlange
                0x0080022a        0x2 ./src/main.o
                0x0080022a                irig_borlange
 .bss.irig_boden
                0x0080022c        0x2 ./src/main.o
                0x0080022c                irig_boden
 .bss._ZL11INADDR_NONE
                0x0080022e        0x6 ./src/main.o
 .bss._ZL11INADDR_NONE
                0x00800234        0x6 ./lib/Net/Net.o
 .bss._ZN8SPIClass13interruptSaveE
                0x0080023a        0x1 ./arduinolib/SPI/src/SPI.o
                0x0080023a                _ZN8SPIClass13interruptSaveE
 .bss._ZN8SPIClass13interruptMaskE
                0x0080023b        0x1 ./arduinolib/SPI/src/SPI.o
                0x0080023b                _ZN8SPIClass13interruptMaskE
 .bss._ZN8SPIClass13interruptModeE
                0x0080023c        0x1 ./arduinolib/SPI/src/SPI.o
                0x0080023c                _ZN8SPIClass13interruptModeE
 .bss._ZN8SPIClass11initializedE
                0x0080023d        0x1 ./arduinolib/SPI/src/SPI.o
                0x0080023d                _ZN8SPIClass11initializedE
 .bss.NetEeprom
                0x0080023e        0x2 ./arduinolib/NetEEPROM/src/NetEEPROM.o
                0x0080023e                NetEeprom
 .bss._ZL11INADDR_NONE
                0x00800240        0x6 ./arduinolib/NetEEPROM/src/NetEEPROM.o
 .bss._ZL10local_port
                0x00800246        0x2 ./arduinolib/Ethernet/src/utility/socket.o
 .bss.W5100     0x00800248       0x10 ./arduinolib/Ethernet/src/utility/w5100.o
                0x00800248                W5100
 .bss._ZL11INADDR_NONE
                0x00800258        0x6 ./arduinolib/Ethernet/src/Dhcp.o
 .bss._ZL11INADDR_NONE
                0x0080025e        0x6 ./arduinolib/Ethernet/src/Dns.o
 .bss.Ethernet  0x00800264        0x8 ./arduinolib/Ethernet/src/Ethernet.o
                0x00800264                Ethernet
 .bss._ZN13EthernetClass12_server_portE
                0x0080026c        0x8 ./arduinolib/Ethernet/src/Ethernet.o
                0x0080026c                _ZN13EthernetClass12_server_portE
 .bss._ZL11INADDR_NONE
                0x00800274        0x6 ./arduinolib/Ethernet/src/Ethernet.o
 .bss._ZL11INADDR_NONE
                0x0080027a        0x6 ./arduinolib/Ethernet/src/EthernetClient.o
 .bss._ZL11INADDR_NONE
                0x00800280        0x6 ./arduinolib/Ethernet/src/EthernetServer.o
 .bss._ZL11INADDR_NONE
                0x00800286        0x6 ./arduinolib/Ethernet/src/EthernetUdp.o
 .bss.Serial    0x0080028c       0x9d C:\Users\tilo\workspace_arduino\ArduinoCoreFiles\328P_16MHz\libArduinoCoreFiles.a(HardwareSerial0.o)
                0x0080028c                Serial
 .bss._ZL11INADDR_NONE
                0x00800329        0x6 C:\Users\tilo\workspace_arduino\ArduinoCoreFiles\328P_16MHz\libArduinoCoreFiles.a(IPAddress.o)
 .bss.timer0_fract
                0x0080032f        0x1 C:\Users\tilo\workspace_arduino\ArduinoCoreFiles\328P_16MHz\libArduinoCoreFiles.a(wiring.o)
 .bss.timer0_millis
                0x00800330        0x4 C:\Users\tilo\workspace_arduino\ArduinoCoreFiles\328P_16MHz\libArduinoCoreFiles.a(wiring.o)
                0x00800330                timer0_millis
 .bss.timer0_overflow_count
                0x00800334        0x4 C:\Users\tilo\workspace_arduino\ArduinoCoreFiles\328P_16MHz\libArduinoCoreFiles.a(wiring.o)
                0x00800334                timer0_overflow_count
 *(COMMON)
 COMMON         0x00800338        0x4 c:/program files (x86)/arduino/hardware/tools/avr/bin/../lib/gcc/avr/4.9.2/../../../../avr/lib/avr5\libc.a(malloc.o)
                0x00800338                __brkval
                0x0080033a                __flp
                0x0080033c                PROVIDE (__bss_end, .)
                0x00003782                __data_load_start = LOADADDR (.data)
                0x000038aa                __data_load_end = (__data_load_start + SIZEOF (.data))

.noinit         0x0080033c        0x0
                0x0080033c                PROVIDE (__noinit_start, .)
 *(.noinit*)
                0x0080033c                PROVIDE (__noinit_end, .)
                0x0080033c                _end = .
                0x0080033c                PROVIDE (__heap_start, .)

.eeprom         0x00810000        0x0
 *(.eeprom*)
                0x00810000                __eeprom_end = .

.fuse
 *(.fuse)
 *(.lfuse)
 *(.hfuse)
 *(.efuse)

.lock
 *(.lock*)

.signature
 *(.signature*)

.stab           0x00000000     0x5c40
 *(.stab)
 .stab          0x00000000      0xa98 C:\Users\tilo\workspace_arduino\ArduinoCoreFiles\328P_16MHz\libArduinoCoreFiles.a(HardwareSerial.o)
                                0xc60 (size before relaxing)
 .stab          0x00000a98      0x840 C:\Users\tilo\workspace_arduino\ArduinoCoreFiles\328P_16MHz\libArduinoCoreFiles.a(HardwareSerial0.o)
                                0x84c (size before relaxing)
 .stab          0x000012d8      0x930 C:\Users\tilo\workspace_arduino\ArduinoCoreFiles\328P_16MHz\libArduinoCoreFiles.a(IPAddress.o)
                                0xb28 (size before relaxing)
 .stab          0x00001c08      0x9a8 C:\Users\tilo\workspace_arduino\ArduinoCoreFiles\328P_16MHz\libArduinoCoreFiles.a(Print.o)
                               0x12cc (size before relaxing)
 .stab          0x000025b0      0x390 C:\Users\tilo\workspace_arduino\ArduinoCoreFiles\328P_16MHz\libArduinoCoreFiles.a(WMath.o)
                                0x534 (size before relaxing)
 .stab          0x00002940      0xa80 C:\Users\tilo\workspace_arduino\ArduinoCoreFiles\328P_16MHz\libArduinoCoreFiles.a(WString.o)
                               0x2c4c (size before relaxing)
 .stab          0x000033c0      0x348 C:\Users\tilo\workspace_arduino\ArduinoCoreFiles\328P_16MHz\libArduinoCoreFiles.a(abi.o)
                                0x3a8 (size before relaxing)
 .stab          0x00003708      0x270 C:\Users\tilo\workspace_arduino\ArduinoCoreFiles\328P_16MHz\libArduinoCoreFiles.a(hooks.o)
                                0x27c (size before relaxing)
 .stab          0x00003978      0x72c C:\Users\tilo\workspace_arduino\ArduinoCoreFiles\328P_16MHz\libArduinoCoreFiles.a(main.o)
                                0x774 (size before relaxing)
 .stab          0x000040a4      0x378 C:\Users\tilo\workspace_arduino\ArduinoCoreFiles\328P_16MHz\libArduinoCoreFiles.a(new.o)
                                0x420 (size before relaxing)
 .stab          0x0000441c      0x9f0 C:\Users\tilo\workspace_arduino\ArduinoCoreFiles\328P_16MHz\libArduinoCoreFiles.a(wiring.o)
                                0xa50 (size before relaxing)
 .stab          0x00004e0c      0x2e8 C:\Users\tilo\workspace_arduino\ArduinoCoreFiles\328P_16MHz\libArduinoCoreFiles.a(wiring_analog.o)
                                0x8e8 (size before relaxing)
 .stab          0x000050f4      0x684 C:\Users\tilo\workspace_arduino\ArduinoCoreFiles\328P_16MHz\libArduinoCoreFiles.a(wiring_digital.o)
                                0xb28 (size before relaxing)
 .stab          0x00005778      0x4c8 C:\Users\tilo\workspace_arduino\ArduinoCoreFiles\328P_16MHz\libArduinoCoreFiles.a(wiring_pulse.o)
                                0x894 (size before relaxing)

.stabstr        0x00000000     0x4a16
 *(.stabstr)
 .stabstr       0x00000000     0x4a16 C:\Users\tilo\workspace_arduino\ArduinoCoreFiles\328P_16MHz\libArduinoCoreFiles.a(HardwareSerial.o)

.stab.excl
 *(.stab.excl)

.stab.exclstr
 *(.stab.exclstr)

.stab.index
 *(.stab.index)

.stab.indexstr
 *(.stab.indexstr)

.comment        0x00000000       0x11
 *(.comment)
 .comment       0x00000000       0x11 ./src/main.o
                                 0x12 (size before relaxing)
 .comment       0x00000011       0x12 ./lib/Net/Net.o
 .comment       0x00000011       0x12 ./lib/IRIGB/IRIGB.o
 .comment       0x00000011       0x12 ./arduinolib/SPI/src/SPI.o
 .comment       0x00000011       0x12 ./arduinolib/NetEEPROM/src/NetEEPROM.o
 .comment       0x00000011       0x12 ./arduinolib/Ethernet/src/utility/socket.o
 .comment       0x00000011       0x12 ./arduinolib/Ethernet/src/utility/w5100.o
 .comment       0x00000011       0x12 ./arduinolib/Ethernet/src/Dhcp.o
 .comment       0x00000011       0x12 ./arduinolib/Ethernet/src/Dns.o
 .comment       0x00000011       0x12 ./arduinolib/Ethernet/src/Ethernet.o
 .comment       0x00000011       0x12 ./arduinolib/Ethernet/src/EthernetClient.o
 .comment       0x00000011       0x12 ./arduinolib/Ethernet/src/EthernetServer.o
 .comment       0x00000011       0x12 ./arduinolib/Ethernet/src/EthernetUdp.o
 .comment       0x00000011       0x12 C:\Users\tilo\workspace_arduino\ArduinoCoreFiles\328P_16MHz\libArduinoCoreFiles.a(HardwareSerial.o)
 .comment       0x00000011       0x12 C:\Users\tilo\workspace_arduino\ArduinoCoreFiles\328P_16MHz\libArduinoCoreFiles.a(HardwareSerial0.o)
 .comment       0x00000011       0x12 C:\Users\tilo\workspace_arduino\ArduinoCoreFiles\328P_16MHz\libArduinoCoreFiles.a(IPAddress.o)
 .comment       0x00000011       0x12 C:\Users\tilo\workspace_arduino\ArduinoCoreFiles\328P_16MHz\libArduinoCoreFiles.a(Print.o)
 .comment       0x00000011       0x12 C:\Users\tilo\workspace_arduino\ArduinoCoreFiles\328P_16MHz\libArduinoCoreFiles.a(WMath.o)
 .comment       0x00000011       0x12 C:\Users\tilo\workspace_arduino\ArduinoCoreFiles\328P_16MHz\libArduinoCoreFiles.a(WString.o)
 .comment       0x00000011       0x12 C:\Users\tilo\workspace_arduino\ArduinoCoreFiles\328P_16MHz\libArduinoCoreFiles.a(abi.o)
 .comment       0x00000011       0x12 C:\Users\tilo\workspace_arduino\ArduinoCoreFiles\328P_16MHz\libArduinoCoreFiles.a(hooks.o)
 .comment       0x00000011       0x12 C:\Users\tilo\workspace_arduino\ArduinoCoreFiles\328P_16MHz\libArduinoCoreFiles.a(main.o)
 .comment       0x00000011       0x12 C:\Users\tilo\workspace_arduino\ArduinoCoreFiles\328P_16MHz\libArduinoCoreFiles.a(new.o)
 .comment       0x00000011       0x12 C:\Users\tilo\workspace_arduino\ArduinoCoreFiles\328P_16MHz\libArduinoCoreFiles.a(wiring.o)
 .comment       0x00000011       0x12 C:\Users\tilo\workspace_arduino\ArduinoCoreFiles\328P_16MHz\libArduinoCoreFiles.a(wiring_analog.o)
 .comment       0x00000011       0x12 C:\Users\tilo\workspace_arduino\ArduinoCoreFiles\328P_16MHz\libArduinoCoreFiles.a(wiring_digital.o)
 .comment       0x00000011       0x12 C:\Users\tilo\workspace_arduino\ArduinoCoreFiles\328P_16MHz\libArduinoCoreFiles.a(wiring_pulse.o)
 .comment       0x00000011       0x12 c:/program files (x86)/arduino/hardware/tools/avr/bin/../lib/gcc/avr/4.9.2/../../../../avr/lib/avr5\libc.a(dtostrf.o)
 .comment       0x00000011       0x12 c:/program files (x86)/arduino/hardware/tools/avr/bin/../lib/gcc/avr/4.9.2/../../../../avr/lib/avr5\libc.a(malloc.o)
 .comment       0x00000011       0x12 c:/program files (x86)/arduino/hardware/tools/avr/bin/../lib/gcc/avr/4.9.2/../../../../avr/lib/avr5\libc.a(random.o)
 .comment       0x00000011       0x12 c:/program files (x86)/arduino/hardware/tools/avr/bin/../lib/gcc/avr/4.9.2/../../../../avr/lib/avr5\libc.a(realloc.o)
 .comment       0x00000011       0x12 c:/program files (x86)/arduino/hardware/tools/avr/bin/../lib/gcc/avr/4.9.2/../../../../avr/lib/avr5\libc.a(sprintf.o)
 .comment       0x00000011       0x12 c:/program files (x86)/arduino/hardware/tools/avr/bin/../lib/gcc/avr/4.9.2/../../../../avr/lib/avr5\libc.a(vfprintf_std.o)
 .comment       0x00000011       0x12 c:/program files (x86)/arduino/hardware/tools/avr/bin/../lib/gcc/avr/4.9.2/../../../../avr/lib/avr5\libc.a(dtoa_prf.o)
 .comment       0x00000011       0x12 c:/program files (x86)/arduino/hardware/tools/avr/bin/../lib/gcc/avr/4.9.2/../../../../avr/lib/avr5\libc.a(strtod.o)
 .comment       0x00000011       0x12 c:/program files (x86)/arduino/hardware/tools/avr/bin/../lib/gcc/avr/4.9.2/../../../../avr/lib/avr5\libc.a(fputc.o)
 .comment       0x00000011       0x12 c:/program files (x86)/arduino/hardware/tools/avr/bin/../lib/gcc/avr/4.9.2/../../../../avr/lib/avr5\libc.a(errno.o)

.note.gnu.avr.deviceinfo
                0x00000000       0x40
 .note.gnu.avr.deviceinfo
                0x00000000       0x40 c:/program files (x86)/arduino/hardware/tools/avr/bin/../lib/gcc/avr/4.9.2/../../../../avr/lib/avr5/crtatmega328p.o

.note.gnu.build-id
 *(.note.gnu.build-id)

.debug
 *(.debug)

.line
 *(.line)

.debug_srcinfo
 *(.debug_srcinfo)

.debug_sfnames
 *(.debug_sfnames)

.debug_aranges
 *(.debug_aranges)

.debug_pubnames
 *(.debug_pubnames)

.debug_info     0x00000000      0x5f4
 *(.debug_info .gnu.linkonce.wi.*)
 .debug_info    0x00000000      0x5f4 c:/program files (x86)/arduino/hardware/tools/avr/bin/../lib/gcc/avr/4.9.2/../../../../avr/lib/avr5/crtatmega328p.o

.debug_abbrev   0x00000000      0x5a2
 *(.debug_abbrev)
 .debug_abbrev  0x00000000      0x5a2 c:/program files (x86)/arduino/hardware/tools/avr/bin/../lib/gcc/avr/4.9.2/../../../../avr/lib/avr5/crtatmega328p.o

.debug_line     0x00000000       0x1a
 *(.debug_line .debug_line.* .debug_line_end)
 .debug_line    0x00000000       0x1a c:/program files (x86)/arduino/hardware/tools/avr/bin/../lib/gcc/avr/4.9.2/../../../../avr/lib/avr5/crtatmega328p.o

.debug_frame
 *(.debug_frame)

.debug_str      0x00000000      0x208
 *(.debug_str)
 .debug_str     0x00000000      0x208 c:/program files (x86)/arduino/hardware/tools/avr/bin/../lib/gcc/avr/4.9.2/../../../../avr/lib/avr5/crtatmega328p.o

.debug_loc
 *(.debug_loc)

.debug_macinfo
 *(.debug_macinfo)

.debug_weaknames
 *(.debug_weaknames)

.debug_funcnames
 *(.debug_funcnames)

.debug_typenames
 *(.debug_typenames)

.debug_varnames
 *(.debug_varnames)

.debug_pubtypes
 *(.debug_pubtypes)

.debug_ranges
 *(.debug_ranges)

.debug_macro
 *(.debug_macro)
OUTPUT(ArduinoIRIGB.elf elf32-avr)
LOAD linker stubs

Cross Reference Table

Symbol                                            File
Ethernet                                          ./arduinolib/Ethernet/src/Ethernet.o
                                                  ./arduinolib/Ethernet/src/EthernetUdp.o
                                                  ./arduinolib/Ethernet/src/EthernetClient.o
                                                  ./arduinolib/NetEEPROM/src/NetEEPROM.o
                                                  ./lib/Net/Net.o
NetEeprom                                         ./arduinolib/NetEEPROM/src/NetEEPROM.o
                                                  ./lib/Net/Net.o
SPI                                               ./arduinolib/SPI/src/SPI.o
Serial                                            C:\Users\tilo\workspace_arduino\ArduinoCoreFiles\328P_16MHz\libArduinoCoreFiles.a(HardwareSerial0.o)
                                                  ./lib/Net/Net.o
                                                  ./src/main.o
W5100                                             ./arduinolib/Ethernet/src/utility/w5100.o
                                                  ./arduinolib/Ethernet/src/Ethernet.o
                                                  ./arduinolib/Ethernet/src/utility/socket.o
_Z10bufferDatahjPKhj                              ./arduinolib/Ethernet/src/utility/socket.o
                                                  ./arduinolib/Ethernet/src/EthernetUdp.o
_Z10disconnecth                                   ./arduinolib/Ethernet/src/utility/socket.o
                                                  ./arduinolib/Ethernet/src/EthernetClient.o
_Z10randomSeedm                                   C:\Users\tilo\workspace_arduino\ArduinoCoreFiles\328P_16MHz\libArduinoCoreFiles.a(WMath.o)
                                                  ./arduinolib/NetEEPROM/src/NetEEPROM.o
_Z11serialEventv                                  C:\Users\tilo\workspace_arduino\ArduinoCoreFiles\328P_16MHz\libArduinoCoreFiles.a(HardwareSerial.o)
_Z12socketStatush                                 ./arduinolib/Ethernet/src/utility/socket.o
                                                  ./arduinolib/Ethernet/src/EthernetUdp.o
                                                  ./arduinolib/Ethernet/src/EthernetClient.o
_Z13recvAvailableh                                ./arduinolib/Ethernet/src/utility/socket.o
                                                  ./arduinolib/Ethernet/src/EthernetUdp.o
                                                  ./arduinolib/Ethernet/src/EthernetClient.o
_Z14serialEventRunv                               C:\Users\tilo\workspace_arduino\ArduinoCoreFiles\328P_16MHz\libArduinoCoreFiles.a(HardwareSerial.o)
                                                  C:\Users\tilo\workspace_arduino\ArduinoCoreFiles\328P_16MHz\libArduinoCoreFiles.a(main.o)
_Z17Serial0_availablev                            C:\Users\tilo\workspace_arduino\ArduinoCoreFiles\328P_16MHz\libArduinoCoreFiles.a(HardwareSerial0.o)
                                                  C:\Users\tilo\workspace_arduino\ArduinoCoreFiles\328P_16MHz\libArduinoCoreFiles.a(HardwareSerial.o)
_Z3maplllll                                       C:\Users\tilo\workspace_arduino\ArduinoCoreFiles\328P_16MHz\libArduinoCoreFiles.a(WMath.o)
_Z4peekhPh                                        ./arduinolib/Ethernet/src/utility/socket.o
                                                  ./arduinolib/Ethernet/src/EthernetUdp.o
                                                  ./arduinolib/Ethernet/src/EthernetClient.o
_Z4recvhPhi                                       ./arduinolib/Ethernet/src/utility/socket.o
                                                  ./arduinolib/Ethernet/src/EthernetUdp.o
                                                  ./arduinolib/Ethernet/src/EthernetClient.o
_Z4sendhPKhj                                      ./arduinolib/Ethernet/src/utility/socket.o
                                                  ./arduinolib/Ethernet/src/EthernetClient.o
_Z5closeh                                         ./arduinolib/Ethernet/src/utility/socket.o
                                                  ./arduinolib/Ethernet/src/EthernetUdp.o
                                                  ./arduinolib/Ethernet/src/EthernetClient.o
_Z5flushh                                         ./arduinolib/Ethernet/src/utility/socket.o
                                                  ./arduinolib/Ethernet/src/EthernetClient.o
_Z6listenh                                        ./arduinolib/Ethernet/src/utility/socket.o
                                                  ./arduinolib/Ethernet/src/EthernetServer.o
_Z6randoml                                        C:\Users\tilo\workspace_arduino\ArduinoCoreFiles\328P_16MHz\libArduinoCoreFiles.a(WMath.o)
                                                  ./arduinolib/NetEEPROM/src/NetEEPROM.o
_Z6randomll                                       C:\Users\tilo\workspace_arduino\ArduinoCoreFiles\328P_16MHz\libArduinoCoreFiles.a(WMath.o)
                                                  ./arduinolib/Ethernet/src/Dhcp.o
_Z6sendtohPKhjPhj                                 ./arduinolib/Ethernet/src/utility/socket.o
_Z6sockethhjh                                     ./arduinolib/Ethernet/src/utility/socket.o
                                                  ./arduinolib/Ethernet/src/EthernetUdp.o
                                                  ./arduinolib/Ethernet/src/EthernetServer.o
                                                  ./arduinolib/Ethernet/src/EthernetClient.o
_Z7connecthPhj                                    ./arduinolib/Ethernet/src/utility/socket.o
                                                  ./arduinolib/Ethernet/src/EthernetClient.o
_Z7sendUDPh                                       ./arduinolib/Ethernet/src/utility/socket.o
                                                  ./arduinolib/Ethernet/src/EthernetUdp.o
_Z8igmpsendhPKhj                                  ./arduinolib/Ethernet/src/utility/socket.o
_Z8makeWordhh                                     C:\Users\tilo\workspace_arduino\ArduinoCoreFiles\328P_16MHz\libArduinoCoreFiles.a(WMath.o)
                                                  ./arduinolib/Ethernet/src/Dns.o
_Z8makeWordj                                      C:\Users\tilo\workspace_arduino\ArduinoCoreFiles\328P_16MHz\libArduinoCoreFiles.a(WMath.o)
_Z8recvfromhPhjS_Pj                               ./arduinolib/Ethernet/src/utility/socket.o
_Z8setupUSBv                                      C:\Users\tilo\workspace_arduino\ArduinoCoreFiles\328P_16MHz\libArduinoCoreFiles.a(main.o)
_Z8startUDPhPhj                                   ./arduinolib/Ethernet/src/utility/socket.o
                                                  ./arduinolib/Ethernet/src/EthernetUdp.o
_ZN10W5100Class11writeSnDIPREhPh                  ./arduinolib/Ethernet/src/utility/socket.o
_ZN10W5100Class11writeSnPORTEhj                   ./arduinolib/Ethernet/src/utility/socket.o
_ZN10W5100Class12readSnRX_RSREh                   ./arduinolib/Ethernet/src/utility/w5100.o
_ZN10W5100Class12readSnTX_FSREh                   ./arduinolib/Ethernet/src/utility/w5100.o
_ZN10W5100Class12writeSnDPORTEhj                  ./arduinolib/Ethernet/src/utility/socket.o
_ZN10W5100Class12writeSnRX_RDEhj                  ./arduinolib/Ethernet/src/utility/socket.o
_ZN10W5100Class13getTXFreeSizeEh                  ./arduinolib/Ethernet/src/utility/w5100.o
                                                  ./arduinolib/Ethernet/src/utility/socket.o
_ZN10W5100Class17getRXReceivedSizeEh              ./arduinolib/Ethernet/src/utility/w5100.o
                                                  ./arduinolib/Ethernet/src/utility/socket.o
_ZN10W5100Class20recv_data_processingEhPhjh       ./arduinolib/Ethernet/src/utility/w5100.o
                                                  ./arduinolib/Ethernet/src/utility/socket.o
_ZN10W5100Class20send_data_processingEhPKhj       ./arduinolib/Ethernet/src/utility/w5100.o
                                                  ./arduinolib/Ethernet/src/utility/socket.o
_ZN10W5100Class27send_data_processing_offsetEhjPKhj ./arduinolib/Ethernet/src/utility/w5100.o
                                                  ./arduinolib/Ethernet/src/utility/socket.o
_ZN10W5100Class4initEv                            ./arduinolib/Ethernet/src/utility/w5100.o
                                                  ./arduinolib/Ethernet/src/Ethernet.o
_ZN10W5100Class4readEj                            ./arduinolib/Ethernet/src/utility/w5100.o
                                                  ./arduinolib/Ethernet/src/EthernetUdp.o
                                                  ./arduinolib/Ethernet/src/utility/socket.o
_ZN10W5100Class4readEjPhj                         ./arduinolib/Ethernet/src/utility/w5100.o
                                                  ./arduinolib/Ethernet/src/Ethernet.o
_ZN10W5100Class5setSSEv                           ./arduinolib/Ethernet/src/utility/w5100.o
_ZN10W5100Class5writeEjPKhj                       ./arduinolib/Ethernet/src/utility/w5100.o
                                                  ./arduinolib/Ethernet/src/EthernetUdp.o
                                                  ./arduinolib/Ethernet/src/Ethernet.o
                                                  ./arduinolib/Ethernet/src/utility/socket.o
_ZN10W5100Class5writeEjh                          ./arduinolib/Ethernet/src/utility/w5100.o
                                                  ./arduinolib/Ethernet/src/EthernetUdp.o
                                                  ./arduinolib/Ethernet/src/utility/socket.o
_ZN10W5100Class6readSnEhj                         ./arduinolib/Ethernet/src/utility/socket.o
                                                  ./arduinolib/Ethernet/src/utility/w5100.o
_ZN10W5100Class7resetSSEv                         ./arduinolib/Ethernet/src/utility/w5100.o
_ZN10W5100Class7writeSnEhjh                       ./arduinolib/Ethernet/src/utility/socket.o
                                                  ./arduinolib/Ethernet/src/utility/w5100.o
_ZN10W5100Class8readSnIREh                        ./arduinolib/Ethernet/src/utility/socket.o
_ZN10W5100Class8writeGAREPh                       ./arduinolib/Ethernet/src/Ethernet.o
_ZN10W5100Class9execCmdSnEh7SockCMD               ./arduinolib/Ethernet/src/utility/w5100.o
                                                  ./arduinolib/Ethernet/src/utility/socket.o
_ZN10W5100Class9read_dataEhjPVhj                  ./arduinolib/Ethernet/src/utility/w5100.o
                                                  ./arduinolib/Ethernet/src/utility/socket.o
_ZN10W5100Class9writeSIPREPh                      ./arduinolib/Ethernet/src/Ethernet.o
_ZN10W5100Class9writeSUBREPh                      ./arduinolib/Ethernet/src/Ethernet.o
_ZN10W5100Class9writeSnIREhh                      ./arduinolib/Ethernet/src/utility/socket.o
_ZN11EthernetUDP10remotePortEv                    ./arduinolib/Ethernet/src/EthernetUdp.o
_ZN11EthernetUDP11beginPacketE9IPAddressj         ./arduinolib/Ethernet/src/EthernetUdp.o
                                                  ./arduinolib/Ethernet/src/Dns.o
                                                  ./arduinolib/Ethernet/src/Dhcp.o
                                                  ./lib/Net/Net.o
_ZN11EthernetUDP11beginPacketEPKcj                ./arduinolib/Ethernet/src/EthernetUdp.o
_ZN11EthernetUDP11parsePacketEv                   ./arduinolib/Ethernet/src/EthernetUdp.o
                                                  ./arduinolib/Ethernet/src/Dns.o
                                                  ./arduinolib/Ethernet/src/Dhcp.o
_ZN11EthernetUDP14beginMulticastE9IPAddressj      ./arduinolib/Ethernet/src/EthernetUdp.o
_ZN11EthernetUDP4peekEv                           ./arduinolib/Ethernet/src/EthernetUdp.o
_ZN11EthernetUDP4readEPcj                         ./arduinolib/Ethernet/src/EthernetUdp.o
_ZN11EthernetUDP4readEPhj                         ./arduinolib/Ethernet/src/EthernetUdp.o
                                                  ./arduinolib/Ethernet/src/Dns.o
                                                  ./arduinolib/Ethernet/src/Dhcp.o
_ZN11EthernetUDP4readEv                           ./arduinolib/Ethernet/src/EthernetUdp.o
                                                  ./arduinolib/Ethernet/src/Dns.o
                                                  ./arduinolib/Ethernet/src/Dhcp.o
_ZN11EthernetUDP4stopEv                           ./arduinolib/Ethernet/src/EthernetUdp.o
                                                  ./arduinolib/Ethernet/src/Dns.o
                                                  ./arduinolib/Ethernet/src/Dhcp.o
_ZN11EthernetUDP5beginEj                          ./arduinolib/Ethernet/src/EthernetUdp.o
                                                  ./arduinolib/Ethernet/src/Dns.o
                                                  ./arduinolib/Ethernet/src/Dhcp.o
                                                  ./lib/Net/Net.o
_ZN11EthernetUDP5flushEv                          ./arduinolib/Ethernet/src/EthernetUdp.o
                                                  ./arduinolib/Ethernet/src/Dns.o
                                                  ./arduinolib/Ethernet/src/Dhcp.o
_ZN11EthernetUDP5writeEPKhj                       ./arduinolib/Ethernet/src/EthernetUdp.o
                                                  ./arduinolib/Ethernet/src/Dns.o
                                                  ./arduinolib/Ethernet/src/Dhcp.o
                                                  ./lib/Net/Net.o
_ZN11EthernetUDP5writeEh                          ./arduinolib/Ethernet/src/EthernetUdp.o
_ZN11EthernetUDP8remoteIPEv                       ./arduinolib/Ethernet/src/EthernetUdp.o
_ZN11EthernetUDP9availableEv                      ./arduinolib/Ethernet/src/EthernetUdp.o
                                                  ./arduinolib/Ethernet/src/Dns.o
                                                  ./arduinolib/Ethernet/src/Dhcp.o
_ZN11EthernetUDP9endPacketEv                      ./arduinolib/Ethernet/src/EthernetUdp.o
                                                  ./arduinolib/Ethernet/src/Dns.o
                                                  ./arduinolib/Ethernet/src/Dhcp.o
                                                  ./lib/Net/Net.o
_ZN11EthernetUDPC1Ev                              ./arduinolib/Ethernet/src/EthernetUdp.o
                                                  ./arduinolib/Ethernet/src/EthernetClient.o
                                                  ./arduinolib/Ethernet/src/Ethernet.o
                                                  ./lib/Net/Net.o
_ZN11EthernetUDPC2Ev                              ./arduinolib/Ethernet/src/EthernetUdp.o
_ZN11SPISettingsC1Emhh                            ./arduinolib/Ethernet/src/utility/socket.o
_ZN11SPISettingsC2Emhh                            ./arduinolib/Ethernet/src/utility/socket.o
_ZN13EthernetClass10subnetMaskEv                  ./arduinolib/Ethernet/src/Ethernet.o
_ZN13EthernetClass11dnsServerIPEv                 ./arduinolib/Ethernet/src/Ethernet.o
                                                  ./arduinolib/Ethernet/src/EthernetUdp.o
                                                  ./arduinolib/Ethernet/src/EthernetClient.o
_ZN13EthernetClass12_server_portE                 ./arduinolib/Ethernet/src/Ethernet.o
                                                  ./arduinolib/Ethernet/src/EthernetUdp.o
                                                  ./arduinolib/Ethernet/src/EthernetServer.o
                                                  ./arduinolib/Ethernet/src/EthernetClient.o
_ZN13EthernetClass5beginEPh9IPAddress             ./arduinolib/Ethernet/src/Ethernet.o
_ZN13EthernetClass5beginEPh9IPAddressS1_          ./arduinolib/Ethernet/src/Ethernet.o
_ZN13EthernetClass5beginEPh9IPAddressS1_S1_       ./arduinolib/Ethernet/src/Ethernet.o
_ZN13EthernetClass5beginEPh9IPAddressS1_S1_S1_    ./arduinolib/Ethernet/src/Ethernet.o
                                                  ./arduinolib/NetEEPROM/src/NetEEPROM.o
                                                  ./lib/Net/Net.o
_ZN13EthernetClass5beginEPhmm                     ./arduinolib/Ethernet/src/Ethernet.o
                                                  ./arduinolib/NetEEPROM/src/NetEEPROM.o
_ZN13EthernetClass6_stateE                        ./arduinolib/Ethernet/src/Ethernet.o
_ZN13EthernetClass7localIPEv                      ./arduinolib/Ethernet/src/Ethernet.o
_ZN13EthernetClass8maintainEv                     ./arduinolib/Ethernet/src/Ethernet.o
_ZN13EthernetClass9gatewayIPEv                    ./arduinolib/Ethernet/src/Ethernet.o
_ZN14EthernetClient15getSocketNumberEv            ./arduinolib/Ethernet/src/EthernetClient.o
_ZN14EthernetClient4peekEv                        ./arduinolib/Ethernet/src/EthernetClient.o
_ZN14EthernetClient4readEPhj                      ./arduinolib/Ethernet/src/EthernetClient.o
_ZN14EthernetClient4readEv                        ./arduinolib/Ethernet/src/EthernetClient.o
_ZN14EthernetClient4stopEv                        ./arduinolib/Ethernet/src/EthernetClient.o
                                                  ./arduinolib/Ethernet/src/EthernetServer.o
_ZN14EthernetClient5flushEv                       ./arduinolib/Ethernet/src/EthernetClient.o
_ZN14EthernetClient5writeEPKhj                    ./arduinolib/Ethernet/src/EthernetClient.o
                                                  ./arduinolib/Ethernet/src/EthernetServer.o
_ZN14EthernetClient5writeEh                       ./arduinolib/Ethernet/src/EthernetClient.o
_ZN14EthernetClient6statusEv                      ./arduinolib/Ethernet/src/EthernetClient.o
                                                  ./arduinolib/Ethernet/src/EthernetServer.o
_ZN14EthernetClient7connectE9IPAddressj           ./arduinolib/Ethernet/src/EthernetClient.o
_ZN14EthernetClient7connectEPKcj                  ./arduinolib/Ethernet/src/EthernetClient.o
_ZN14EthernetClient8_srcportE                     ./arduinolib/Ethernet/src/EthernetClient.o
_ZN14EthernetClient9availableEv                   ./arduinolib/Ethernet/src/EthernetClient.o
                                                  ./arduinolib/Ethernet/src/EthernetServer.o
_ZN14EthernetClient9connectedEv                   ./arduinolib/Ethernet/src/EthernetClient.o
_ZN14EthernetClientC1Eh                           ./arduinolib/Ethernet/src/EthernetClient.o
                                                  ./arduinolib/Ethernet/src/EthernetServer.o
_ZN14EthernetClientC1Ev                           ./arduinolib/Ethernet/src/EthernetClient.o
_ZN14EthernetClientC2Eh                           ./arduinolib/Ethernet/src/EthernetClient.o
_ZN14EthernetClientC2Ev                           ./arduinolib/Ethernet/src/EthernetClient.o
_ZN14EthernetClientcvbEv                          ./arduinolib/Ethernet/src/EthernetClient.o
_ZN14EthernetClienteqERKS_                        ./arduinolib/Ethernet/src/EthernetClient.o
_ZN14EthernetClienteqEb                           ./arduinolib/Ethernet/src/EthernetClient.o
_ZN14EthernetClientneERKS_                        ./arduinolib/Ethernet/src/EthernetClient.o
_ZN14EthernetClientneEb                           ./arduinolib/Ethernet/src/EthernetClient.o
_ZN14EthernetServer5beginEv                       ./arduinolib/Ethernet/src/EthernetServer.o
_ZN14EthernetServer5writeEPKhj                    ./arduinolib/Ethernet/src/EthernetServer.o
_ZN14EthernetServer5writeEh                       ./arduinolib/Ethernet/src/EthernetServer.o
_ZN14EthernetServer6acceptEv                      ./arduinolib/Ethernet/src/EthernetServer.o
_ZN14EthernetServer9availableEv                   ./arduinolib/Ethernet/src/EthernetServer.o
_ZN14EthernetServerC1Ej                           ./arduinolib/Ethernet/src/EthernetServer.o
_ZN14EthernetServerC2Ej                           ./arduinolib/Ethernet/src/EthernetServer.o
_ZN14HardwareSerial17_tx_udr_empty_irqEv          C:\Users\tilo\workspace_arduino\ArduinoCoreFiles\328P_16MHz\libArduinoCoreFiles.a(HardwareSerial.o)
                                                  C:\Users\tilo\workspace_arduino\ArduinoCoreFiles\328P_16MHz\libArduinoCoreFiles.a(HardwareSerial0.o)
_ZN14HardwareSerial17availableForWriteEv          C:\Users\tilo\workspace_arduino\ArduinoCoreFiles\328P_16MHz\libArduinoCoreFiles.a(HardwareSerial.o)
_ZN14HardwareSerial3endEv                         C:\Users\tilo\workspace_arduino\ArduinoCoreFiles\328P_16MHz\libArduinoCoreFiles.a(HardwareSerial.o)
_ZN14HardwareSerial4peekEv                        C:\Users\tilo\workspace_arduino\ArduinoCoreFiles\328P_16MHz\libArduinoCoreFiles.a(HardwareSerial.o)
_ZN14HardwareSerial4readEv                        C:\Users\tilo\workspace_arduino\ArduinoCoreFiles\328P_16MHz\libArduinoCoreFiles.a(HardwareSerial.o)
_ZN14HardwareSerial5beginEmh                      C:\Users\tilo\workspace_arduino\ArduinoCoreFiles\328P_16MHz\libArduinoCoreFiles.a(HardwareSerial.o)
                                                  ./src/main.o
_ZN14HardwareSerial5flushEv                       C:\Users\tilo\workspace_arduino\ArduinoCoreFiles\328P_16MHz\libArduinoCoreFiles.a(HardwareSerial.o)
_ZN14HardwareSerial5writeEh                       C:\Users\tilo\workspace_arduino\ArduinoCoreFiles\328P_16MHz\libArduinoCoreFiles.a(HardwareSerial.o)