Archive member included to satisfy reference by file (symbol)

C:\Users\tilo\workspace_arduino\ArduinoCoreFiles\328P_16MHz\libArduinoCoreFiles.a(HardwareSerial.o)
                              ./src/main.o (_ZN14HardwareSerial5beginEmh)
C:\Users\tilo\workspace_arduino\ArduinoCoreFiles\328P_16MHz\libArduinoCoreFiles.a(HardwareSerial0.o)
                              ./src/Test.o (Serial)
C:\Users\tilo\workspace_arduino\ArduinoCoreFiles\328P_16MHz\libArduinoCoreFiles.a(IPAddress.o)
                              ./arduinolib/Ethernet/src/Dhcp.o (_ZTV9IPAddress)
C:\Users\tilo\workspace_arduino\ArduinoCoreFiles\328P_16MHz\libArduinoCoreFiles.a(Print.o)
                              C:\Users\tilo\workspace_arduino\ArduinoCoreFiles\328P_16MHz\libArduinoCoreFiles.a(HardwareSerial.o) (_ZN5Print5writeEPKhj)
C:\Users\tilo\workspace_arduino\ArduinoCoreFiles\328P_16MHz\libArduinoCoreFiles.a(WMath.o)
                              ./arduinolib/Ethernet/src/Dhcp.o (_Z6randomll)
C:\Users\tilo\workspace_arduino\ArduinoCoreFiles\328P_16MHz\libArduinoCoreFiles.a(WString.o)
                              ./src/main.o (_ZN6StringD2Ev)
C:\Users\tilo\workspace_arduino\ArduinoCoreFiles\328P_16MHz\libArduinoCoreFiles.a(abi.o)
                              C:\Users\tilo\workspace_arduino\ArduinoCoreFiles\328P_16MHz\libArduinoCoreFiles.a(Print.o) (__cxa_pure_virtual)
C:\Users\tilo\workspace_arduino\ArduinoCoreFiles\328P_16MHz\libArduinoCoreFiles.a(hooks.o)
                              ./arduinolib/Ethernet/src/utility/socket.o (yield)
C:\Users\tilo\workspace_arduino\ArduinoCoreFiles\328P_16MHz\libArduinoCoreFiles.a(main.o)
                              c:/program files (x86)/arduino/hardware/tools/avr/bin/../lib/gcc/avr/4.9.2/../../../../avr/lib/avr5/crtatmega328p.o (main)
C:\Users\tilo\workspace_arduino\ArduinoCoreFiles\328P_16MHz\libArduinoCoreFiles.a(wiring.o)
                              ./arduinolib/Ethernet/src/Dhcp.o (millis)
C:\Users\tilo\workspace_arduino\ArduinoCoreFiles\328P_16MHz\libArduinoCoreFiles.a(wiring_digital.o)
                              ./arduinolib/SPI/src/SPI.o (pinMode)
c:/program files (x86)/arduino/hardware/tools/avr/bin/../lib/gcc/avr/4.9.2/avr5\libgcc.a(_mulsi3.o)
                              C:\Users\tilo\workspace_arduino\ArduinoCoreFiles\328P_16MHz\libArduinoCoreFiles.a(WMath.o) (__mulsi3)
c:/program files (x86)/arduino/hardware/tools/avr/bin/../lib/gcc/avr/4.9.2/avr5\libgcc.a(_udivmodsi4.o)
                              ./arduinolib/Ethernet/src/Dhcp.o (__udivmodsi4)
c:/program files (x86)/arduino/hardware/tools/avr/bin/../lib/gcc/avr/4.9.2/avr5\libgcc.a(_divmodsi4.o)
                              C:\Users\tilo\workspace_arduino\ArduinoCoreFiles\328P_16MHz\libArduinoCoreFiles.a(WMath.o) (__divmodsi4)
c:/program files (x86)/arduino/hardware/tools/avr/bin/../lib/gcc/avr/4.9.2/avr5\libgcc.a(_negsi2.o)
                              c:/program files (x86)/arduino/hardware/tools/avr/bin/../lib/gcc/avr/4.9.2/avr5\libgcc.a(_divmodsi4.o) (__negsi2)
c:/program files (x86)/arduino/hardware/tools/avr/bin/../lib/gcc/avr/4.9.2/avr5\libgcc.a(_exit.o)
                              c:/program files (x86)/arduino/hardware/tools/avr/bin/../lib/gcc/avr/4.9.2/../../../../avr/lib/avr5/crtatmega328p.o (exit)
c:/program files (x86)/arduino/hardware/tools/avr/bin/../lib/gcc/avr/4.9.2/avr5\libgcc.a(_copy_data.o)
                              ./src/Test.o (__do_copy_data)
c:/program files (x86)/arduino/hardware/tools/avr/bin/../lib/gcc/avr/4.9.2/avr5\libgcc.a(_clear_bss.o)
                              ./src/main.o (__do_clear_bss)
c:/program files (x86)/arduino/hardware/tools/avr/bin/../lib/gcc/avr/4.9.2/avr5\libgcc.a(_ctors.o)
                              ./src/main.o (__do_global_ctors)
c:/program files (x86)/arduino/hardware/tools/avr/bin/../lib/gcc/avr/4.9.2/avr5\libgcc.a(_bswapsi2.o)
                              ./arduinolib/Ethernet/src/Dhcp.o (__bswapsi2)
c:/program files (x86)/arduino/hardware/tools/avr/bin/../lib/gcc/avr/4.9.2/avr5\libgcc.a(_muluhisi3.o)
                              c:/program files (x86)/arduino/hardware/tools/avr/bin/../lib/gcc/avr/4.9.2/avr5\libgcc.a(_mulsi3.o) (__muluhisi3)
c:/program files (x86)/arduino/hardware/tools/avr/bin/../lib/gcc/avr/4.9.2/avr5\libgcc.a(_tablejump2.o)
                              c:/program files (x86)/arduino/hardware/tools/avr/bin/../lib/gcc/avr/4.9.2/avr5\libgcc.a(_ctors.o) (__tablejump2__)
c:/program files (x86)/arduino/hardware/tools/avr/bin/../lib/gcc/avr/4.9.2/avr5\libgcc.a(_umulhisi3.o)
                              c:/program files (x86)/arduino/hardware/tools/avr/bin/../lib/gcc/avr/4.9.2/avr5\libgcc.a(_muluhisi3.o) (__umulhisi3)
c:/program files (x86)/arduino/hardware/tools/avr/bin/../lib/gcc/avr/4.9.2/../../../../avr/lib/avr5\libm.a(addsf3.o)
                              C:\Users\tilo\workspace_arduino\ArduinoCoreFiles\328P_16MHz\libArduinoCoreFiles.a(Print.o) (__subsf3)
[...]
Memory Configuration

Name             Origin             Length             Attributes
text             0x00000000         0x00020000         xr
data             0x00800060         0x0000ffa0         rw !x
eeprom           0x00810000         0x00010000         rw !x
fuse             0x00820000         0x00000400         rw !x
lock             0x00830000         0x00000400         rw !x
signature        0x00840000         0x00000400         rw !x
*default*        0x00000000         0xffffffff

Linker script and memory map

Address of section .data set to 0x800100
LOAD c:/program files (x86)/arduino/hardware/tools/avr/bin/../lib/gcc/avr/4.9.2/../../../../avr/lib/avr5/crtatmega328p.o
LOAD ./src/Test.o
LOAD ./src/main.o
LOAD ./arduinolib/SPI/src/SPI.o
LOAD ./arduinolib/Ethernet/src/utility/socket.o
LOAD ./arduinolib/Ethernet/src/utility/w5100.o
LOAD ./arduinolib/Ethernet/src/Dhcp.o
LOAD ./arduinolib/Ethernet/src/Dns.o
LOAD ./arduinolib/Ethernet/src/Ethernet.o
LOAD ./arduinolib/Ethernet/src/EthernetClient.o
LOAD ./arduinolib/Ethernet/src/EthernetServer.o
LOAD ./arduinolib/Ethernet/src/EthernetUdp.o
LOAD C:\Users\tilo\workspace_arduino\ArduinoCoreFiles\328P_16MHz\libArduinoCoreFiles.a
LOAD c:/program files (x86)/arduino/hardware/tools/avr/bin/../lib/gcc/avr/4.9.2/avr5\libgcc.a
LOAD c:/program files (x86)/arduino/hardware/tools/avr/bin/../lib/gcc/avr/4.9.2/../../../../avr/lib/avr5\libm.a
START GROUP
LOAD c:/program files (x86)/arduino/hardware/tools/avr/bin/../lib/gcc/avr/4.9.2/avr5\libgcc.a
LOAD c:/program files (x86)/arduino/hardware/tools/avr/bin/../lib/gcc/avr/4.9.2/../../../../avr/lib/avr5\libm.a
LOAD c:/program files (x86)/arduino/hardware/tools/avr/bin/../lib/gcc/avr/4.9.2/../../../../avr/lib/avr5\libc.a
LOAD c:/program files (x86)/arduino/hardware/tools/avr/bin/../lib/gcc/avr/4.9.2/../../../../avr/lib/avr5\libatmega328p.a
END GROUP

.hash
 *(.hash)

.dynsym
 *(.dynsym)

.dynstr
 *(.dynstr)

.gnu.version
 *(.gnu.version)

.gnu.version_d
 *(.gnu.version_d)

.gnu.version_r
 *(.gnu.version_r)

.rel.init
 *(.rel.init)

.rela.init
 *(.rela.init)

.rel.text
 *(.rel.text)
 *(.rel.text.*)
 *(.rel.gnu.linkonce.t*)

.rela.text
 *(.rela.text)
 *(.rela.text.*)
 *(.rela.gnu.linkonce.t*)

.rel.fini
 *(.rel.fini)

.rela.fini
 *(.rela.fini)

.rel.rodata
 *(.rel.rodata)
 *(.rel.rodata.*)
 *(.rel.gnu.linkonce.r*)

.rela.rodata
 *(.rela.rodata)
 *(.rela.rodata.*)
 *(.rela.gnu.linkonce.r*)

.rel.data
 *(.rel.data)
 *(.rel.data.*)
 *(.rel.gnu.linkonce.d*)

.rela.data
 *(.rela.data)
 *(.rela.data.*)
 *(.rela.gnu.linkonce.d*)

.rel.ctors
 *(.rel.ctors)

.rela.ctors
 *(.rela.ctors)

.rel.dtors
 *(.rel.dtors)

.rela.dtors
 *(.rela.dtors)

.rel.got
 *(.rel.got)

.rela.got
 *(.rela.got)

.rel.bss
 *(.rel.bss)

.rela.bss
 *(.rela.bss)

.rel.plt
 *(.rel.plt)

.rela.plt
 *(.rela.plt)

.text           0x00000000      0xfda
 *(.vectors)
 .vectors       0x00000000       0x68 c:/program files (x86)/arduino/hardware/tools/avr/bin/../lib/gcc/avr/4.9.2/../../../../avr/lib/avr5/crtatmega328p.o
                0x00000000                __vector_default
                0x00000000                __vectors
 *(.vectors)
 *(.progmem.gcc*)
                0x00000068                . = ALIGN (0x2)
                0x00000068                __trampolines_start = .
 *(.trampolines)
 .trampolines   0x00000068        0x0 linker stubs
 *(.trampolines*)
                0x00000068                __trampolines_end = .
 *(.progmem*)
                0x00000068                . = ALIGN (0x2)
 *(.jumptables)
 *(.jumptables*)
 *(.lowtext)
 *(.lowtext*)
                0x00000068                __ctors_start = .
 *(.ctors)
 .ctors         0x00000068        0x2 ./src/main.o
 .ctors         0x0000006a        0x2 ./arduinolib/Ethernet/src/Dhcp.o
 .ctors         0x0000006c        0x2 ./arduinolib/Ethernet/src/Dns.o
 .ctors         0x0000006e        0x2 ./arduinolib/Ethernet/src/Ethernet.o
 .ctors         0x00000070        0x2 ./arduinolib/Ethernet/src/EthernetClient.o
 .ctors         0x00000072        0x2 ./arduinolib/Ethernet/src/EthernetServer.o
 .ctors         0x00000074        0x2 ./arduinolib/Ethernet/src/EthernetUdp.o
 .ctors         0x00000076        0x2 C:\Users\tilo\workspace_arduino\ArduinoCoreFiles\328P_16MHz\libArduinoCoreFiles.a(HardwareSerial0.o)
 .ctors         0x00000078        0x2 C:\Users\tilo\workspace_arduino\ArduinoCoreFiles\328P_16MHz\libArduinoCoreFiles.a(IPAddress.o)
                0x0000007a                __ctors_end = .
                0x0000007a                __dtors_start = .
 *(.dtors)
                0x0000007a                __dtors_end = .
 SORT(*)(.ctors)
 SORT(*)(.dtors)
 *(.init0)
 .init0         0x0000007a        0x0 c:/program files (x86)/arduino/hardware/tools/avr/bin/../lib/gcc/avr/4.9.2/../../../../avr/lib/avr5/crtatmega328p.o
                0x0000007a                __init
 *(.init0)
 *(.init1)
 *(.init1)
 *(.init2)
 .init2         0x0000007a        0xc c:/program files (x86)/arduino/hardware/tools/avr/bin/../lib/gcc/avr/4.9.2/../../../../avr/lib/avr5/crtatmega328p.o
 *(.init2)
 *(.init3)
 *(.init3)
 *(.init4)
 .init4         0x00000086       0x16 c:/program files (x86)/arduino/hardware/tools/avr/bin/../lib/gcc/avr/4.9.2/avr5\libgcc.a(_copy_data.o)
                0x00000086                __do_copy_data
 .init4         0x0000009c       0x10 c:/program files (x86)/arduino/hardware/tools/avr/bin/../lib/gcc/avr/4.9.2/avr5\libgcc.a(_clear_bss.o)
                0x0000009c                __do_clear_bss
 *(.init4)
 *(.init5)
 *(.init5)
 *(.init6)
 .init6         0x000000ac       0x14 c:/program files (x86)/arduino/hardware/tools/avr/bin/../lib/gcc/avr/4.9.2/avr5\libgcc.a(_ctors.o)
                0x000000ac                __do_global_ctors
 *(.init6)
 *(.init7)
 *(.init7)
 *(.init8)
 *(.init8)
 *(.init9)
 .init9         0x000000c0        0x4 c:/program files (x86)/arduino/hardware/tools/avr/bin/../lib/gcc/avr/4.9.2/../../../../avr/lib/avr5/crtatmega328p.o
 *(.init9)
 *(.text)
 .text          0x000000c4        0x2 c:/program files (x86)/arduino/hardware/tools/avr/bin/../lib/gcc/avr/4.9.2/../../../../avr/lib/avr5/crtatmega328p.o
                0x000000c4                __vector_22
                0x000000c4                __vector_1
                0x000000c4                __vector_24
                0x000000c4                __vector_12
                0x000000c4                __bad_interrupt
                0x000000c4                __vector_6
                0x000000c4                __vector_3
                0x000000c4                __vector_23
                0x000000c4                __vector_25
                0x000000c4                __vector_11
                0x000000c4                __vector_13
                0x000000c4                __vector_17
                0x000000c4                __vector_7
                0x000000c4                __vector_5
                0x000000c4                __vector_4
                0x000000c4                __vector_9
                0x000000c4                __vector_2
                0x000000c4                __vector_21
                0x000000c4                __vector_15
                0x000000c4                __vector_8
                0x000000c4                __vector_14
                0x000000c4                __vector_10
                0x000000c4                __vector_20
                0x000000c6                . = ALIGN (0x2)
 *(.text.*)
 .text.setup    0x000000c6       0x10 ./src/main.o
                0x000000c6                setup
 .text.loop     0x000000d6       0x76 ./src/main.o
                0x000000d6                loop
 .text.startup._GLOBAL__sub_I_setup
                0x0000014c       0x14 ./src/main.o
 .text.startup._GLOBAL__sub_I__ZN9DhcpClass13beginWithDHCPEPhmm
                0x00000160       0x14 ./arduinolib/Ethernet/src/Dhcp.o
 .text.startup._GLOBAL__sub_I__ZN9DNSClient5beginERK9IPAddress
                0x00000174       0x14 ./arduinolib/Ethernet/src/Dns.o
 .text.startup._GLOBAL__sub_I__ZN13EthernetClass6_stateE
                0x00000188       0x18 ./arduinolib/Ethernet/src/Ethernet.o
 .text.startup._GLOBAL__sub_I__ZN14EthernetClient8_srcportE
                0x000001a0       0x14 ./arduinolib/Ethernet/src/EthernetClient.o
 .text.startup._GLOBAL__sub_I__ZN14EthernetServerC2Ej
                0x000001b4       0x14 ./arduinolib/Ethernet/src/EthernetServer.o
 .text.startup._GLOBAL__sub_I__ZN11EthernetUDPC2Ev
                0x000001c8       0x14 ./arduinolib/Ethernet/src/EthernetUdp.o
 .text._ZN14HardwareSerial9availableEv
                0x000001dc       0x18 C:\Users\tilo\workspace_arduino\ArduinoCoreFiles\328P_16MHz\libArduinoCoreFiles.a(HardwareSerial.o)
                0x000001dc                _ZN14HardwareSerial9availableEv
 .text._ZN14HardwareSerial4peekEv
                0x000001f4       0x1c C:\Users\tilo\workspace_arduino\ArduinoCoreFiles\328P_16MHz\libArduinoCoreFiles.a(HardwareSerial.o)
                0x000001f4                _ZN14HardwareSerial4peekEv
 .text._ZN14HardwareSerial4readEv
                0x00000210       0x28 C:\Users\tilo\workspace_arduino\ArduinoCoreFiles\328P_16MHz\libArduinoCoreFiles.a(HardwareSerial.o)
                0x00000210                _ZN14HardwareSerial4readEv
 .text._Z14serialEventRunv
                0x00000238       0x1a C:\Users\tilo\workspace_arduino\ArduinoCoreFiles\328P_16MHz\libArduinoCoreFiles.a(HardwareSerial.o)
                0x00000238                _Z14serialEventRunv
 .text._ZN14HardwareSerial17_tx_udr_empty_irqEv
                0x00000252       0x42 C:\Users\tilo\workspace_arduino\ArduinoCoreFiles\328P_16MHz\libArduinoCoreFiles.a(HardwareSerial.o)
                0x00000252                _ZN14HardwareSerial17_tx_udr_empty_irqEv
 .text._ZN14HardwareSerial5flushEv
                0x00000294       0x42 C:\Users\tilo\workspace_arduino\ArduinoCoreFiles\328P_16MHz\libArduinoCoreFiles.a(HardwareSerial.o)
                0x00000294                _ZN14HardwareSerial5flushEv
 .text._ZN14HardwareSerial5writeEh
                0x000002d6       0x8c C:\Users\tilo\workspace_arduino\ArduinoCoreFiles\328P_16MHz\libArduinoCoreFiles.a(HardwareSerial.o)
                0x000002d6                _ZN14HardwareSerial5writeEh
 .text._ZN14HardwareSerial5beginEmh
                0x00000362       0xc6 C:\Users\tilo\workspace_arduino\ArduinoCoreFiles\328P_16MHz\libArduinoCoreFiles.a(HardwareSerial.o)
                0x00000362                _ZN14HardwareSerial5beginEmh
 .text.__vector_18
                0x00000428       0x64 C:\Users\tilo\workspace_arduino\ArduinoCoreFiles\328P_16MHz\libArduinoCoreFiles.a(HardwareSerial0.o)
                0x00000428                __vector_18
 .text.__vector_19
                0x0000048c       0x4a C:\Users\tilo\workspace_arduino\ArduinoCoreFiles\328P_16MHz\libArduinoCoreFiles.a(HardwareSerial0.o)
                0x0000048c                __vector_19
 .text._Z17Serial0_availablev
                0x000004d6       0x12 C:\Users\tilo\workspace_arduino\ArduinoCoreFiles\328P_16MHz\libArduinoCoreFiles.a(HardwareSerial0.o)
                0x000004d6                _Z17Serial0_availablev
 .text.startup._GLOBAL__sub_I___vector_18
                0x000004e8       0x5a C:\Users\tilo\workspace_arduino\ArduinoCoreFiles\328P_16MHz\libArduinoCoreFiles.a(HardwareSerial0.o)
 .text._ZNK9IPAddress7printToER5Print
                0x00000542       0x7e C:\Users\tilo\workspace_arduino\ArduinoCoreFiles\328P_16MHz\libArduinoCoreFiles.a(IPAddress.o)
                0x00000542                _ZNK9IPAddress7printToER5Print
 .text._ZN9IPAddressC2Ev
                0x000005c0       0x14 C:\Users\tilo\workspace_arduino\ArduinoCoreFiles\328P_16MHz\libArduinoCoreFiles.a(IPAddress.o)
                0x000005c0                _ZN9IPAddressC1Ev
                0x000005c0                _ZN9IPAddressC2Ev
 .text._ZN9IPAddressC2Ehhhh
                0x000005d4       0x18 C:\Users\tilo\workspace_arduino\ArduinoCoreFiles\328P_16MHz\libArduinoCoreFiles.a(IPAddress.o)
                0x000005d4                _ZN9IPAddressC2Ehhhh
                0x000005d4                _ZN9IPAddressC1Ehhhh
 .text.startup._GLOBAL__sub_I__ZN9IPAddressC2Ev
                0x000005ec       0x16 C:\Users\tilo\workspace_arduino\ArduinoCoreFiles\328P_16MHz\libArduinoCoreFiles.a(IPAddress.o)
 .text._ZN5Print5writeEPKhj
                0x00000602       0x56 C:\Users\tilo\workspace_arduino\ArduinoCoreFiles\328P_16MHz\libArduinoCoreFiles.a(Print.o)
                0x00000602                _ZN5Print5writeEPKhj
 .text._ZN5Print5writeEPKc
                0x00000658       0x2a C:\Users\tilo\workspace_arduino\ArduinoCoreFiles\328P_16MHz\libArduinoCoreFiles.a(Print.o)
                0x00000658                _ZN5Print5writeEPKc
 .text._ZN5Print5printERK6String
                0x00000682       0x1c C:\Users\tilo\workspace_arduino\ArduinoCoreFiles\328P_16MHz\libArduinoCoreFiles.a(Print.o)
                0x00000682                _ZN5Print5printERK6String
 .text._ZN5Print5printEc
                0x0000069e        0xe C:\Users\tilo\workspace_arduino\ArduinoCoreFiles\328P_16MHz\libArduinoCoreFiles.a(Print.o)
                0x0000069e                _ZN5Print5printEc
 .text._ZN5Print7printlnEv
                0x000006ac        0x6 C:\Users\tilo\workspace_arduino\ArduinoCoreFiles\328P_16MHz\libArduinoCoreFiles.a(Print.o)
                0x000006ac                _ZN5Print7printlnEv
 .text._ZN5Print7printlnERK6String
                0x000006b2       0x20 C:\Users\tilo\workspace_arduino\ArduinoCoreFiles\328P_16MHz\libArduinoCoreFiles.a(Print.o)
                0x000006b2                _ZN5Print7printlnERK6String
 .text._ZN5Print11printNumberEmh
                0x000006d2       0x8e C:\Users\tilo\workspace_arduino\ArduinoCoreFiles\328P_16MHz\libArduinoCoreFiles.a(Print.o)
                0x000006d2                _ZN5Print11printNumberEmh
 .text._ZN5Print5printEmi
                0x00000760       0x18 C:\Users\tilo\workspace_arduino\ArduinoCoreFiles\328P_16MHz\libArduinoCoreFiles.a(Print.o)
                0x00000760                _ZN5Print5printEmi
 .text._ZN5Print5printEhi
                0x00000778        0xc C:\Users\tilo\workspace_arduino\ArduinoCoreFiles\328P_16MHz\libArduinoCoreFiles.a(Print.o)
                0x00000778                _ZN5Print5printEhi
 .text._ZN6StringD2Ev
                0x00000784        0x8 C:\Users\tilo\workspace_arduino\ArduinoCoreFiles\328P_16MHz\libArduinoCoreFiles.a(WString.o)
                0x00000784                _ZN6StringD2Ev
                0x00000784                _ZN6StringD1Ev
 .text._ZN6String10invalidateEv
                0x0000078c       0x22 C:\Users\tilo\workspace_arduino\ArduinoCoreFiles\328P_16MHz\libArduinoCoreFiles.a(WString.o)
                0x0000078c                _ZN6String10invalidateEv
 .text._ZN6String12changeBufferEj
                0x000007ae       0x32 C:\Users\tilo\workspace_arduino\ArduinoCoreFiles\328P_16MHz\libArduinoCoreFiles.a(WString.o)
                0x000007ae                _ZN6String12changeBufferEj
 .text._ZN6String7reserveEj
                0x000007e0       0x36 C:\Users\tilo\workspace_arduino\ArduinoCoreFiles\328P_16MHz\libArduinoCoreFiles.a(WString.o)
                0x000007e0                _ZN6String7reserveEj
 .text._ZN6String4copyEPKcj
                0x00000816       0x3c C:\Users\tilo\workspace_arduino\ArduinoCoreFiles\328P_16MHz\libArduinoCoreFiles.a(WString.o)
                0x00000816                _ZN6String4copyEPKcj
 .text._ZN6StringC2EPKc
                0x00000852       0x28 C:\Users\tilo\workspace_arduino\ArduinoCoreFiles\328P_16MHz\libArduinoCoreFiles.a(WString.o)
                0x00000852                _ZN6StringC2EPKc
                0x00000852                _ZN6StringC1EPKc
 .text._ZN6StringaSERKS_
                0x0000087a       0x2a C:\Users\tilo\workspace_arduino\ArduinoCoreFiles\328P_16MHz\libArduinoCoreFiles.a(WString.o)
                0x0000087a                _ZN6StringaSERKS_
 .text._ZN6StringC2ERKS_
                0x000008a4       0x10 C:\Users\tilo\workspace_arduino\ArduinoCoreFiles\328P_16MHz\libArduinoCoreFiles.a(WString.o)
                0x000008a4                _ZN6StringC2ERKS_
                0x000008a4                _ZN6StringC1ERKS_
 .text._ZN6String6concatEPKcj
                0x000008b4       0x58 C:\Users\tilo\workspace_arduino\ArduinoCoreFiles\328P_16MHz\libArduinoCoreFiles.a(WString.o)
                0x000008b4                _ZN6String6concatEPKcj
 .text._ZplRK15StringSumHelperPKc
                0x0000090c       0x2e C:\Users\tilo\workspace_arduino\ArduinoCoreFiles\328P_16MHz\libArduinoCoreFiles.a(WString.o)
                0x0000090c                _ZplRK15StringSumHelperPKc
 .text.__empty  0x0000093a        0x2 C:\Users\tilo\workspace_arduino\ArduinoCoreFiles\328P_16MHz\libArduinoCoreFiles.a(hooks.o)
                0x0000093a                yield
 .text.initVariant
                0x0000093c        0x2 C:\Users\tilo\workspace_arduino\ArduinoCoreFiles\328P_16MHz\libArduinoCoreFiles.a(main.o)
                0x0000093c                initVariant
 .text.startup.main
                0x0000093e       0x14 C:\Users\tilo\workspace_arduino\ArduinoCoreFiles\328P_16MHz\libArduinoCoreFiles.a(main.o)
                0x0000093e                main
 .text.__vector_16
                0x00000952       0x94 C:\Users\tilo\workspace_arduino\ArduinoCoreFiles\328P_16MHz\libArduinoCoreFiles.a(wiring.o)
                0x00000952                __vector_16
 .text.micros   0x000009e6       0x4a C:\Users\tilo\workspace_arduino\ArduinoCoreFiles\328P_16MHz\libArduinoCoreFiles.a(wiring.o)
                0x000009e6                micros
 .text.delay    0x00000a30       0x72 C:\Users\tilo\workspace_arduino\ArduinoCoreFiles\328P_16MHz\libArduinoCoreFiles.a(wiring.o)
                0x00000a30                delay
 .text.init     0x00000aa2       0x76 C:\Users\tilo\workspace_arduino\ArduinoCoreFiles\328P_16MHz\libArduinoCoreFiles.a(wiring.o)
                0x00000aa2                init
 .text.libgcc.div
                0x00000b18       0x44 c:/program files (x86)/arduino/hardware/tools/avr/bin/../lib/gcc/avr/4.9.2/avr5\libgcc.a(_udivmodsi4.o)
                0x00000b18                __udivmodsi4
 .text.libgcc   0x00000b5c        0xc c:/program files (x86)/arduino/hardware/tools/avr/bin/../lib/gcc/avr/4.9.2/avr5\libgcc.a(_tablejump2.o)
                0x00000b5c                __tablejump2__
 .text.avr-libc
                0x00000b68      0x25a c:/program files (x86)/arduino/hardware/tools/avr/bin/../lib/gcc/avr/4.9.2/../../../../avr/lib/avr5\libc.a(malloc.o)
                0x00000b68                malloc
                0x00000c92                free
 .text.avr-libc
                0x00000dc2      0x186 c:/program files (x86)/arduino/hardware/tools/avr/bin/../lib/gcc/avr/4.9.2/../../../../avr/lib/avr5\libc.a(realloc.o)
                0x00000dc2                realloc
 .text.avr-libc
                0x00000f48       0x12 c:/program files (x86)/arduino/hardware/tools/avr/bin/../lib/gcc/avr/4.9.2/../../../../avr/lib/avr5\libc.a(memcpy.o)
                0x00000f48                memcpy
 .text.avr-libc
                0x00000f5a        0xe c:/program files (x86)/arduino/hardware/tools/avr/bin/../lib/gcc/avr/4.9.2/../../../../avr/lib/avr5\libc.a(strcpy.o)
                0x00000f5a                strcpy
 .text.libgcc.prologue
                0x00000f68       0x38 c:/program files (x86)/arduino/hardware/tools/avr/bin/../lib/gcc/avr/4.9.2/avr5\libgcc.a(_prologue.o)
                0x00000f68                __prologue_saves__
 .text.libgcc.prologue
                0x00000fa0       0x36 c:/program files (x86)/arduino/hardware/tools/avr/bin/../lib/gcc/avr/4.9.2/avr5\libgcc.a(_epilogue.o)
                0x00000fa0                __epilogue_restores__
                0x00000fd6                . = ALIGN (0x2)
 *(.fini9)
 .fini9         0x00000fd6        0x0 c:/program files (x86)/arduino/hardware/tools/avr/bin/../lib/gcc/avr/4.9.2/avr5\libgcc.a(_exit.o)
                0x00000fd6                _exit
                0x00000fd6                exit
 *(.fini9)
 *(.fini8)
 *(.fini8)
 *(.fini7)
 *(.fini7)
 *(.fini6)
 *(.fini6)
 *(.fini5)
 *(.fini5)
 *(.fini4)
 *(.fini4)
 *(.fini3)
 *(.fini3)
 *(.fini2)
 *(.fini2)
 *(.fini1)
 *(.fini1)
 *(.fini0)
 .fini0         0x00000fd6        0x4 c:/program files (x86)/arduino/hardware/tools/avr/bin/../lib/gcc/avr/4.9.2/avr5\libgcc.a(_exit.o)
 *(.fini0)
                0x00000fda                _etext = .

.data           0x00800100       0x3a load address 0x00000fda
                0x00800100                PROVIDE (__data_start, .)
 *(.data)
 .data          0x00800100        0x0 c:/program files (x86)/arduino/hardware/tools/avr/bin/../lib/gcc/avr/4.9.2/../../../../avr/lib/avr5/crtatmega328p.o
 .data          0x00800100        0x0 ./src/Test.o
 .data          0x00800100        0x0 ./src/main.o
 .data          0x00800100        0x0 ./arduinolib/SPI/src/SPI.o
 .data          0x00800100        0x0 ./arduinolib/Ethernet/src/utility/socket.o
 .data          0x00800100        0x0 ./arduinolib/Ethernet/src/utility/w5100.o
 .data          0x00800100        0x0 ./arduinolib/Ethernet/src/Dhcp.o
 .data          0x00800100        0x0 ./arduinolib/Ethernet/src/Dns.o
 .data          0x00800100        0x0 ./arduinolib/Ethernet/src/Ethernet.o
 .data          0x00800100        0x0 ./arduinolib/Ethernet/src/EthernetClient.o
 .data          0x00800100        0x0 ./arduinolib/Ethernet/src/EthernetServer.o
 .data          0x00800100        0x0 ./arduinolib/Ethernet/src/EthernetUdp.o
 .data          0x00800100        0x0 C:\Users\tilo\workspace_arduino\ArduinoCoreFiles\328P_16MHz\libArduinoCoreFiles.a(HardwareSerial.o)
 .data          0x00800100        0x0 C:\Users\tilo\workspace_arduino\ArduinoCoreFiles\328P_16MHz\libArduinoCoreFiles.a(HardwareSerial0.o)
 .data          0x00800100        0x0 C:\Users\tilo\workspace_arduino\ArduinoCoreFiles\328P_16MHz\libArduinoCoreFiles.a(IPAddress.o)
 .data          0x00800100        0x0 C:\Users\tilo\workspace_arduino\ArduinoCoreFiles\328P_16MHz\libArduinoCoreFiles.a(Print.o)
 .data          0x00800100        0x0 C:\Users\tilo\workspace_arduino\ArduinoCoreFiles\328P_16MHz\libArduinoCoreFiles.a(WMath.o)
 .data          0x00800100        0x0 C:\Users\tilo\workspace_arduino\ArduinoCoreFiles\328P_16MHz\libArduinoCoreFiles.a(WString.o)
 .data          0x00800100        0x0 C:\Users\tilo\workspace_arduino\ArduinoCoreFiles\328P_16MHz\libArduinoCoreFiles.a(abi.o)
 .data          0x00800100        0x0 C:\Users\tilo\workspace_arduino\ArduinoCoreFiles\328P_16MHz\libArduinoCoreFiles.a(hooks.o)
 .data          0x00800100        0x0 C:\Users\tilo\workspace_arduino\ArduinoCoreFiles\328P_16MHz\libArduinoCoreFiles.a(main.o)
 .data          0x00800100        0x0 C:\Users\tilo\workspace_arduino\ArduinoCoreFiles\328P_16MHz\libArduinoCoreFiles.a(wiring.o)
 .data          0x00800100        0x0 C:\Users\tilo\workspace_arduino\ArduinoCoreFiles\328P_16MHz\libArduinoCoreFiles.a(wiring_digital.o)
 .data          0x00800100        0x0 c:/program files (x86)/arduino/hardware/tools/avr/bin/../lib/gcc/avr/4.9.2/avr5\libgcc.a(_mulsi3.o)
 .data          0x00800100        0x0 c:/program files (x86)/arduino/hardware/tools/avr/bin/../lib/gcc/avr/4.9.2/avr5\libgcc.a(_udivmodsi4.o)
 .data          0x00800100        0x0 c:/program files (x86)/arduino/hardware/tools/avr/bin/../lib/gcc/avr/4.9.2/avr5\libgcc.a(_divmodsi4.o)
 .data          0x00800100        0x0 c:/program files (x86)/arduino/hardware/tools/avr/bin/../lib/gcc/avr/4.9.2/avr5\libgcc.a(_negsi2.o)
 .data          0x00800100        0x0 c:/program files (x86)/arduino/hardware/tools/avr/bin/../lib/gcc/avr/4.9.2/avr5\libgcc.a(_exit.o)
 .data          0x00800100        0x0 c:/program files (x86)/arduino/hardware/tools/avr/bin/../lib/gcc/avr/4.9.2/avr5\libgcc.a(_copy_data.o)
 .data          0x00800100        0x0 c:/program files (x86)/arduino/hardware/tools/avr/bin/../lib/gcc/avr/4.9.2/avr5\libgcc.a(_clear_bss.o)
 .data          0x00800100        0x0 c:/program files (x86)/arduino/hardware/tools/avr/bin/../lib/gcc/avr/4.9.2/avr5\libgcc.a(_ctors.o)
 .data          0x00800100        0x0 c:/program files (x86)/arduino/hardware/tools/avr/bin/../lib/gcc/avr/4.9.2/avr5\libgcc.a(_bswapsi2.o)
 .data          0x00800100        0x0 c:/program files (x86)/arduino/hardware/tools/avr/bin/../lib/gcc/avr/4.9.2/avr5\libgcc.a(_muluhisi3.o)
 .data          0x00800100        0x0 c:/program files (x86)/arduino/hardware/tools/avr/bin/../lib/gcc/avr/4.9.2/avr5\libgcc.a(_tablejump2.o)
 .data          0x00800100        0x0 c:/program files (x86)/arduino/hardware/tools/avr/bin/../lib/gcc/avr/4.9.2/avr5\libgcc.a(_umulhisi3.o)
 .data          0x00800100        0x0 c:/program files (x86)/arduino/hardware/tools/avr/bin/../lib/gcc/avr/4.9.2/../../../../avr/lib/avr5\libm.a(addsf3.o)
 .data          0x00800100        0x0 c:/program files (x86)/arduino/hardware/tools/avr/bin/../lib/gcc/avr/4.9.2/../../../../avr/lib/avr5\libm.a(addsf3x.o)
 .data          0x00800100        0x0 c:/program files (x86)/arduino/hardware/tools/avr/bin/../lib/gcc/avr/4.9.2/../../../../avr/lib/avr5\libm.a(cmpsf2.o)
 .data          0x00800100        0x0 c:/program files (x86)/arduino/hardware/tools/avr/bin/../lib/gcc/avr/4.9.2/../../../../avr/lib/avr5\libm.a(divsf3.o)
 .data          0x00800100        0x0 c:/program files (x86)/arduino/hardware/tools/avr/bin/../lib/gcc/avr/4.9.2/../../../../avr/lib/avr5\libm.a(divsf3x.o)
 .data          0x00800100        0x0 c:/program files (x86)/arduino/hardware/tools/avr/bin/../lib/gcc/avr/4.9.2/../../../../avr/lib/avr5\libm.a(fixunssfsi.o)
 .data          0x00800100        0x0 c:/program files (x86)/arduino/hardware/tools/avr/bin/../lib/gcc/avr/4.9.2/../../../../avr/lib/avr5\libm.a(floatsisf.o)
 .data          0x00800100        0x0 c:/program files (x86)/arduino/hardware/tools/avr/bin/../lib/gcc/avr/4.9.2/../../../../avr/lib/avr5\libm.a(fp_cmp.o)
 .data          0x00800100        0x0 c:/program files (x86)/arduino/hardware/tools/avr/bin/../lib/gcc/avr/4.9.2/../../../../avr/lib/avr5\libm.a(fp_inf.o)
 .data          0x00800100        0x0 c:/program files (x86)/arduino/hardware/tools/avr/bin/../lib/gcc/avr/4.9.2/../../../../avr/lib/avr5\libm.a(fp_nan.o)
 .data          0x00800100        0x0 c:/program files (x86)/arduino/hardware/tools/avr/bin/../lib/gcc/avr/4.9.2/../../../../avr/lib/avr5\libm.a(fp_pscA.o)
 .data          0x00800100        0x0 c:/program files (x86)/arduino/hardware/tools/avr/bin/../lib/gcc/avr/4.9.2/../../../../avr/lib/avr5\libm.a(fp_pscB.o)
 .data          0x00800100        0x0 c:/program files (x86)/arduino/hardware/tools/avr/bin/../lib/gcc/avr/4.9.2/../../../../avr/lib/avr5\libm.a(fp_round.o)
 .data          0x00800100        0x0 c:/program files (x86)/arduino/hardware/tools/avr/bin/../lib/gcc/avr/4.9.2/../../../../avr/lib/avr5\libm.a(fp_split3.o)
 .data          0x00800100        0x0 c:/program files (x86)/arduino/hardware/tools/avr/bin/../lib/gcc/avr/4.9.2/../../../../avr/lib/avr5\libm.a(fp_zero.o)
 .data          0x00800100        0x0 c:/program files (x86)/arduino/hardware/tools/avr/bin/../lib/gcc/avr/4.9.2/../../../../avr/lib/avr5\libm.a(gesf2.o)
 .data          0x00800100        0x0 c:/program files (x86)/arduino/hardware/tools/avr/bin/../lib/gcc/avr/4.9.2/../../../../avr/lib/avr5\libm.a(mulsf3.o)
 .data          0x00800100        0x0 c:/program files (x86)/arduino/hardware/tools/avr/bin/../lib/gcc/avr/4.9.2/../../../../avr/lib/avr5\libm.a(mulsf3x.o)
 .data          0x00800100        0x0 c:/program files (x86)/arduino/hardware/tools/avr/bin/../lib/gcc/avr/4.9.2/../../../../avr/lib/avr5\libm.a(unordsf2.o)
 .data          0x00800100        0x0 c:/program files (x86)/arduino/hardware/tools/avr/bin/../lib/gcc/avr/4.9.2/../../../../avr/lib/avr5\libc.a(dtostrf.o)
 .data          0x00800100        0x6 c:/program files (x86)/arduino/hardware/tools/avr/bin/../lib/gcc/avr/4.9.2/../../../../avr/lib/avr5\libc.a(malloc.o)
                0x00800100                __malloc_heap_end
                0x00800102                __malloc_heap_start
                0x00800104                __malloc_margin
 .data          0x00800106        0x4 c:/program files (x86)/arduino/hardware/tools/avr/bin/../lib/gcc/avr/4.9.2/../../../../avr/lib/avr5\libc.a(random.o)
 .data          0x0080010a        0x0 c:/program files (x86)/arduino/hardware/tools/avr/bin/../lib/gcc/avr/4.9.2/../../../../avr/lib/avr5\libc.a(realloc.o)
 .data          0x0080010a        0x0 c:/program files (x86)/arduino/hardware/tools/avr/bin/../lib/gcc/avr/4.9.2/../../../../avr/lib/avr5\libc.a(abort.o)
 .data          0x0080010a        0x0 c:/program files (x86)/arduino/hardware/tools/avr/bin/../lib/gcc/avr/4.9.2/../../../../avr/lib/avr5\libc.a(atof.o)
 .data          0x0080010a        0x0 c:/program files (x86)/arduino/hardware/tools/avr/bin/../lib/gcc/avr/4.9.2/../../../../avr/lib/avr5\libc.a(atol.o)
 .data          0x0080010a        0x0 c:/program files (x86)/arduino/hardware/tools/avr/bin/../lib/gcc/avr/4.9.2/../../../../avr/lib/avr5\libc.a(isspace.o)
 .data          0x0080010a        0x0 c:/program files (x86)/arduino/hardware/tools/avr/bin/../lib/gcc/avr/4.9.2/../../../../avr/lib/avr5\libc.a(tolower.o)
 .data          0x0080010a        0x0 c:/program files (x86)/arduino/hardware/tools/avr/bin/../lib/gcc/avr/4.9.2/../../../../avr/lib/avr5\libc.a(toupper.o)
 .data          0x0080010a        0x0 c:/program files (x86)/arduino/hardware/tools/avr/bin/../lib/gcc/avr/4.9.2/../../../../avr/lib/avr5\libc.a(strcpy_P.o)
 .data          0x0080010a        0x0 c:/program files (x86)/arduino/hardware/tools/avr/bin/../lib/gcc/avr/4.9.2/../../../../avr/lib/avr5\libc.a(strlen_P.o)
 .data          0x0080010a        0x0 c:/program files (x86)/arduino/hardware/tools/avr/bin/../lib/gcc/avr/4.9.2/../../../../avr/lib/avr5\libc.a(memcmp.o)
 .data          0x0080010a        0x0 c:/program files (x86)/arduino/hardware/tools/avr/bin/../lib/gcc/avr/4.9.2/../../../../avr/lib/avr5\libc.a(memcpy.o)
 .data          0x0080010a        0x0 c:/program files (x86)/arduino/hardware/tools/avr/bin/../lib/gcc/avr/4.9.2/../../../../avr/lib/avr5\libc.a(memmove.o)
 .data          0x0080010a        0x0 c:/program files (x86)/arduino/hardware/tools/avr/bin/../lib/gcc/avr/4.9.2/../../../../avr/lib/avr5\libc.a(strchr.o)
 .data          0x0080010a        0x0 c:/program files (x86)/arduino/hardware/tools/avr/bin/../lib/gcc/avr/4.9.2/../../../../avr/lib/avr5\libc.a(strcmp.o)
 .data          0x0080010a        0x0 c:/program files (x86)/arduino/hardware/tools/avr/bin/../lib/gcc/avr/4.9.2/../../../../avr/lib/avr5\libc.a(strcpy.o)
 .data          0x0080010a        0x0 c:/program files (x86)/arduino/hardware/tools/avr/bin/../lib/gcc/avr/4.9.2/../../../../avr/lib/avr5\libc.a(strncmp.o)
 .data          0x0080010a        0x0 c:/program files (x86)/arduino/hardware/tools/avr/bin/../lib/gcc/avr/4.9.2/../../../../avr/lib/avr5\libc.a(strncpy.o)
 .data          0x0080010a        0x0 c:/program files (x86)/arduino/hardware/tools/avr/bin/../lib/gcc/avr/4.9.2/../../../../avr/lib/avr5\libc.a(strrchr.o)
 .data          0x0080010a        0x0 c:/program files (x86)/arduino/hardware/tools/avr/bin/../lib/gcc/avr/4.9.2/../../../../avr/lib/avr5\libc.a(strstr.o)
 .data          0x0080010a        0x0 c:/program files (x86)/arduino/hardware/tools/avr/bin/../lib/gcc/avr/4.9.2/../../../../avr/lib/avr5\libc.a(itoa.o)
 .data          0x0080010a        0x0 c:/program files (x86)/arduino/hardware/tools/avr/bin/../lib/gcc/avr/4.9.2/../../../../avr/lib/avr5\libc.a(itoa_ncheck.o)
 .data          0x0080010a        0x0 c:/program files (x86)/arduino/hardware/tools/avr/bin/../lib/gcc/avr/4.9.2/../../../../avr/lib/avr5\libc.a(ltoa.o)
 .data          0x0080010a        0x0 c:/program files (x86)/arduino/hardware/tools/avr/bin/../lib/gcc/avr/4.9.2/../../../../avr/lib/avr5\libc.a(ltoa_ncheck.o)
 .data          0x0080010a        0x0 c:/program files (x86)/arduino/hardware/tools/avr/bin/../lib/gcc/avr/4.9.2/../../../../avr/lib/avr5\libc.a(mulsi10.o)
 .data          0x0080010a        0x0 c:/program files (x86)/arduino/hardware/tools/avr/bin/../lib/gcc/avr/4.9.2/../../../../avr/lib/avr5\libc.a(ultoa.o)
 .data          0x0080010a        0x0 c:/program files (x86)/arduino/hardware/tools/avr/bin/../lib/gcc/avr/4.9.2/../../../../avr/lib/avr5\libc.a(ultoa_ncheck.o)
 .data          0x0080010a        0x0 c:/program files (x86)/arduino/hardware/tools/avr/bin/../lib/gcc/avr/4.9.2/../../../../avr/lib/avr5\libc.a(utoa.o)
 .data          0x0080010a        0x0 c:/program files (x86)/arduino/hardware/tools/avr/bin/../lib/gcc/avr/4.9.2/../../../../avr/lib/avr5\libc.a(utoa_ncheck.o)
 .data          0x0080010a        0x0 c:/program files (x86)/arduino/hardware/tools/avr/bin/../lib/gcc/avr/4.9.2/../../../../avr/lib/avr5\libc.a(dtoa_prf.o)
 .data          0x0080010a        0x0 c:/program files (x86)/arduino/hardware/tools/avr/bin/../lib/gcc/avr/4.9.2/../../../../avr/lib/avr5\libc.a(strtod.o)
 .data          0x0080010a        0x0 c:/program files (x86)/arduino/hardware/tools/avr/bin/../lib/gcc/avr/4.9.2/../../../../avr/lib/avr5\libc.a(ftoa_engine.o)
 .data          0x0080010a        0x0 c:/program files (x86)/arduino/hardware/tools/avr/bin/../lib/gcc/avr/4.9.2/../../../../avr/lib/avr5\libc.a(cty_isfalse.o)
 .data          0x0080010a        0x0 c:/program files (x86)/arduino/hardware/tools/avr/bin/../lib/gcc/avr/4.9.2/../../../../avr/lib/avr5\libc.a(strncasecmp_P.o)
 .data          0x0080010a        0x0 c:/program files (x86)/arduino/hardware/tools/avr/bin/../lib/gcc/avr/4.9.2/../../../../avr/lib/avr5\libc.a(strrev.o)
 .data          0x0080010a        0x0 c:/program files (x86)/arduino/hardware/tools/avr/bin/../lib/gcc/avr/4.9.2/../../../../avr/lib/avr5\libc.a(errno.o)
 .data          0x0080010a        0x0 c:/program files (x86)/arduino/hardware/tools/avr/bin/../lib/gcc/avr/4.9.2/avr5\libgcc.a(_mulshisi3.o)
 .data          0x0080010a        0x0 c:/program files (x86)/arduino/hardware/tools/avr/bin/../lib/gcc/avr/4.9.2/avr5\libgcc.a(_prologue.o)
 .data          0x0080010a        0x0 c:/program files (x86)/arduino/hardware/tools/avr/bin/../lib/gcc/avr/4.9.2/avr5\libgcc.a(_epilogue.o)
 *(.data*)
 *(.rodata)
 *(.rodata*)
 .rodata.str1.1
                0x0080010a        0x8 ./src/main.o
 .rodata._ZTV14HardwareSerial
                0x00800112       0x10 C:\Users\tilo\workspace_arduino\ArduinoCoreFiles\328P_16MHz\libArduinoCoreFiles.a(HardwareSerial.o)
                0x00800112                _ZTV14HardwareSerial
 .rodata._ZTV9IPAddress
                0x00800122        0x6 C:\Users\tilo\workspace_arduino\ArduinoCoreFiles\328P_16MHz\libArduinoCoreFiles.a(IPAddress.o)
                0x00800122                _ZTV9IPAddress
 .rodata.str1.1
                0x00800128       0x11 C:\Users\tilo\workspace_arduino\ArduinoCoreFiles\328P_16MHz\libArduinoCoreFiles.a(Print.o)
 *(.gnu.linkonce.d*)
                0x0080013a                . = ALIGN (0x2)
 *fill*         0x00800139        0x1 
                0x0080013a                _edata = .
                0x0080013a                PROVIDE (__data_end, .)

.bss            0x0080013a       0xe2
                0x0080013a                PROVIDE (__bss_start, .)
 *(.bss)
 *(.bss*)
 .bss._ZL11INADDR_NONE
                0x0080013a        0x6 ./src/main.o
 .bss._ZL11INADDR_NONE
                0x00800140        0x6 ./arduinolib/Ethernet/src/Dhcp.o
 .bss._ZL11INADDR_NONE
                0x00800146        0x6 ./arduinolib/Ethernet/src/Dns.o
 .bss.Ethernet  0x0080014c        0x8 ./arduinolib/Ethernet/src/Ethernet.o
                0x0080014c                Ethernet
 .bss._ZL11INADDR_NONE
                0x00800154        0x6 ./arduinolib/Ethernet/src/Ethernet.o
 .bss._ZL11INADDR_NONE
                0x0080015a        0x6 ./arduinolib/Ethernet/src/EthernetClient.o
 .bss._ZL11INADDR_NONE
                0x00800160        0x6 ./arduinolib/Ethernet/src/EthernetServer.o
 .bss._ZL11INADDR_NONE
                0x00800166        0x6 ./arduinolib/Ethernet/src/EthernetUdp.o
 .bss.Serial    0x0080016c       0x9d C:\Users\tilo\workspace_arduino\ArduinoCoreFiles\328P_16MHz\libArduinoCoreFiles.a(HardwareSerial0.o)
                0x0080016c                Serial
 .bss._ZL11INADDR_NONE
                0x00800209        0x6 C:\Users\tilo\workspace_arduino\ArduinoCoreFiles\328P_16MHz\libArduinoCoreFiles.a(IPAddress.o)
 .bss.timer0_fract
                0x0080020f        0x1 C:\Users\tilo\workspace_arduino\ArduinoCoreFiles\328P_16MHz\libArduinoCoreFiles.a(wiring.o)
 .bss.timer0_millis
                0x00800210        0x4 C:\Users\tilo\workspace_arduino\ArduinoCoreFiles\328P_16MHz\libArduinoCoreFiles.a(wiring.o)
                0x00800210                timer0_millis
 .bss.timer0_overflow_count
                0x00800214        0x4 C:\Users\tilo\workspace_arduino\ArduinoCoreFiles\328P_16MHz\libArduinoCoreFiles.a(wiring.o)
                0x00800214                timer0_overflow_count
 *(COMMON)
 COMMON         0x00800218        0x4 c:/program files (x86)/arduino/hardware/tools/avr/bin/../lib/gcc/avr/4.9.2/../../../../avr/lib/avr5\libc.a(malloc.o)
                0x00800218                __brkval
                0x0080021a                __flp
                0x0080021c                PROVIDE (__bss_end, .)
                0x00000fda                __data_load_start = LOADADDR (.data)
                0x00001014                __data_load_end = (__data_load_start + SIZEOF (.data))

.noinit         0x0080021c        0x0
                0x0080021c                PROVIDE (__noinit_start, .)
 *(.noinit*)
                0x0080021c                PROVIDE (__noinit_end, .)
                0x0080021c                _end = .
                0x0080021c                PROVIDE (__heap_start, .)

.eeprom         0x00810000        0x0
 *(.eeprom*)
                0x00810000                __eeprom_end = .

.fuse
 *(.fuse)
 *(.lfuse)
 *(.hfuse)
 *(.efuse)

.lock
 *(.lock*)

.signature
 *(.signature*)

.stab           0x00000000     0x4ac4
 *(.stab)
 .stab          0x00000000      0xa98 C:\Users\tilo\workspace_arduino\ArduinoCoreFiles\328P_16MHz\libArduinoCoreFiles.a(HardwareSerial.o)
                                0xc60 (size before relaxing)
 .stab          0x00000a98      0x840 C:\Users\tilo\workspace_arduino\ArduinoCoreFiles\328P_16MHz\libArduinoCoreFiles.a(HardwareSerial0.o)
                                0x84c (size before relaxing)
 .stab          0x000012d8      0x8a0 C:\Users\tilo\workspace_arduino\ArduinoCoreFiles\328P_16MHz\libArduinoCoreFiles.a(IPAddress.o)
                                0xb28 (size before relaxing)
 .stab          0x00001b78      0x954 C:\Users\tilo\workspace_arduino\ArduinoCoreFiles\328P_16MHz\libArduinoCoreFiles.a(Print.o)
                               0x12cc (size before relaxing)
 .stab          0x000024cc      0x348 C:\Users\tilo\workspace_arduino\ArduinoCoreFiles\328P_16MHz\libArduinoCoreFiles.a(WMath.o)
                                0x534 (size before relaxing)
 .stab          0x00002814      0x978 C:\Users\tilo\workspace_arduino\ArduinoCoreFiles\328P_16MHz\libArduinoCoreFiles.a(WString.o)
                               0x2c4c (size before relaxing)
 .stab          0x0000318c      0x348 C:\Users\tilo\workspace_arduino\ArduinoCoreFiles\328P_16MHz\libArduinoCoreFiles.a(abi.o)
                                0x3a8 (size before relaxing)
 .stab          0x000034d4      0x270 C:\Users\tilo\workspace_arduino\ArduinoCoreFiles\328P_16MHz\libArduinoCoreFiles.a(hooks.o)
                                0x27c (size before relaxing)
 .stab          0x00003744      0x72c C:\Users\tilo\workspace_arduino\ArduinoCoreFiles\328P_16MHz\libArduinoCoreFiles.a(main.o)
                                0x774 (size before relaxing)
 .stab          0x00003e70      0x96c C:\Users\tilo\workspace_arduino\ArduinoCoreFiles\328P_16MHz\libArduinoCoreFiles.a(wiring.o)
                                0xa50 (size before relaxing)
 .stab          0x000047dc      0x2e8 C:\Users\tilo\workspace_arduino\ArduinoCoreFiles\328P_16MHz\libArduinoCoreFiles.a(wiring_digital.o)
                                0xb28 (size before relaxing)

.stabstr        0x00000000     0x48b6
 *(.stabstr)
 .stabstr       0x00000000     0x48b6 C:\Users\tilo\workspace_arduino\ArduinoCoreFiles\328P_16MHz\libArduinoCoreFiles.a(HardwareSerial.o)

.stab.excl
 *(.stab.excl)

.stab.exclstr
 *(.stab.exclstr)

.stab.index
 *(.stab.index)

.stab.indexstr
 *(.stab.indexstr)

.comment        0x00000000       0x11
 *(.comment)
 .comment       0x00000000       0x11 ./src/Test.o
                                 0x12 (size before relaxing)
 .comment       0x00000011       0x12 ./src/main.o
 .comment       0x00000011       0x12 ./arduinolib/SPI/src/SPI.o
 .comment       0x00000011       0x12 ./arduinolib/Ethernet/src/utility/socket.o
 .comment       0x00000011       0x12 ./arduinolib/Ethernet/src/utility/w5100.o
 .comment       0x00000011       0x12 ./arduinolib/Ethernet/src/Dhcp.o
 .comment       0x00000011       0x12 ./arduinolib/Ethernet/src/Dns.o
 .comment       0x00000011       0x12 ./arduinolib/Ethernet/src/Ethernet.o
 .comment       0x00000011       0x12 ./arduinolib/Ethernet/src/EthernetClient.o
 .comment       0x00000011       0x12 ./arduinolib/Ethernet/src/EthernetServer.o
 .comment       0x00000011       0x12 ./arduinolib/Ethernet/src/EthernetUdp.o
 .comment       0x00000011       0x12 C:\Users\tilo\workspace_arduino\ArduinoCoreFiles\328P_16MHz\libArduinoCoreFiles.a(HardwareSerial.o)
 .comment       0x00000011       0x12 C:\Users\tilo\workspace_arduino\ArduinoCoreFiles\328P_16MHz\libArduinoCoreFiles.a(HardwareSerial0.o)
 .comment       0x00000011       0x12 C:\Users\tilo\workspace_arduino\ArduinoCoreFiles\328P_16MHz\libArduinoCoreFiles.a(IPAddress.o)
 .comment       0x00000011       0x12 C:\Users\tilo\workspace_arduino\ArduinoCoreFiles\328P_16MHz\libArduinoCoreFiles.a(Print.o)
 .comment       0x00000011       0x12 C:\Users\tilo\workspace_arduino\ArduinoCoreFiles\328P_16MHz\libArduinoCoreFiles.a(WMath.o)
 .comment       0x00000011       0x12 C:\Users\tilo\workspace_arduino\ArduinoCoreFiles\328P_16MHz\libArduinoCoreFiles.a(WString.o)
 .comment       0x00000011       0x12 C:\Users\tilo\workspace_arduino\ArduinoCoreFiles\328P_16MHz\libArduinoCoreFiles.a(abi.o)
 .comment       0x00000011       0x12 C:\Users\tilo\workspace_arduino\ArduinoCoreFiles\328P_16MHz\libArduinoCoreFiles.a(hooks.o)
 .comment       0x00000011       0x12 C:\Users\tilo\workspace_arduino\ArduinoCoreFiles\328P_16MHz\libArduinoCoreFiles.a(main.o)
 .comment       0x00000011       0x12 C:\Users\tilo\workspace_arduino\ArduinoCoreFiles\328P_16MHz\libArduinoCoreFiles.a(wiring.o)
 .comment       0x00000011       0x12 C:\Users\tilo\workspace_arduino\ArduinoCoreFiles\328P_16MHz\libArduinoCoreFiles.a(wiring_digital.o)
 .comment       0x00000011       0x12 c:/program files (x86)/arduino/hardware/tools/avr/bin/../lib/gcc/avr/4.9.2/../../../../avr/lib/avr5\libc.a(dtostrf.o)
 .comment       0x00000011       0x12 c:/program files (x86)/arduino/hardware/tools/avr/bin/../lib/gcc/avr/4.9.2/../../../../avr/lib/avr5\libc.a(malloc.o)
 .comment       0x00000011       0x12 c:/program files (x86)/arduino/hardware/tools/avr/bin/../lib/gcc/avr/4.9.2/../../../../avr/lib/avr5\libc.a(random.o)
 .comment       0x00000011       0x12 c:/program files (x86)/arduino/hardware/tools/avr/bin/../lib/gcc/avr/4.9.2/../../../../avr/lib/avr5\libc.a(realloc.o)
 .comment       0x00000011       0x12 c:/program files (x86)/arduino/hardware/tools/avr/bin/../lib/gcc/avr/4.9.2/../../../../avr/lib/avr5\libc.a(dtoa_prf.o)
 .comment       0x00000011       0x12 c:/program files (x86)/arduino/hardware/tools/avr/bin/../lib/gcc/avr/4.9.2/../../../../avr/lib/avr5\libc.a(strtod.o)
 .comment       0x00000011       0x12 c:/program files (x86)/arduino/hardware/tools/avr/bin/../lib/gcc/avr/4.9.2/../../../../avr/lib/avr5\libc.a(errno.o)

.note.gnu.avr.deviceinfo
                0x00000000       0x40
 .note.gnu.avr.deviceinfo
                0x00000000       0x40 c:/program files (x86)/arduino/hardware/tools/avr/bin/../lib/gcc/avr/4.9.2/../../../../avr/lib/avr5/crtatmega328p.o

.note.gnu.build-id
 *(.note.gnu.build-id)

.debug
 *(.debug)

.line
 *(.line)

.debug_srcinfo
 *(.debug_srcinfo)

.debug_sfnames
 *(.debug_sfnames)

.debug_aranges
 *(.debug_aranges)

.debug_pubnames
 *(.debug_pubnames)

.debug_info     0x00000000      0x5f4
 *(.debug_info .gnu.linkonce.wi.*)
 .debug_info    0x00000000      0x5f4 c:/program files (x86)/arduino/hardware/tools/avr/bin/../lib/gcc/avr/4.9.2/../../../../avr/lib/avr5/crtatmega328p.o

.debug_abbrev   0x00000000      0x5a2
 *(.debug_abbrev)
 .debug_abbrev  0x00000000      0x5a2 c:/program files (x86)/arduino/hardware/tools/avr/bin/../lib/gcc/avr/4.9.2/../../../../avr/lib/avr5/crtatmega328p.o

.debug_line     0x00000000       0x1a
 *(.debug_line .debug_line.* .debug_line_end)
 .debug_line    0x00000000       0x1a c:/program files (x86)/arduino/hardware/tools/avr/bin/../lib/gcc/avr/4.9.2/../../../../avr/lib/avr5/crtatmega328p.o

.debug_frame
 *(.debug_frame)

.debug_str      0x00000000      0x208
 *(.debug_str)
 .debug_str     0x00000000      0x208 c:/program files (x86)/arduino/hardware/tools/avr/bin/../lib/gcc/avr/4.9.2/../../../../avr/lib/avr5/crtatmega328p.o

.debug_loc
 *(.debug_loc)

.debug_macinfo
 *(.debug_macinfo)

.debug_weaknames
 *(.debug_weaknames)

.debug_funcnames
 *(.debug_funcnames)

.debug_typenames
 *(.debug_typenames)

.debug_varnames
 *(.debug_varnames)

.debug_pubtypes
 *(.debug_pubtypes)

.debug_ranges
 *(.debug_ranges)

.debug_macro
 *(.debug_macro)
OUTPUT(ArduinoDefaultProject.elf elf32-avr)
LOAD linker stubs

Cross Reference Table

Symbol                                            File
Ethernet                                          ./arduinolib/Ethernet/src/Ethernet.o
                                                  ./arduinolib/Ethernet/src/EthernetUdp.o
                                                  ./arduinolib/Ethernet/src/EthernetClient.o
SPI                                               ./arduinolib/SPI/src/SPI.o
Serial                                            C:\Users\tilo\workspace_arduino\ArduinoCoreFiles\328P_16MHz\libArduinoCoreFiles.a(HardwareSerial0.o)
                                                  ./src/main.o
                                                  ./src/Test.o
W5100                                             ./arduinolib/Ethernet/src/utility/w5100.o
                                                  ./arduinolib/Ethernet/src/Ethernet.o
                                                  ./arduinolib/Ethernet/src/utility/socket.o
_Z10bufferDatahjPKhj                              ./arduinolib/Ethernet/src/utility/socket.o
                                                  ./arduinolib/Ethernet/src/EthernetUdp.o
_Z10disconnecth                                   ./arduinolib/Ethernet/src/utility/socket.o
                                                  ./arduinolib/Ethernet/src/EthernetClient.o
_Z10randomSeedm                                   C:\Users\tilo\workspace_arduino\ArduinoCoreFiles\328P_16MHz\libArduinoCoreFiles.a(WMath.o)
_Z11serialEventv                                  C:\Users\tilo\workspace_arduino\ArduinoCoreFiles\328P_16MHz\libArduinoCoreFiles.a(HardwareSerial.o)
_Z12socketStatush                                 ./arduinolib/Ethernet/src/utility/socket.o
                                                  ./arduinolib/Ethernet/src/EthernetUdp.o
                                                  ./arduinolib/Ethernet/src/EthernetClient.o
_Z13recvAvailableh                                ./arduinolib/Ethernet/src/utility/socket.o
                                                  ./arduinolib/Ethernet/src/EthernetUdp.o
                                                  ./arduinolib/Ethernet/src/EthernetClient.o
_Z14serialEventRunv                               C:\Users\tilo\workspace_arduino\ArduinoCoreFiles\328P_16MHz\libArduinoCoreFiles.a(HardwareSerial.o)
                                                  C:\Users\tilo\workspace_arduino\ArduinoCoreFiles\328P_16MHz\libArduinoCoreFiles.a(main.o)
_Z17Serial0_availablev                            C:\Users\tilo\workspace_arduino\ArduinoCoreFiles\328P_16MHz\libArduinoCoreFiles.a(HardwareSerial0.o)
                                                  C:\Users\tilo\workspace_arduino\ArduinoCoreFiles\328P_16MHz\libArduinoCoreFiles.a(HardwareSerial.o)
_Z3maplllll                                       C:\Users\tilo\workspace_arduino\ArduinoCoreFiles\328P_16MHz\libArduinoCoreFiles.a(WMath.o)
_Z4peekhPh                                        ./arduinolib/Ethernet/src/utility/socket.o
                                                  ./arduinolib/Ethernet/src/EthernetUdp.o
                                                  ./arduinolib/Ethernet/src/EthernetClient.o
_Z4recvhPhi                                       ./arduinolib/Ethernet/src/utility/socket.o
                                                  ./arduinolib/Ethernet/src/EthernetUdp.o
                                                  ./arduinolib/Ethernet/src/EthernetClient.o
_Z4sendhPKhj                                      ./arduinolib/Ethernet/src/utility/socket.o
                                                  ./arduinolib/Ethernet/src/EthernetClient.o
_Z5closeh                                         ./arduinolib/Ethernet/src/utility/socket.o
                                                  ./arduinolib/Ethernet/src/EthernetUdp.o
                                                  ./arduinolib/Ethernet/src/EthernetClient.o
_Z5flushh                                         ./arduinolib/Ethernet/src/utility/socket.o
                                                  ./arduinolib/Ethernet/src/EthernetClient.o
_Z6listenh                                        ./arduinolib/Ethernet/src/utility/socket.o
                                                  ./arduinolib/Ethernet/src/EthernetServer.o
_Z6randoml                                        C:\Users\tilo\workspace_arduino\ArduinoCoreFiles\328P_16MHz\libArduinoCoreFiles.a(WMath.o)
_Z6randomll                                       C:\Users\tilo\workspace_arduino\ArduinoCoreFiles\328P_16MHz\libArduinoCoreFiles.a(WMath.o)
                                                  ./arduinolib/Ethernet/src/Dhcp.o
_Z6sendtohPKhjPhj                                 ./arduinolib/Ethernet/src/utility/socket.o
_Z6sockethhjh                                     ./arduinolib/Ethernet/src/utility/socket.o
                                                  ./arduinolib/Ethernet/src/EthernetUdp.o
                                                  ./arduinolib/Ethernet/src/EthernetServer.o
                                                  ./arduinolib/Ethernet/src/EthernetClient.o
_Z7connecthPhj                                    ./arduinolib/Ethernet/src/utility/socket.o
                                                  ./arduinolib/Ethernet/src/EthernetClient.o
_Z7sendUDPh                                       ./arduinolib/Ethernet/src/utility/socket.o
                                                  ./arduinolib/Ethernet/src/EthernetUdp.o
_Z8igmpsendhPKhj                                  ./arduinolib/Ethernet/src/utility/socket.o
_Z8makeWordhh                                     C:\Users\tilo\workspace_arduino\ArduinoCoreFiles\328P_16MHz\libArduinoCoreFiles.a(WMath.o)
                                                  ./arduinolib/Ethernet/src/Dns.o
_Z8makeWordj                                      C:\Users\tilo\workspace_arduino\ArduinoCoreFiles\328P_16MHz\libArduinoCoreFiles.a(WMath.o)
_Z8recvfromhPhjS_Pj                               ./arduinolib/Ethernet/src/utility/socket.o
_Z8setupUSBv                                      C:\Users\tilo\workspace_arduino\ArduinoCoreFiles\328P_16MHz\libArduinoCoreFiles.a(main.o)
_Z8startUDPhPhj                                   ./arduinolib/Ethernet/src/utility/socket.o
                                                  ./arduinolib/Ethernet/src/EthernetUdp.o
_ZN10W5100Class11writeSnDIPREhPh                  ./arduinolib/Ethernet/src/utility/socket.o
_ZN10W5100Class11writeSnPORTEhj                   ./arduinolib/Ethernet/src/utility/socket.o
_ZN10W5100Class12readSnRX_RSREh                   ./arduinolib/Ethernet/src/utility/w5100.o
_ZN10W5100Class12readSnTX_FSREh                   ./arduinolib/Ethernet/src/utility/w5100.o
_ZN10W5100Class12writeSnDPORTEhj                  ./arduinolib/Ethernet/src/utility/socket.o
_ZN10W5100Class12writeSnRX_RDEhj                  ./arduinolib/Ethernet/src/utility/socket.o
_ZN10W5100Class13getTXFreeSizeEh                  ./arduinolib/Ethernet/src/utility/w5100.o
                                                  ./arduinolib/Ethernet/src/utility/socket.o
_ZN10W5100Class17getRXReceivedSizeEh              ./arduinolib/Ethernet/src/utility/w5100.o
                                                  ./arduinolib/Ethernet/src/utility/socket.o
_ZN10W5100Class20recv_data_processingEhPhjh       ./arduinolib/Ethernet/src/utility/w5100.o
                                                  ./arduinolib/Ethernet/src/utility/socket.o
_ZN10W5100Class20send_data_processingEhPKhj       ./arduinolib/Ethernet/src/utility/w5100.o
                                                  ./arduinolib/Ethernet/src/utility/socket.o
_ZN10W5100Class27send_data_processing_offsetEhjPKhj ./arduinolib/Ethernet/src/utility/w5100.o
                                                  ./arduinolib/Ethernet/src/utility/socket.o
_ZN10W5100Class4initEv                            ./arduinolib/Ethernet/src/utility/w5100.o
                                                  ./arduinolib/Ethernet/src/Ethernet.o
_ZN10W5100Class4readEj                            ./arduinolib/Ethernet/src/utility/w5100.o
                                                  ./arduinolib/Ethernet/src/EthernetUdp.o
                                                  ./arduinolib/Ethernet/src/utility/socket.o
_ZN10W5100Class4readEjPhj                         ./arduinolib/Ethernet/src/utility/w5100.o
                                                  ./arduinolib/Ethernet/src/Ethernet.o
_ZN10W5100Class5setSSEv                           ./arduinolib/Ethernet/src/utility/w5100.o
_ZN10W5100Class5writeEjPKhj                       ./arduinolib/Ethernet/src/utility/w5100.o
                                                  ./arduinolib/Ethernet/src/EthernetUdp.o
                                                  ./arduinolib/Ethernet/src/Ethernet.o
                                                  ./arduinolib/Ethernet/src/utility/socket.o
_ZN10W5100Class5writeEjh                          ./arduinolib/Ethernet/src/utility/w5100.o
                                                  ./arduinolib/Ethernet/src/EthernetUdp.o
                                                  ./arduinolib/Ethernet/src/utility/socket.o
_ZN10W5100Class6readSnEhj                         ./arduinolib/Ethernet/src/utility/socket.o
                                                  ./arduinolib/Ethernet/src/utility/w5100.o
_ZN10W5100Class7resetSSEv                         ./arduinolib/Ethernet/src/utility/w5100.o
_ZN10W5100Class7writeSnEhjh                       ./arduinolib/Ethernet/src/utility/socket.o
                                                  ./arduinolib/Ethernet/src/utility/w5100.o
_ZN10W5100Class8readSnIREh                        ./arduinolib/Ethernet/src/utility/socket.o
_ZN10W5100Class8writeGAREPh                       ./arduinolib/Ethernet/src/Ethernet.o
_ZN10W5100Class9execCmdSnEh7SockCMD               ./arduinolib/Ethernet/src/utility/w5100.o
                                                  ./arduinolib/Ethernet/src/utility/socket.o
_ZN10W5100Class9read_dataEhjPVhj                  ./arduinolib/Ethernet/src/utility/w5100.o
                                                  ./arduinolib/Ethernet/src/utility/socket.o
_ZN10W5100Class9writeSIPREPh                      ./arduinolib/Ethernet/src/Ethernet.o
_ZN10W5100Class9writeSUBREPh                      ./arduinolib/Ethernet/src/Ethernet.o
_ZN10W5100Class9writeSnIREhh                      ./arduinolib/Ethernet/src/utility/socket.o
_ZN11EthernetUDP10remotePortEv                    ./arduinolib/Ethernet/src/EthernetUdp.o
_ZN11EthernetUDP11beginPacketE9IPAddressj         ./arduinolib/Ethernet/src/EthernetUdp.o
                                                  ./arduinolib/Ethernet/src/Dns.o
                                                  ./arduinolib/Ethernet/src/Dhcp.o
_ZN11EthernetUDP11beginPacketEPKcj                ./arduinolib/Ethernet/src/EthernetUdp.o
_ZN11EthernetUDP11parsePacketEv                   ./arduinolib/Ethernet/src/EthernetUdp.o
                                                  ./arduinolib/Ethernet/src/Dns.o
                                                  ./arduinolib/Ethernet/src/Dhcp.o
_ZN11EthernetUDP14beginMulticastE9IPAddressj      ./arduinolib/Ethernet/src/EthernetUdp.o
_ZN11EthernetUDP4peekEv                           ./arduinolib/Ethernet/src/EthernetUdp.o
_ZN11EthernetUDP4readEPcj                         ./arduinolib/Ethernet/src/EthernetUdp.o
_ZN11EthernetUDP4readEPhj                         ./arduinolib/Ethernet/src/EthernetUdp.o
                                                  ./arduinolib/Ethernet/src/Dns.o
                                                  ./arduinolib/Ethernet/src/Dhcp.o
_ZN11EthernetUDP4readEv                           ./arduinolib/Ethernet/src/EthernetUdp.o
                                                  ./arduinolib/Ethernet/src/Dns.o
                                                  ./arduinolib/Ethernet/src/Dhcp.o
_ZN11EthernetUDP4stopEv                           ./arduinolib/Ethernet/src/EthernetUdp.o
                                                  ./arduinolib/Ethernet/src/Dns.o
                                                  ./arduinolib/Ethernet/src/Dhcp.o
_ZN11EthernetUDP5beginEj                          ./arduinolib/Ethernet/src/EthernetUdp.o
                                                  ./arduinolib/Ethernet/src/Dns.o
                                                  ./arduinolib/Ethernet/src/Dhcp.o
_ZN11EthernetUDP5flushEv                          ./arduinolib/Ethernet/src/EthernetUdp.o
                                                  ./arduinolib/Ethernet/src/Dns.o
                                                  ./arduinolib/Ethernet/src/Dhcp.o
_ZN11EthernetUDP5writeEPKhj                       ./arduinolib/Ethernet/src/EthernetUdp.o
                                                  ./arduinolib/Ethernet/src/Dns.o
                                                  ./arduinolib/Ethernet/src/Dhcp.o
_ZN11EthernetUDP5writeEh                          ./arduinolib/Ethernet/src/EthernetUdp.o
_ZN11EthernetUDP8remoteIPEv                       ./arduinolib/Ethernet/src/EthernetUdp.o
_ZN11EthernetUDP9availableEv                      ./arduinolib/Ethernet/src/EthernetUdp.o
                                                  ./arduinolib/Ethernet/src/Dns.o
                                                  ./arduinolib/Ethernet/src/Dhcp.o
_ZN11EthernetUDP9endPacketEv                      ./arduinolib/Ethernet/src/EthernetUdp.o
                                                  ./arduinolib/Ethernet/src/Dns.o
                                                  ./arduinolib/Ethernet/src/Dhcp.o
_ZN11EthernetUDPC1Ev                              ./arduinolib/Ethernet/src/EthernetUdp.o
                                                  ./arduinolib/Ethernet/src/EthernetClient.o
                                                  ./arduinolib/Ethernet/src/Ethernet.o
_ZN11EthernetUDPC2Ev                              ./arduinolib/Ethernet/src/EthernetUdp.o
_ZN11SPISettingsC1Emhh                            ./arduinolib/Ethernet/src/utility/socket.o
_ZN11SPISettingsC2Emhh                            ./arduinolib/Ethernet/src/utility/socket.o
_ZN13EthernetClass10subnetMaskEv                  ./arduinolib/Ethernet/src/Ethernet.o
_ZN13EthernetClass11dnsServerIPEv                 ./arduinolib/Ethernet/src/Ethernet.o
                                                  ./arduinolib/Ethernet/src/EthernetUdp.o
                                                  ./arduinolib/Ethernet/src/EthernetClient.o
_ZN13EthernetClass12_server_portE                 ./arduinolib/Ethernet/src/Ethernet.o
                                                  ./arduinolib/Ethernet/src/EthernetUdp.o
                                                  ./arduinolib/Ethernet/src/EthernetServer.o
                                                  ./arduinolib/Ethernet/src/EthernetClient.o
_ZN13EthernetClass5beginEPh9IPAddress             ./arduinolib/Ethernet/src/Ethernet.o
_ZN13EthernetClass5beginEPh9IPAddressS1_          ./arduinolib/Ethernet/src/Ethernet.o
_ZN13EthernetClass5beginEPh9IPAddressS1_S1_       ./arduinolib/Ethernet/src/Ethernet.o
_ZN13EthernetClass5beginEPh9IPAddressS1_S1_S1_    ./arduinolib/Ethernet/src/Ethernet.o
_ZN13EthernetClass5beginEPhmm                     ./arduinolib/Ethernet/src/Ethernet.o
_ZN13EthernetClass6_stateE                        ./arduinolib/Ethernet/src/Ethernet.o
_ZN13EthernetClass7localIPEv                      ./arduinolib/Ethernet/src/Ethernet.o
_ZN13EthernetClass8maintainEv                     ./arduinolib/Ethernet/src/Ethernet.o
_ZN13EthernetClass9gatewayIPEv                    ./arduinolib/Ethernet/src/Ethernet.o
_ZN14EthernetClient15getSocketNumberEv            ./arduinolib/Ethernet/src/EthernetClient.o
_ZN14EthernetClient4peekEv                        ./arduinolib/Ethernet/src/EthernetClient.o
_ZN14EthernetClient4readEPhj                      ./arduinolib/Ethernet/src/EthernetClient.o
_ZN14EthernetClient4readEv                        ./arduinolib/Ethernet/src/EthernetClient.o
_ZN14EthernetClient4stopEv                        ./arduinolib/Ethernet/src/EthernetClient.o
                                                  ./arduinolib/Ethernet/src/EthernetServer.o
_ZN14EthernetClient5flushEv                       ./arduinolib/Ethernet/src/EthernetClient.o
_ZN14EthernetClient5writeEPKhj                    ./arduinolib/Ethernet/src/EthernetClient.o
                                                  ./arduinolib/Ethernet/src/EthernetServer.o
_ZN14EthernetClient5writeEh                       ./arduinolib/Ethernet/src/EthernetClient.o
_ZN14EthernetClient6statusEv                      ./arduinolib/Ethernet/src/EthernetClient.o
                                                  ./arduinolib/Ethernet/src/EthernetServer.o
_ZN14EthernetClient7connectE9IPAddressj           ./arduinolib/Ethernet/src/EthernetClient.o
_ZN14EthernetClient7connectEPKcj                  ./arduinolib/Ethernet/src/EthernetClient.o
_ZN14EthernetClient8_srcportE                     ./arduinolib/Ethernet/src/EthernetClient.o
_ZN14EthernetClient9availableEv                   ./arduinolib/Ethernet/src/EthernetClient.o
                                                  ./arduinolib/Ethernet/src/EthernetServer.o
_ZN14EthernetClient9connectedEv                   ./arduinolib/Ethernet/src/EthernetClient.o
_ZN14EthernetClientC1Eh                           ./arduinolib/Ethernet/src/EthernetClient.o
                                                  ./arduinolib/Ethernet/src/EthernetServer.o
_ZN14EthernetClientC1Ev                           ./arduinolib/Ethernet/src/EthernetClient.o
_ZN14EthernetClientC2Eh                           ./arduinolib/Ethernet/src/EthernetClient.o
_ZN14EthernetClientC2Ev                           ./arduinolib/Ethernet/src/EthernetClient.o
_ZN14EthernetClientcvbEv                          ./arduinolib/Ethernet/src/EthernetClient.o
_ZN14EthernetClienteqERKS_                        ./arduinolib/Ethernet/src/EthernetClient.o
_ZN14EthernetClienteqEb                           ./arduinolib/Ethernet/src/EthernetClient.o
_ZN14EthernetClientneERKS_                        ./arduinolib/Ethernet/src/EthernetClient.o
_ZN14EthernetClientneEb                           ./arduinolib/Ethernet/src/EthernetClient.o
_ZN14EthernetServer5beginEv                       ./arduinolib/Ethernet/src/EthernetServer.o
_ZN14EthernetServer5writeEPKhj                    ./arduinolib/Ethernet/src/EthernetServer.o
_ZN14EthernetServer5writeEh                       ./arduinolib/Ethernet/src/EthernetServer.o
_ZN14EthernetServer6acceptEv                      ./arduinolib/Ethernet/src/EthernetServer.o
_ZN14EthernetServer9availableEv                   ./arduinolib/Ethernet/src/EthernetServer.o
_ZN14EthernetServerC1Ej                           ./arduinolib/Ethernet/src/EthernetServer.o
_ZN14EthernetServerC2Ej                           ./arduinolib/Ethernet/src/EthernetServer.o
_ZN14HardwareSerial17_tx_udr_empty_irqEv          C:\Users\tilo\workspace_arduino\ArduinoCoreFiles\328P_16MHz\libArduinoCoreFiles.a(HardwareSerial.o)
                                                  C:\Users\tilo\workspace_arduino\ArduinoCoreFiles\328P_16MHz\libArduinoCoreFiles.a(HardwareSerial0.o)
_ZN14HardwareSerial17availableForWriteEv          C:\Users\tilo\workspace_arduino\ArduinoCoreFiles\328P_16MHz\libArduinoCoreFiles.a(HardwareSerial.o)
_ZN14HardwareSerial3endEv                         C:\Users\tilo\workspace_arduino\ArduinoCoreFiles\328P_16MHz\libArduinoCoreFiles.a(HardwareSerial.o)
_ZN14HardwareSerial4peekEv                        C:\Users\tilo\workspace_arduino\ArduinoCoreFiles\328P_16MHz\libArduinoCoreFiles.a(HardwareSerial.o)
_ZN14HardwareSerial4readEv                        C:\Users\tilo\workspace_arduino\ArduinoCoreFiles\328P_16MHz\libArduinoCoreFiles.a(HardwareSerial.o)
_ZN14HardwareSerial5beginEmh                      C:\Users\tilo\workspace_arduino\ArduinoCoreFiles\328P_16MHz\libArduinoCoreFiles.a(HardwareSerial.o)
                                                  ./src/main.o
_ZN14HardwareSerial5flushEv                       C:\Users\tilo\workspace_arduino\ArduinoCoreFiles\328P_16MHz\libArduinoCoreFiles.a(HardwareSerial.o)
_ZN14HardwareSerial5writeEh                       C:\Users\tilo\workspace_arduino\ArduinoCoreFiles\328P_16MHz\libArduinoCoreFiles.a(HardwareSerial.o)
_ZN14HardwareSerial9availableEv                   C:\Users\tilo\workspace_arduino\ArduinoCoreFiles\328P_16MHz\libArduinoCoreFiles.a(HardwareSerial.o)
                                                  C:\Users\tilo\workspace_arduino\ArduinoCoreFiles\328P_16MHz\libArduinoCoreFiles.a(HardwareSerial0.o)
_ZN4Test3FooEv                                    ./src/Test.o
_ZN4TestC1Ev                                      ./src/Test.o
_ZN4TestC2Ev                                      ./src/Test.o
_ZN5Print10printFloatEdh                          C:\Users\tilo\workspace_arduino\ArduinoCoreFiles\328P_16MHz\libArduinoCoreFiles.a(Print.o)
_ZN5Print11printNumberEmh                         C:\Users\tilo\workspace_arduino\ArduinoCoreFiles\328P_16MHz\libArduinoCoreFiles.a(Print.o)
_ZN5Print5printEPK19__FlashStringHelper           C:\Users\tilo\workspace_arduino\ArduinoCoreFiles\328P_16MHz\libArduinoCoreFiles.a(Print.o)
_ZN5Print5printEPKc                               C:\Users\tilo\workspace_arduino\ArduinoCoreFiles\328P_16MHz\libArduinoCoreFiles.a(Print.o)
_ZN5Print5printERK6String                         C:\Users\tilo\workspace_arduino\ArduinoCoreFiles\328P_16MHz\libArduinoCoreFiles.a(Print.o)
_ZN5Print5printERK9Printable                      C:\Users\tilo\workspace_arduino\ArduinoCoreFiles\328P_16MHz\libArduinoCoreFiles.a(Print.o)
_ZN5Print5printEc                                 C:\Users\tilo\workspace_arduino\ArduinoCoreFiles\328P_16MHz\libArduinoCoreFiles.a(Print.o)
                                                  C:\Users\tilo\workspace_arduino\ArduinoCoreFiles\328P_16MHz\libArduinoCoreFiles.a(IPAddress.o)
_ZN5Print5printEdi                                C:\Users\tilo\workspace_arduino\ArduinoCoreFiles\328P_16MHz\libArduinoCoreFiles.a(Print.o)
_ZN5Print5printEhi                                C:\Users\tilo\workspace_arduino\ArduinoCoreFiles\328P_16MHz\libArduinoCoreFiles.a(Print.o)
                                                  C:\Users\tilo\workspace_arduino\ArduinoCoreFiles\328P_16MHz\libArduinoCoreFiles.a(IPAddress.o)
_ZN5Print5printEii                                C:\Users\tilo\workspace_arduino\ArduinoCoreFiles\328P_16MHz\libArduinoCoreFiles.a(Print.o)
_ZN5Print5printEji                                C:\Users\tilo\workspace_arduino\ArduinoCoreFiles\328P_16MHz\libArduinoCoreFiles.a(Print.o)
_ZN5Print5printEli                                C:\Users\tilo\workspace_arduino\ArduinoCoreFiles\328P_16MHz\libArduinoCoreFiles.a(Print.o)
_ZN5Print5printEmi                                C:\Users\tilo\workspace_arduino\ArduinoCoreFiles\328P_16MHz\libArduinoCoreFiles.a(Print.o)
_ZN5Print5writeEPKc                               C:\Users\tilo\workspace_arduino\ArduinoCoreFiles\328P_16MHz\libArduinoCoreFiles.a(Print.o)
_ZN5Print5writeEPKhj                              C:\Users\tilo\workspace_arduino\ArduinoCoreFiles\328P_16MHz\libArduinoCoreFiles.a(Print.o)
                                                  C:\Users\tilo\workspace_arduino\ArduinoCoreFiles\328P_16MHz\libArduinoCoreFiles.a(HardwareSerial.o)
_ZN5Print7printlnEPK19__FlashStringHelper         C:\Users\tilo\workspace_arduino\ArduinoCoreFiles\328P_16MHz\libArduinoCoreFiles.a(Print.o)
_ZN5Print7printlnEPKc                             C:\Users\tilo\workspace_arduino\ArduinoCoreFiles\328P_16MHz\libArduinoCoreFiles.a(Print.o)
                                                  ./src/Test.o
_ZN5Print7printlnERK6String                       C:\Users\tilo\workspace_arduino\ArduinoCoreFiles\328P_16MHz\libArduinoCoreFiles.a(Print.o)
                                                  ./src/main.o
_ZN5Print7printlnERK9Printable                    C:\Users\tilo\workspace_arduino\ArduinoCoreFiles\328P_16MHz\libArduinoCoreFiles.a(Print.o)
_ZN5Print7printlnEc                               C:\Users\tilo\workspace_arduino\ArduinoCoreFiles\328P_16MHz\libArduinoCoreFiles.a(Print.o)
_ZN5Print7printlnEdi                              C:\Users\tilo\workspace_arduino\ArduinoCoreFiles\328P_16MHz\libArduinoCoreFiles.a(Print.o)
_ZN5Print7printlnEhi                              C:\Users\tilo\workspace_arduino\ArduinoCoreFiles\328P_16MHz\libArduinoCoreFiles.a(Print.o)
_ZN5Print7printlnEii                              C:\Users\tilo\workspace_arduino\ArduinoCoreFiles\328P_16MHz\libArduinoCoreFiles.a(Print.o)
_ZN5Print7printlnEji                              C:\Users\tilo\workspace_arduino\ArduinoCoreFiles\328P_16MHz\libArduinoCoreFiles.a(Print.o)
_ZN5Print7printlnEli                              C:\Users\tilo\workspace_arduino\ArduinoCoreFiles\328P_16MHz\libArduinoCoreFiles.a(Print.o)
_ZN5Print7printlnEmi                              C:\Users\tilo\workspace_arduino\ArduinoCoreFiles\328P_16MHz\libArduinoCoreFiles.a(Print.o)
_ZN5Print7printlnEv                               C:\Users\tilo\workspace_arduino\ArduinoCoreFiles\328P_16MHz\libArduinoCoreFiles.a(Print.o)
_ZN6String10invalidateEv                          C:\Users\tilo\workspace_arduino\ArduinoCoreFiles\328P_16MHz\libArduinoCoreFiles.a(WString.o)
_ZN6String11toLowerCaseEv                         C:\Users\tilo\workspace_arduino\ArduinoCoreFiles\328P_16MHz\libArduinoCoreFiles.a(WString.o)
_ZN6String11toUpperCaseEv                         C:\Users\tilo\workspace_arduino\ArduinoCoreFiles\328P_16MHz\libArduinoCoreFiles.a(WString.o)
_ZN6String12changeBufferEj                        C:\Users\tilo\workspace_arduino\ArduinoCoreFiles\328P_16MHz\libArduinoCoreFiles.a(WString.o)
_ZN6String4copyEPK19__FlashStringHelperj          C:\Users\tilo\workspace_arduino\ArduinoCoreFiles\328P_16MHz\libArduinoCoreFiles.a(WString.o)
_ZN6String4copyEPKcj                              C:\Users\tilo\workspace_arduino\ArduinoCoreFiles\328P_16MHz\libArduinoCoreFiles.a(WString.o)
_ZN6String4trimEv                                 C:\Users\tilo\workspace_arduino\ArduinoCoreFiles\328P_16MHz\libArduinoCoreFiles.a(WString.o)
_ZN6String6concatEPK19__FlashStringHelper         C:\Users\tilo\workspace_arduino\ArduinoCoreFiles\328P_16MHz\libArduinoCoreFiles.a(WString.o)
_ZN6String6concatEPKc                             C:\Users\tilo\workspace_arduino\ArduinoCoreFiles\328P_16MHz\libArduinoCoreFiles.a(WString.o)
_ZN6String6concatEPKcj                            C:\Users\tilo\workspace_arduino\ArduinoCoreFiles\328P_16MHz\libArduinoCoreFiles.a(WString.o)
_ZN6String6concatERKS_                            C:\Users\tilo\workspace_arduino\ArduinoCoreFiles\328P_16MHz\libArduinoCoreFiles.a(WString.o)
_ZN6String6concatEc                               C:\Users\tilo\workspace_arduino\ArduinoCoreFiles\328P_16MHz\libArduinoCoreFiles.a(WString.o)
_ZN6String6concatEd                               C:\Users\tilo\workspace_arduino\ArduinoCoreFiles\328P_16MHz\libArduinoCoreFiles.a(WString.o)
_ZN6String6concatEf                               C:\Users\tilo\workspace_arduino\ArduinoCoreFiles\328P_16MHz\libArduinoCoreFiles.a(WString.o)
_ZN6String6concatEh                               C:\Users\tilo\workspace_arduino\ArduinoCoreFiles\328P_16MHz\libArduinoCoreFiles.a(WString.o)
_ZN6String6concatEi                               C:\Users\tilo\workspace_arduino\ArduinoCoreFiles\328P_16MHz\libArduinoCoreFiles.a(WString.o)
_ZN6String6concatEj                               C:\Users\tilo\workspace_arduino\ArduinoCoreFiles\328P_16MHz\libArduinoCoreFiles.a(WString.o)
_ZN6String6concatEl                               C:\Users\tilo\workspace_arduino\ArduinoCoreFiles\328P_16MHz\libArduinoCoreFiles.a(WString.o)
_ZN6String6concatEm                               C:\Users\tilo\workspace_arduino\ArduinoCoreFiles\328P_16MHz\libArduinoCoreFiles.a(WString.o)
_ZN6String6removeEj                               C:\Users\tilo\workspace_arduino\ArduinoCoreFiles\328P_16MHz\libArduinoCoreFiles.a(WString.o)
_ZN6String6removeEjj                              C:\Users\tilo\workspace_arduino\ArduinoCoreFiles\328P_16MHz\libArduinoCoreFiles.a(WString.o)
_ZN6String7replaceERKS_S1_                        C:\Users\tilo\workspace_arduino\ArduinoCoreFiles\328P_16MHz\libArduinoCoreFiles.a(WString.o)
_ZN6String7replaceEcc                             C:\Users\tilo\workspace_arduino\ArduinoCoreFiles\328P_16MHz\libArduinoCoreFiles.a(WString.o)
_ZN6String7reserveEj                              C:\Users\tilo\workspace_arduino\ArduinoCoreFiles\328P_16MHz\libArduinoCoreFiles.a(WString.o)
_ZN6String9setCharAtEjc                           C:\Users\tilo\workspace_arduino\ArduinoCoreFiles\328P_16MHz\libArduinoCoreFiles.a(WString.o)
_ZN6StringC1EPK19__FlashStringHelper              C:\Users\tilo\workspace_arduino\ArduinoCoreFiles\328P_16MHz\libArduinoCoreFiles.a(WString.o)
_ZN6StringC1EPKc                                  C:\Users\tilo\workspace_arduino\ArduinoCoreFiles\328P_16MHz\libArduinoCoreFiles.a(WString.o)
                                                  ./src/main.o
_ZN6StringC1ERKS_                                 C:\Users\tilo\workspace_arduino\ArduinoCoreFiles\328P_16MHz\libArduinoCoreFiles.a(WString.o)
                                                  ./src/main.o
_ZN6StringC1Ec                                    C:\Users\tilo\workspace_arduino\ArduinoCoreFiles\328P_16MHz\libArduinoCoreFiles.a(WString.o)
_ZN6StringC1Edh                                   C:\Users\tilo\workspace_arduino\ArduinoCoreFiles\328P_16MHz\libArduinoCoreFiles.a(WString.o)
_ZN6StringC1Efh                                   C:\Users\tilo\workspace_arduino\ArduinoCoreFiles\328P_16MHz\libArduinoCoreFiles.a(WString.o)
_ZN6StringC1Ehh                                   C:\Users\tilo\workspace_arduino\ArduinoCoreFiles\328P_16MHz\libArduinoCoreFiles.a(WString.o)
_ZN6StringC1Eih                                   C:\Users\tilo\workspace_arduino\ArduinoCoreFiles\328P_16MHz\libArduinoCoreFiles.a(WString.o)
_ZN6StringC1Ejh                                   C:\Users\tilo\workspace_arduino\ArduinoCoreFiles\328P_16MHz\libArduinoCoreFiles.a(WString.o)
_ZN6StringC1Elh                                   C:\Users\tilo\workspace_arduino\ArduinoCoreFiles\328P_16MHz\libArduinoCoreFiles.a(WString.o)
_ZN6StringC1Emh                                   C:\Users\tilo\workspace_arduino\ArduinoCoreFiles\328P_16MHz\libArduinoCoreFiles.a(WString.o)
_ZN6StringC2EPK19__FlashStringHelper              C:\Users\tilo\workspace_arduino\ArduinoCoreFiles\328P_16MHz\libArduinoCoreFiles.a(WString.o)
_ZN6StringC2EPKc                                  C:\Users\tilo\workspace_arduino\ArduinoCoreFiles\328P_16MHz\libArduinoCoreFiles.a(WString.o)
_ZN6StringC2ERKS_                                 C:\Users\tilo\workspace_arduino\ArduinoCoreFiles\328P_16MHz\libArduinoCoreFiles.a(WString.o)
                                                  ./src/main.o
_ZN6StringC2Ec                                    C:\Users\tilo\workspace_arduino\ArduinoCoreFiles\328P_16MHz\libArduinoCoreFiles.a(WString.o)
_ZN6StringC2Edh                                   C:\Users\tilo\workspace_arduino\ArduinoCoreFiles\328P_16MHz\libArduinoCoreFiles.a(WString.o)
_ZN6StringC2Efh                                   C:\Users\tilo\workspace_arduino\ArduinoCoreFiles\328P_16MHz\libArduinoCoreFiles.a(WString.o)
_ZN6StringC2Ehh                                   C:\Users\tilo\workspace_arduino\ArduinoCoreFiles\328P_16MHz\libArduinoCoreFiles.a(WString.o)
_ZN6StringC2Eih                                   C:\Users\tilo\workspace_arduino\ArduinoCoreFiles\328P_16MHz\libArduinoCoreFiles.a(WString.o)
_ZN6StringC2Ejh                                   C:\Users\tilo\workspace_arduino\ArduinoCoreFiles\328P_16MHz\libArduinoCoreFiles.a(WString.o)
_ZN6StringC2Elh                                   C:\Users\tilo\workspace_arduino\ArduinoCoreFiles\328P_16MHz\libArduinoCoreFiles.a(WString.o)
_ZN6StringC2Emh                                   C:\Users\tilo\workspace_arduino\ArduinoCoreFiles\328P_16MHz\libArduinoCoreFiles.a(WString.o)
_ZN6StringD1Ev                                    C:\Users\tilo\workspace_arduino\ArduinoCoreFiles\328P_16MHz\libArduinoCoreFiles.a(WString.o)
                                                  ./src/main.o
_ZN6StringD2Ev                                    C:\Users\tilo\workspace_arduino\ArduinoCoreFiles\328P_16MHz\libArduinoCoreFiles.a(WString.o)
                                                  ./src/main.o
_ZN6StringaSEPK19__FlashStringHelper              C:\Users\tilo\workspace_arduino\ArduinoCoreFiles\328P_16MHz\libArduinoCoreFiles.a(WString.o)
_ZN6StringaSEPKc                                  C:\Users\tilo\workspace_arduino\ArduinoCoreFiles\328P_16MHz\libArduinoCoreFiles.a(WString.o)
_ZN6StringaSERKS_                                 C:\Users\tilo\workspace_arduino\ArduinoCoreFiles\328P_16MHz\libArduinoCoreFiles.a(WString.o)
_ZN6StringixEj                                    C:\Users\tilo\workspace_arduino\ArduinoCoreFiles\328P_16MHz\libArduinoCoreFiles.a(WString.o)
_ZN8SPIClass11initializedE                        ./arduinolib/SPI/src/SPI.o
_ZN8SPIClass13interruptMaskE                      ./arduinolib/SPI/src/SPI.o
                                                  ./arduinolib/Ethernet/src/Ethernet.o
                                                  ./arduinolib/Ethernet/src/utility/w5100.o
                                                  ./arduinolib/Ethernet/src/utility/socket.o
_ZN8SPIClass13interruptModeE                      ./arduinolib/SPI/src/SPI.o
                                                  ./arduinolib/Ethernet/src/Ethernet.o
                                                  ./arduinolib/Ethernet/src/utility/w5100.o
                                                  ./arduinolib/Ethernet/src/utility/socket.o
_ZN8SPIClass13interruptSaveE                      ./arduinolib/SPI/src/SPI.o
                                                  ./arduinolib/Ethernet/src/Ethernet.o
                                                  ./arduinolib/Ethernet/src/utility/w5100.o
                                                  ./arduinolib/Ethernet/src/utility/socket.o
_ZN8SPIClass14endTransactionEv                    ./arduinolib/Ethernet/src/utility/socket.o
                                                  ./arduinolib/Ethernet/src/Ethernet.o
_ZN8SPIClass14usingInterruptEh                    ./arduinolib/SPI/src/SPI.o
_ZN8SPIClass16beginTransactionE11SPISettings      ./arduinolib/Ethernet/src/utility/socket.o
                                                  ./arduinolib/Ethernet/src/Ethernet.o
_ZN8SPIClass17notUsingInterruptEh                 ./arduinolib/SPI/src/SPI.o
_ZN8SPIClass3endEv                                ./arduinolib/SPI/src/SPI.o
_ZN8SPIClass5beginEv                              ./arduinolib/SPI/src/SPI.o
                                                  ./arduinolib/Ethernet/src/utility/w5100.o
_ZN8SPIClass8transferEh                           ./arduinolib/Ethernet/src/utility/w5100.o
_ZN9DNSClient12BuildRequestEPKc                   ./arduinolib/Ethernet/src/Dns.o
_ZN9DNSClient13getHostByNameEPKcR9IPAddress       ./arduinolib/Ethernet/src/Dns.o
                                                  ./arduinolib/Ethernet/src/EthernetUdp.o
                                                  ./arduinolib/Ethernet/src/EthernetClient.o
_ZN9DNSClient15ProcessResponseEjR9IPAddress       ./arduinolib/Ethernet/src/Dns.o
_ZN9DNSClient5beginERK9IPAddress                  ./arduinolib/Ethernet/src/Dns.o
                                                  ./arduinolib/Ethernet/src/EthernetUdp.o
                                                  ./arduinolib/Ethernet/src/EthernetClient.o
_ZN9DNSClient9inet_atonEPKcR9IPAddress            ./arduinolib/Ethernet/src/Dns.o
_ZN9DhcpClass10checkLeaseEv                       ./arduinolib/Ethernet/src/Dhcp.o
                                                  ./arduinolib/Ethernet/src/Ethernet.o
_ZN9DhcpClass10getLocalIpEv                       ./arduinolib/Ethernet/src/Dhcp.o
                                                  ./arduinolib/Ethernet/src/Ethernet.o
_ZN9DhcpClass12getGatewayIpEv                     ./arduinolib/Ethernet/src/Dhcp.o
                                                  ./arduinolib/Ethernet/src/Ethernet.o
_ZN9DhcpClass12presend_DHCPEv                     ./arduinolib/Ethernet/src/Dhcp.o
_ZN9DhcpClass13beginWithDHCPEPhmm                 ./arduinolib/Ethernet/src/Dhcp.o
                                                  ./arduinolib/Ethernet/src/Ethernet.o
_ZN9DhcpClass13getSubnetMaskEv                    ./arduinolib/Ethernet/src/Dhcp.o
                                                  ./arduinolib/Ethernet/src/Ethernet.o
_ZN9DhcpClass14getDnsServerIpEv                   ./arduinolib/Ethernet/src/Dhcp.o
                                                  ./arduinolib/Ethernet/src/Ethernet.o
_ZN9DhcpClass15getDhcpServerIpEv                  ./arduinolib/Ethernet/src/Dhcp.o
_ZN9DhcpClass16reset_DHCP_leaseEv                 ./arduinolib/Ethernet/src/Dhcp.o
_ZN9DhcpClass17parseDHCPResponseEmRm              ./arduinolib/Ethernet/src/Dhcp.o
_ZN9DhcpClass17send_DHCP_MESSAGEEhj               ./arduinolib/Ethernet/src/Dhcp.o
_ZN9DhcpClass18request_DHCP_leaseEv               ./arduinolib/Ethernet/src/Dhcp.o
_ZN9DhcpClass9printByteEPch                       ./arduinolib/Ethernet/src/Dhcp.o
_ZN9IPAddress10fromStringEPKc                     C:\Users\tilo\workspace_arduino\ArduinoCoreFiles\328P_16MHz\libArduinoCoreFiles.a(IPAddress.o)
_ZN9IPAddressC1EPKh                               C:\Users\tilo\workspace_arduino\ArduinoCoreFiles\328P_16MHz\libArduinoCoreFiles.a(IPAddress.o)
                                                  ./arduinolib/Ethernet/src/Dhcp.o
_ZN9IPAddressC1Ehhhh                              C:\Users\tilo\workspace_arduino\ArduinoCoreFiles\328P_16MHz\libArduinoCoreFiles.a(IPAddress.o)
                                                  ./arduinolib/Ethernet/src/EthernetUdp.o
                                                  ./arduinolib/Ethernet/src/EthernetServer.o
                                                  ./arduinolib/Ethernet/src/EthernetClient.o
                                                  ./arduinolib/Ethernet/src/Ethernet.o
                                                  ./arduinolib/Ethernet/src/Dns.o
                                                  ./arduinolib/Ethernet/src/Dhcp.o
                                                  ./src/main.o
_ZN9IPAddressC1Em                                 C:\Users\tilo\workspace_arduino\ArduinoCoreFiles\328P_16MHz\libArduinoCoreFiles.a(IPAddress.o)
_ZN9IPAddressC1Ev                                 C:\Users\tilo\workspace_arduino\ArduinoCoreFiles\328P_16MHz\libArduinoCoreFiles.a(IPAddress.o)
                                                  ./arduinolib/Ethernet/src/EthernetUdp.o
                                                  ./arduinolib/Ethernet/src/EthernetClient.o
                                                  ./arduinolib/Ethernet/src/Ethernet.o
_ZN9IPAddressC2EPKh                               C:\Users\tilo\workspace_arduino\ArduinoCoreFiles\328P_16MHz\libArduinoCoreFiles.a(IPAddress.o)
_ZN9IPAddressC2Ehhhh                              C:\Users\tilo\workspace_arduino\ArduinoCoreFiles\328P_16MHz\libArduinoCoreFiles.a(IPAddress.o)
_ZN9IPAddressC2Em                                 C:\Users\tilo\workspace_arduino\ArduinoCoreFiles\328P_16MHz\libArduinoCoreFiles.a(IPAddress.o)
_ZN9IPAddressC2Ev                                 C:\Users\tilo\workspace_arduino\ArduinoCoreFiles\328P_16MHz\libArduinoCoreFiles.a(IPAddress.o)
_ZN9IPAddressaSEPKh                               C:\Users\tilo\workspace_arduino\ArduinoCoreFiles\328P_16MHz\libArduinoCoreFiles.a(IPAddress.o)
                                                  ./arduinolib/Ethernet/src/EthernetUdp.o
_ZN9IPAddressaSEm                                 C:\Users\tilo\workspace_arduino\ArduinoCoreFiles\328P_16MHz\libArduinoCoreFiles.a(IPAddress.o)
_ZNK6String10startsWithERKS_                      C:\Users\tilo\workspace_arduino\ArduinoCoreFiles\328P_16MHz\libArduinoCoreFiles.a(WString.o)
_ZNK6String10startsWithERKS_j                     C:\Users\tilo\workspace_arduino\ArduinoCoreFiles\328P_16MHz\libArduinoCoreFiles.a(WString.o)
_ZNK6String11lastIndexOfERKS_                     C:\Users\tilo\workspace_arduino\ArduinoCoreFiles\328P_16MHz\libArduinoCoreFiles.a(WString.o)
_ZNK6String11lastIndexOfERKS_j                    C:\Users\tilo\workspace_arduino\ArduinoCoreFiles\328P_16MHz\libArduinoCoreFiles.a(WString.o)
_ZNK6String11lastIndexOfEc                        C:\Users\tilo\workspace_arduino\ArduinoCoreFiles\328P_16MHz\libArduinoCoreFiles.a(WString.o)
_ZNK6String11lastIndexOfEcj                       C:\Users\tilo\workspace_arduino\ArduinoCoreFiles\328P_16MHz\libArduinoCoreFiles.a(WString.o)
_ZNK6String16equalsIgnoreCaseERKS_                C:\Users\tilo\workspace_arduino\ArduinoCoreFiles\328P_16MHz\libArduinoCoreFiles.a(WString.o)
_ZNK6String5toIntEv                               C:\Users\tilo\workspace_arduino\ArduinoCoreFiles\328P_16MHz\libArduinoCoreFiles.a(WString.o)
_ZNK6String6charAtEj                              C:\Users\tilo\workspace_arduino\ArduinoCoreFiles\328P_16MHz\libArduinoCoreFiles.a(WString.o)
_ZNK6String6equalsEPKc                            C:\Users\tilo\workspace_arduino\ArduinoCoreFiles\328P_16MHz\libArduinoCoreFiles.a(WString.o)
_ZNK6String6equalsERKS_                           C:\Users\tilo\workspace_arduino\ArduinoCoreFiles\328P_16MHz\libArduinoCoreFiles.a(WString.o)
_ZNK6String7indexOfERKS_                          C:\Users\tilo\workspace_arduino\ArduinoCoreFiles\328P_16MHz\libArduinoCoreFiles.a(WString.o)
_ZNK6String7indexOfERKS_j                         C:\Users\tilo\workspace_arduino\ArduinoCoreFiles\328P_16MHz\libArduinoCoreFiles.a(WString.o)
_ZNK6String7indexOfEc                             C:\Users\tilo\workspace_arduino\ArduinoCoreFiles\328P_16MHz\libArduinoCoreFiles.a(WString.o)
_ZNK6String7indexOfEcj                            C:\Users\tilo\workspace_arduino\ArduinoCoreFiles\328P_16MHz\libArduinoCoreFiles.a(WString.o)
_ZNK6String7toFloatEv                             C:\Users\tilo\workspace_arduino\ArduinoCoreFiles\328P_16MHz\libArduinoCoreFiles.a(WString.o)
_ZNK6String8endsWithERKS_                         C:\Users\tilo\workspace_arduino\ArduinoCoreFiles\328P_16MHz\libArduinoCoreFiles.a(WString.o)
_ZNK6String8getBytesEPhjj                         C:\Users\tilo\workspace_arduino\ArduinoCoreFiles\328P_16MHz\libArduinoCoreFiles.a(WString.o)
_ZNK6String8toDoubleEv                            C:\Users\tilo\workspace_arduino\ArduinoCoreFiles\328P_16MHz\libArduinoCoreFiles.a(WString.o)
_ZNK6String9compareToERKS_                        C:\Users\tilo\workspace_arduino\ArduinoCoreFiles\328P_16MHz\libArduinoCoreFiles.a(WString.o)
_ZNK6String9substringEjj                          C:\Users\tilo\workspace_arduino\ArduinoCoreFiles\328P_16MHz\libArduinoCoreFiles.a(WString.o)
_ZNK6StringgeERKS_                                C:\Users\tilo\workspace_arduino\ArduinoCoreFiles\328P_16MHz\libArduinoCoreFiles.a(WString.o)
_ZNK6StringgtERKS_                                C:\Users\tilo\workspace_arduino\ArduinoCoreFiles\328P_16MHz\libArduinoCoreFiles.a(WString.o)
_ZNK6StringixEj                                   C:\Users\tilo\workspace_arduino\ArduinoCoreFiles\328P_16MHz\libArduinoCoreFiles.a(WString.o)
_ZNK6StringleERKS_                                C:\Users\tilo\workspace_arduino\ArduinoCoreFiles\328P_16MHz\libArduinoCoreFiles.a(WString.o)
_ZNK6StringltERKS_                                C:\Users\tilo\workspace_arduino\ArduinoCoreFiles\328P_16MHz\libArduinoCoreFiles.a(WString.o)
_ZNK9IPAddress7printToER5Print                    C:\Users\tilo\workspace_arduino\ArduinoCoreFiles\328P_16MHz\libArduinoCoreFiles.a(IPAddress.o)
_ZNK9IPAddresseqEPKh                              C:\Users\tilo\workspace_arduino\ArduinoCoreFiles\328P_16MHz\libArduinoCoreFiles.a(IPAddress.o)
_ZTV11EthernetUDP                                 ./arduinolib/Ethernet/src/EthernetUdp.o
_ZTV14EthernetClient                              ./arduinolib/Ethernet/src/EthernetClient.o
                                                  ./arduinolib/Ethernet/src/EthernetServer.o
_ZTV14EthernetServer                              ./arduinolib/Ethernet/src/EthernetServer.o
_ZTV14HardwareSerial                              C:\Users\tilo\workspace_arduino\ArduinoCoreFiles\328P_16MHz\libArduinoCoreFiles.a(HardwareSerial.o)
                                                  C:\Users\tilo\workspace_arduino\ArduinoCoreFiles\328P_16MHz\libArduinoCoreFiles.a(HardwareSerial0.o)
_ZTV5Print                                        C:\Users\tilo\workspace_arduino\ArduinoCoreFiles\328P_16MHz\libArduinoCoreFiles.a(Print.o)
_ZTV9IPAddress                                    C:\Users\tilo\workspace_arduino\ArduinoCoreFiles\328P_16MHz\libArduinoCoreFiles.a(IPAddress.o)
                                                  ./arduinolib/Ethernet/src/EthernetUdp.o
                                                  ./arduinolib/Ethernet/src/EthernetClient.o
                                                  ./arduinolib/Ethernet/src/Ethernet.o
                                                  ./arduinolib/Ethernet/src/Dns.o
                                                  ./arduinolib/Ethernet/src/Dhcp.o
_ZplRK15StringSumHelperPK19__FlashStringHelper    C:\Users\tilo\workspace_arduino\ArduinoCoreFiles\328P_16MHz\libArduinoCoreFiles.a(WString.o)
_ZplRK15StringSumHelperPKc                        C:\Users\tilo\workspace_arduino\ArduinoCoreFiles\328P_16MHz\libArduinoCoreFiles.a(WString.o)
                                                  ./src/main.o
_ZplRK15StringSumHelperRK6String                  C:\Users\tilo\workspace_arduino\ArduinoCoreFiles\328P_16MHz\libArduinoCoreFiles.a(WString.o)
_ZplRK15StringSumHelperc                          C:\Users\tilo\workspace_arduino\ArduinoCoreFiles\328P_16MHz\libArduinoCoreFiles.a(WString.o)
_ZplRK15StringSumHelperd                          C:\Users\tilo\workspace_arduino\ArduinoCoreFiles\328P_16MHz\libArduinoCoreFiles.a(WString.o)
_ZplRK15StringSumHelperf                          C:\Users\tilo\workspace_arduino\ArduinoCoreFiles\328P_16MHz\libArduinoCoreFiles.a(WString.o)
_ZplRK15StringSumHelperh                          C:\Users\tilo\workspace_arduino\ArduinoCoreFiles\328P_16MHz\libArduinoCoreFiles.a(WString.o)
_ZplRK15StringSumHelperi                          C:\Users\tilo\workspace_arduino\ArduinoCoreFiles\328P_16MHz\libArduinoCoreFiles.a(WString.o)
_ZplRK15StringSumHelperj                          C:\Users\tilo\workspace_arduino\ArduinoCoreFiles\328P_16MHz\libArduinoCoreFiles.a(WString.o)
_ZplRK15StringSumHelperl                          C:\Users\tilo\workspace_arduino\ArduinoCoreFiles\328P_16MHz\libArduinoCoreFiles.a(WString.o)
_ZplRK15StringSumHelperm                          C:\Users\tilo\workspace_arduino\ArduinoCoreFiles\328P_16MHz\libArduinoCoreFiles.a(WString.o)
__FUSE_REGION_LENGTH__                            c:/program files (x86)/arduino/hardware/tools/avr/bin/../lib/gcc/avr/4.9.2/../../../../avr/lib/avr5/crtatmega328p.o
__addsf3                                          c:/program files (x86)/arduino/hardware/tools/avr/bin/../lib/gcc/avr/4.9.2/../../../../avr/lib/avr5\libm.a(addsf3.o)
                                                  C:\Users\tilo\workspace_arduino\ArduinoCoreFiles\328P_16MHz\libArduinoCoreFiles.a(Print.o)
__addsf3x                                         c:/program files (x86)/arduino/hardware/tools/avr/bin/../lib/gcc/avr/4.9.2/../../../../avr/lib/avr5\libm.a(addsf3x.o)
                                                  c:/program files (x86)/arduino/hardware/tools/avr/bin/../lib/gcc/avr/4.9.2/../../../../avr/lib/avr5\libm.a(addsf3.o)